Archive member included to satisfy reference by file (symbol)

C:\Users\Bogdan\mrs_community_workspace3\CH32V307ModbusTCP\NetLib\libwchnet.a(eth_api.o)
                              ./NetLib/eth_driver_10M.o (WCHNET_PeriodicHandle)
C:\Users\Bogdan\mrs_community_workspace3\CH32V307ModbusTCP\NetLib\libwchnet.a(ipcheck.o)
                              C:\Users\Bogdan\mrs_community_workspace3\CH32V307ModbusTCP\NetLib\libwchnet.a(eth_api.o) (IPCheckParaInit)
C:\Users\Bogdan\mrs_community_workspace3\CH32V307ModbusTCP\NetLib\libwchnet.a(net_dhcp.o)
                              C:\Users\Bogdan\mrs_community_workspace3\CH32V307ModbusTCP\NetLib\libwchnet.a(eth_api.o) (DHCPCtrl)
C:\Users\Bogdan\mrs_community_workspace3\CH32V307ModbusTCP\NetLib\libwchnet.a(net_dns.o)
                              C:\Users\Bogdan\mrs_community_workspace3\CH32V307ModbusTCP\NetLib\libwchnet.a(eth_api.o) (DNSInf)
C:\Users\Bogdan\mrs_community_workspace3\CH32V307ModbusTCP\NetLib\libwchnet.a(socket.o)
                              C:\Users\Bogdan\mrs_community_workspace3\CH32V307ModbusTCP\NetLib\libwchnet.a(net_dhcp.o) (ErrorEncode)
C:\Users\Bogdan\mrs_community_workspace3\CH32V307ModbusTCP\NetLib\libwchnet.a(etharp.o)
                              C:\Users\Bogdan\mrs_community_workspace3\CH32V307ModbusTCP\NetLib\libwchnet.a(eth_api.o) (etharp_tmr)
C:\Users\Bogdan\mrs_community_workspace3\CH32V307ModbusTCP\NetLib\libwchnet.a(ethernetif.o)
                              C:\Users\Bogdan\mrs_community_workspace3\CH32V307ModbusTCP\NetLib\libwchnet.a(eth_api.o) (ethernetif_input)
C:\Users\Bogdan\mrs_community_workspace3\CH32V307ModbusTCP\NetLib\libwchnet.a(inet.o)
                              C:\Users\Bogdan\mrs_community_workspace3\CH32V307ModbusTCP\NetLib\libwchnet.a(socket.o) (inet_ntoa)
C:\Users\Bogdan\mrs_community_workspace3\CH32V307ModbusTCP\NetLib\libwchnet.a(ip.o)
                              C:\Users\Bogdan\mrs_community_workspace3\CH32V307ModbusTCP\NetLib\libwchnet.a(etharp.o) (ip_input)
C:\Users\Bogdan\mrs_community_workspace3\CH32V307ModbusTCP\NetLib\libwchnet.a(ip_addr.o)
                              C:\Users\Bogdan\mrs_community_workspace3\CH32V307ModbusTCP\NetLib\libwchnet.a(socket.o) (ip_addr_isbroadcast)
C:\Users\Bogdan\mrs_community_workspace3\CH32V307ModbusTCP\NetLib\libwchnet.a(ip_frag.o)
                              C:\Users\Bogdan\mrs_community_workspace3\CH32V307ModbusTCP\NetLib\libwchnet.a(eth_api.o) (ip_reass_tmr)
C:\Users\Bogdan\mrs_community_workspace3\CH32V307ModbusTCP\NetLib\libwchnet.a(dhcp.o)
                              C:\Users\Bogdan\mrs_community_workspace3\CH32V307ModbusTCP\NetLib\libwchnet.a(net_dhcp.o) (dhcp_arp_reply)
C:\Users\Bogdan\mrs_community_workspace3\CH32V307ModbusTCP\NetLib\libwchnet.a(dns.o)
                              C:\Users\Bogdan\mrs_community_workspace3\CH32V307ModbusTCP\NetLib\libwchnet.a(dhcp.o) (dns_setserver)
C:\Users\Bogdan\mrs_community_workspace3\CH32V307ModbusTCP\NetLib\libwchnet.a(init.o)
                              C:\Users\Bogdan\mrs_community_workspace3\CH32V307ModbusTCP\NetLib\libwchnet.a(ethernetif.o) (lwip_init)
C:\Users\Bogdan\mrs_community_workspace3\CH32V307ModbusTCP\NetLib\libwchnet.a(mem.o)
                              C:\Users\Bogdan\mrs_community_workspace3\CH32V307ModbusTCP\NetLib\libwchnet.a(init.o) (mem_init)
C:\Users\Bogdan\mrs_community_workspace3\CH32V307ModbusTCP\NetLib\libwchnet.a(memp.o)
                              C:\Users\Bogdan\mrs_community_workspace3\CH32V307ModbusTCP\NetLib\libwchnet.a(init.o) (memp_init)
C:\Users\Bogdan\mrs_community_workspace3\CH32V307ModbusTCP\NetLib\libwchnet.a(netif.o)
                              C:\Users\Bogdan\mrs_community_workspace3\CH32V307ModbusTCP\NetLib\libwchnet.a(dhcp.o) (netif_set_ipaddr)
C:\Users\Bogdan\mrs_community_workspace3\CH32V307ModbusTCP\NetLib\libwchnet.a(pbuf.o)
                              C:\Users\Bogdan\mrs_community_workspace3\CH32V307ModbusTCP\NetLib\libwchnet.a(socket.o) (pbuf_header)
C:\Users\Bogdan\mrs_community_workspace3\CH32V307ModbusTCP\NetLib\libwchnet.a(raw.o)
                              C:\Users\Bogdan\mrs_community_workspace3\CH32V307ModbusTCP\NetLib\libwchnet.a(ip.o) (raw_input)
C:\Users\Bogdan\mrs_community_workspace3\CH32V307ModbusTCP\NetLib\libwchnet.a(tcp.o)
                              C:\Users\Bogdan\mrs_community_workspace3\CH32V307ModbusTCP\NetLib\libwchnet.a(socket.o) (tcp_bind)
C:\Users\Bogdan\mrs_community_workspace3\CH32V307ModbusTCP\NetLib\libwchnet.a(tcp_in.o)
                              C:\Users\Bogdan\mrs_community_workspace3\CH32V307ModbusTCP\NetLib\libwchnet.a(ip.o) (tcp_input)
C:\Users\Bogdan\mrs_community_workspace3\CH32V307ModbusTCP\NetLib\libwchnet.a(tcp_out.o)
                              C:\Users\Bogdan\mrs_community_workspace3\CH32V307ModbusTCP\NetLib\libwchnet.a(tcp.o) (tcp_enqueue)
C:\Users\Bogdan\mrs_community_workspace3\CH32V307ModbusTCP\NetLib\libwchnet.a(udp.o)
[...]
Memory Configuration

Name             Origin             Length             Attributes
FLASH            0x0000000000000000 0x0000000000030000 xr
RAM              0x0000000020000000 0x0000000000020000 xrw
*default*        0x0000000000000000 0xffffffffffffffff

Linker script and memory map

LOAD ./User/ch32v30x_it.o
LOAD ./User/main.o
LOAD ./User/system_ch32v30x.o
LOAD ./Startup/startup_ch32v30x_D8C.o
LOAD ./Peripheral/src/ch32v30x_adc.o
LOAD ./Peripheral/src/ch32v30x_bkp.o
LOAD ./Peripheral/src/ch32v30x_can.o
LOAD ./Peripheral/src/ch32v30x_crc.o
LOAD ./Peripheral/src/ch32v30x_dac.o
LOAD ./Peripheral/src/ch32v30x_dbgmcu.o
LOAD ./Peripheral/src/ch32v30x_dma.o
LOAD ./Peripheral/src/ch32v30x_dvp.o
LOAD ./Peripheral/src/ch32v30x_eth.o
LOAD ./Peripheral/src/ch32v30x_exti.o
LOAD ./Peripheral/src/ch32v30x_flash.o
LOAD ./Peripheral/src/ch32v30x_fsmc.o
LOAD ./Peripheral/src/ch32v30x_gpio.o
LOAD ./Peripheral/src/ch32v30x_i2c.o
LOAD ./Peripheral/src/ch32v30x_iwdg.o
LOAD ./Peripheral/src/ch32v30x_misc.o
LOAD ./Peripheral/src/ch32v30x_opa.o
LOAD ./Peripheral/src/ch32v30x_pwr.o
LOAD ./Peripheral/src/ch32v30x_rcc.o
LOAD ./Peripheral/src/ch32v30x_rng.o
LOAD ./Peripheral/src/ch32v30x_rtc.o
LOAD ./Peripheral/src/ch32v30x_sdio.o
LOAD ./Peripheral/src/ch32v30x_spi.o
LOAD ./Peripheral/src/ch32v30x_tim.o
LOAD ./Peripheral/src/ch32v30x_usart.o
LOAD ./Peripheral/src/ch32v30x_wwdg.o
LOAD ./NetLib/eth_driver_10M.o
LOAD ./Modbus/ModbusTCP.o
LOAD ./Debug/debug.o
LOAD ./Core/core_riscv.o
LOAD c:/mounriver/mrs_community/toolchain/risc-v embedded gcc/bin/../lib/gcc/riscv-none-embed/8.2.0/../../../../riscv-none-embed/lib/rv32imac/ilp32\libm.a
LOAD C:\Users\Bogdan\mrs_community_workspace3\CH32V307ModbusTCP\NetLib\libwchnet.a
LOAD c:/mounriver/mrs_community/toolchain/risc-v embedded gcc/bin/../lib/gcc/riscv-none-embed/8.2.0/rv32imac/ilp32\libgcc.a
LOAD c:/mounriver/mrs_community/toolchain/risc-v embedded gcc/bin/../lib/gcc/riscv-none-embed/8.2.0/../../../../riscv-none-embed/lib/rv32imac/ilp32\libg_nano.a
LOAD c:/mounriver/mrs_community/toolchain/risc-v embedded gcc/bin/../lib/gcc/riscv-none-embed/8.2.0/../../../../riscv-none-embed/lib/rv32imac/ilp32\libc_nano.a
LOAD c:/mounriver/mrs_community/toolchain/risc-v embedded gcc/bin/../lib/gcc/riscv-none-embed/8.2.0/rv32imac/ilp32\libgcc.a
START GROUP
LOAD c:/mounriver/mrs_community/toolchain/risc-v embedded gcc/bin/../lib/gcc/riscv-none-embed/8.2.0/rv32imac/ilp32\libgcc.a
LOAD c:/mounriver/mrs_community/toolchain/risc-v embedded gcc/bin/../lib/gcc/riscv-none-embed/8.2.0/../../../../riscv-none-embed/lib/rv32imac/ilp32\libc_nano.a
LOAD c:/mounriver/mrs_community/toolchain/risc-v embedded gcc/bin/../lib/gcc/riscv-none-embed/8.2.0/../../../../riscv-none-embed/lib/rv32imac/ilp32\libnosys.a
END GROUP
START GROUP
LOAD c:/mounriver/mrs_community/toolchain/risc-v embedded gcc/bin/../lib/gcc/riscv-none-embed/8.2.0/rv32imac/ilp32\libgcc.a
LOAD c:/mounriver/mrs_community/toolchain/risc-v embedded gcc/bin/../lib/gcc/riscv-none-embed/8.2.0/../../../../riscv-none-embed/lib/rv32imac/ilp32\libc_nano.a
LOAD c:/mounriver/mrs_community/toolchain/risc-v embedded gcc/bin/../lib/gcc/riscv-none-embed/8.2.0/../../../../riscv-none-embed/lib/rv32imac/ilp32\libnosys.a
END GROUP
                0x0000000000000800                __stack_size = 0x800
                [!provide]                        PROVIDE (_stack_size = __stack_size)

.init           0x0000000000000000        0x4
                0x0000000000000000                _sinit = .
                0x0000000000000000                . = ALIGN (0x4)
 *(SORT_NONE(.init))
 .init          0x0000000000000000        0x4 ./Startup/startup_ch32v30x_D8C.o
                0x0000000000000000                _start
                0x0000000000000004                . = ALIGN (0x4)
                0x0000000000000004                _einit = .

.vector         0x0000000000000004      0x1bc
 *(.vector)
 .vector        0x0000000000000004      0x1a0 ./Startup/startup_ch32v30x_D8C.o
                0x00000000000001c0                . = ALIGN (0x40)
 *fill*         0x00000000000001a4       0x1c 

.text           0x00000000000001c0     0xa92c
                0x00000000000001c0                . = ALIGN (0x4)
 *(.text)
 .text          0x00000000000001c0       0x60 c:/mounriver/mrs_community/toolchain/risc-v embedded gcc/bin/../lib/gcc/riscv-none-embed/8.2.0/rv32imac/ilp32\libgcc.a(save-restore.o)
                0x00000000000001c0                __riscv_save_12
                0x00000000000001c8                __riscv_save_9
                0x00000000000001c8                __riscv_save_11
                0x00000000000001c8                __riscv_save_10
                0x00000000000001c8                __riscv_save_8
                0x00000000000001d6                __riscv_save_4
                0x00000000000001d6                __riscv_save_6
                0x00000000000001d6                __riscv_save_5
                0x00000000000001d6                __riscv_save_7
                0x00000000000001f0                __riscv_save_3
                0x00000000000001f0                __riscv_save_2
                0x00000000000001f0                __riscv_save_1
                0x00000000000001f0                __riscv_save_0
                0x00000000000001fc                __riscv_restore_12
                0x0000000000000200                __riscv_restore_11
                0x0000000000000200                __riscv_restore_9
                0x0000000000000200                __riscv_restore_10
                0x0000000000000200                __riscv_restore_8
                0x000000000000020a                __riscv_restore_5
                0x000000000000020a                __riscv_restore_7
                0x000000000000020a                __riscv_restore_6
                0x000000000000020a                __riscv_restore_4
                0x0000000000000214                __riscv_restore_3
                0x0000000000000214                __riscv_restore_0
                0x0000000000000214                __riscv_restore_2
                0x0000000000000214                __riscv_restore_1
 .text          0x0000000000000220       0xa8 c:/mounriver/mrs_community/toolchain/risc-v embedded gcc/bin/../lib/gcc/riscv-none-embed/8.2.0/../../../../riscv-none-embed/lib/rv32imac/ilp32\libg_nano.a(lib_a-memset.o)
                0x0000000000000220                memset
 *(.text.*)
 .text.NMI_Handler
                0x00000000000002c8        0x2 ./User/ch32v30x_it.o
                0x00000000000002c8                NMI_Handler
 .text.HardFault_Handler
                0x00000000000002ca       0x44 ./User/ch32v30x_it.o
                0x00000000000002ca                HardFault_Handler
 .text.EXTI9_5_IRQHandler
                0x000000000000030e       0x54 ./User/ch32v30x_it.o
                0x000000000000030e                EXTI9_5_IRQHandler
 .text.ETH_IRQHandler
                0x0000000000000362        0x8 ./User/ch32v30x_it.o
                0x0000000000000362                ETH_IRQHandler
 .text.TIM2_IRQHandler
                0x000000000000036a       0x14 ./User/ch32v30x_it.o
                0x000000000000036a                TIM2_IRQHandler
 .text.EXTI3_IRQHandler
                0x000000000000037e       0x1e ./User/ch32v30x_it.o
                0x000000000000037e                EXTI3_IRQHandler
 .text.SysTick_Handler
                0x000000000000039c       0x24 ./User/ch32v30x_it.o
                0x000000000000039c                SysTick_Handler
 .text.SysTick_Config
                0x00000000000003c0       0x2a ./User/main.o
                0x00000000000003c0                SysTick_Config
 .text.mStopIfError
                0x00000000000003ea       0x18 ./User/main.o
                0x00000000000003ea                mStopIfError
 .text.TIM2_Init
                0x0000000000000402       0x6e ./User/main.o
                0x0000000000000402                TIM2_Init
 .text.WCHNET_CreateMODBUSSocket
                0x0000000000000470       0x4c ./User/main.o
                0x0000000000000470                WCHNET_CreateMODBUSSocket
 .text.WCHNET_HandleSockInt
                0x00000000000004bc       0xbc ./User/main.o
                0x00000000000004bc                WCHNET_HandleSockInt
 .text.WCHNET_HandleGlobalInt
                0x0000000000000578       0x90 ./User/main.o
                0x0000000000000578                WCHNET_HandleGlobalInt
 .text.GPIOInit
                0x0000000000000608       0x4a ./User/main.o
                0x0000000000000608                GPIOInit
 .text.startup.main
                0x0000000000000652      0x11e ./User/main.o
                0x0000000000000652                main
 .text.SystemInit
                0x0000000000000770       0xfa ./User/system_ch32v30x.o
                0x0000000000000770                SystemInit
 .text.SystemCoreClockUpdate
                0x000000000000086a      0x12c ./User/system_ch32v30x.o
                0x000000000000086a                SystemCoreClockUpdate
 .text.vector_handler
                0x0000000000000996        0x2 ./Startup/startup_ch32v30x_D8C.o
                0x0000000000000996                EXTI2_IRQHandler
                0x0000000000000996                TIM8_TRG_COM_IRQHandler
                0x0000000000000996                TIM8_CC_IRQHandler
                0x0000000000000996                UART8_IRQHandler
                0x0000000000000996                TIM1_CC_IRQHandler
                0x0000000000000996                TIM6_IRQHandler
                0x0000000000000996                PVD_IRQHandler
                0x0000000000000996                SDIO_IRQHandler
                0x0000000000000996                TIM9_BRK_IRQHandler
                0x0000000000000996                DMA2_Channel8_IRQHandler
                0x0000000000000996                CAN2_RX1_IRQHandler
                0x0000000000000996                USBHS_IRQHandler
                0x0000000000000996                DMA2_Channel9_IRQHandler
                0x0000000000000996                TIM10_CC_IRQHandler
                0x0000000000000996                USBFS_IRQHandler
                0x0000000000000996                EXTI0_IRQHandler
                0x0000000000000996                I2C2_EV_IRQHandler
                0x0000000000000996                TIM10_TRG_COM_IRQHandler
                0x0000000000000996                CAN2_SCE_IRQHandler
                0x0000000000000996                ADC1_2_IRQHandler
                0x0000000000000996                Break_Point_Handler
                0x0000000000000996                SPI1_IRQHandler
                0x0000000000000996                TAMPER_IRQHandler
                0x0000000000000996                CAN2_RX0_IRQHandler
                0x0000000000000996                TIM8_UP_IRQHandler
                0x0000000000000996                Ecall_M_Mode_Handler
                0x0000000000000996                DMA2_Channel2_IRQHandler
                0x0000000000000996                DMA1_Channel4_IRQHandler
                0x0000000000000996                TIM9_UP_IRQHandler
                0x0000000000000996                USART3_IRQHandler
                0x0000000000000996                RTC_IRQHandler
                0x0000000000000996                DMA1_Channel7_IRQHandler
                0x0000000000000996                CAN1_RX1_IRQHandler
                0x0000000000000996                DVP_IRQHandler
                0x0000000000000996                UART5_IRQHandler
                0x0000000000000996                TIM4_IRQHandler
                0x0000000000000996                DMA2_Channel1_IRQHandler
                0x0000000000000996                I2C1_EV_IRQHandler
                0x0000000000000996                DMA1_Channel6_IRQHandler
                0x0000000000000996                UART4_IRQHandler
                0x0000000000000996                DMA2_Channel4_IRQHandler
                0x0000000000000996                TIM3_IRQHandler
                0x0000000000000996                RCC_IRQHandler
                0x0000000000000996                TIM1_TRG_COM_IRQHandler
                0x0000000000000996                DMA1_Channel1_IRQHandler
                0x0000000000000996                DMA2_Channel7_IRQHandler
                0x0000000000000996                EXTI15_10_IRQHandler
                0x0000000000000996                TIM7_IRQHandler
                0x0000000000000996                CAN2_TX_IRQHandler
                0x0000000000000996                TIM5_IRQHandler
                0x0000000000000996                ETH_WKUP_IRQHandler
                0x0000000000000996                SPI2_IRQHandler
                0x0000000000000996                TIM10_BRK_IRQHandler
                0x0000000000000996                TIM9_CC_IRQHandler
                0x0000000000000996                DMA2_Channel5_IRQHandler
                0x0000000000000996                DMA1_Channel5_IRQHandler
                0x0000000000000996                EXTI4_IRQHandler
                0x0000000000000996                USB_LP_CAN1_RX0_IRQHandler
                0x0000000000000996                RNG_IRQHandler
                0x0000000000000996                USB_HP_CAN1_TX_IRQHandler
                0x0000000000000996                DMA1_Channel3_IRQHandler
                0x0000000000000996                TIM1_UP_IRQHandler
                0x0000000000000996                WWDG_IRQHandler
                0x0000000000000996                USBHSWakeup_IRQHandler
                0x0000000000000996                DMA2_Channel11_IRQHandler
                0x0000000000000996                Ecall_U_Mode_Handler
                0x0000000000000996                DMA2_Channel6_IRQHandler
                0x0000000000000996                SW_Handler
                0x0000000000000996                TIM1_BRK_IRQHandler
                0x0000000000000996                DMA2_Channel10_IRQHandler
                0x0000000000000996                EXTI1_IRQHandler
                0x0000000000000996                RTCAlarm_IRQHandler
                0x0000000000000996                TIM10_UP_IRQHandler
                0x0000000000000996                TIM9_TRG_COM_IRQHandler
                0x0000000000000996                UART7_IRQHandler
                0x0000000000000996                USART2_IRQHandler
                0x0000000000000996                UART6_IRQHandler
                0x0000000000000996                I2C2_ER_IRQHandler
                0x0000000000000996                DMA1_Channel2_IRQHandler
                0x0000000000000996                TIM8_BRK_IRQHandler
                0x0000000000000996                CAN1_SCE_IRQHandler
                0x0000000000000996                FLASH_IRQHandler
                0x0000000000000996                USART1_IRQHandler
                0x0000000000000996                SPI3_IRQHandler
                0x0000000000000996                I2C1_ER_IRQHandler
                0x0000000000000996                USBWakeUp_IRQHandler
                0x0000000000000996                DMA2_Channel3_IRQHandler
 .text.handle_reset
                0x0000000000000998       0x8e ./Startup/startup_ch32v30x_D8C.o
                0x0000000000000998                handle_reset
 .text.DBGMCU_GetCHIPID
                0x0000000000000a26        0xa ./Peripheral/src/ch32v30x_dbgmcu.o
                0x0000000000000a26                DBGMCU_GetCHIPID
 .text.ETH_DeInit
                0x0000000000000a30       0x14 ./Peripheral/src/ch32v30x_eth.o
                0x0000000000000a30                ETH_DeInit
 .text.ETH_StructInit
                0x0000000000000a44       0xd8 ./Peripheral/src/ch32v30x_eth.o
                0x0000000000000a44                ETH_StructInit
 .text.ETH_ReadPHYRegister
                0x0000000000000b1c       0x58 ./Peripheral/src/ch32v30x_eth.o
                0x0000000000000b1c                ETH_ReadPHYRegister
 .text.ETH_WritePHYRegister
                0x0000000000000b74       0x52 ./Peripheral/src/ch32v30x_eth.o
                0x0000000000000b74                ETH_WritePHYRegister
 .text.ETH_DMATxDescChainInit
                0x0000000000000bc6       0x42 ./Peripheral/src/ch32v30x_eth.o
                0x0000000000000bc6                ETH_DMATxDescChainInit
 .text.ETH_DMARxDescChainInit
                0x0000000000000c08       0x4c ./Peripheral/src/ch32v30x_eth.o
                0x0000000000000c08                ETH_DMARxDescChainInit
 .text.ETH_SoftwareReset
                0x0000000000000c54        0xe ./Peripheral/src/ch32v30x_eth.o
                0x0000000000000c54                ETH_SoftwareReset
 .text.ETH_DMAClearITPendingBit
                0x0000000000000c62        0x8 ./Peripheral/src/ch32v30x_eth.o
                0x0000000000000c62                ETH_DMAClearITPendingBit
 .text.ETH_FlushTransmitFIFO
                0x0000000000000c6a       0x10 ./Peripheral/src/ch32v30x_eth.o
                0x0000000000000c6a                ETH_FlushTransmitFIFO
 .text.ETH_Start
                0x0000000000000c7a       0x32 ./Peripheral/src/ch32v30x_eth.o
                0x0000000000000c7a                ETH_Start
 .text.ETH_DMAITConfig
                0x0000000000000cac       0x1e ./Peripheral/src/ch32v30x_eth.o
                0x0000000000000cac                ETH_DMAITConfig
 .text.EXTI_GetITStatus
                0x0000000000000cca       0x1e ./Peripheral/src/ch32v30x_exti.o
                0x0000000000000cca                EXTI_GetITStatus
 .text.EXTI_ClearITPendingBit
                0x0000000000000ce8        0xa ./Peripheral/src/ch32v30x_exti.o
                0x0000000000000ce8                EXTI_ClearITPendingBit
 .text.GPIO_Init
                0x0000000000000cf2       0xc2 ./Peripheral/src/ch32v30x_gpio.o
                0x0000000000000cf2                GPIO_Init
 .text.GPIO_SetBits
                0x0000000000000db4        0x4 ./Peripheral/src/ch32v30x_gpio.o
                0x0000000000000db4                GPIO_SetBits
 .text.GPIO_ResetBits
                0x0000000000000db8        0x4 ./Peripheral/src/ch32v30x_gpio.o
                0x0000000000000db8                GPIO_ResetBits
 .text.RCC_GetClocksFreq
                0x0000000000000dbc      0x17e ./Peripheral/src/ch32v30x_rcc.o
                0x0000000000000dbc                RCC_GetClocksFreq
 .text.RCC_AHBPeriphClockCmd
                0x0000000000000f3a       0x1e ./Peripheral/src/ch32v30x_rcc.o
                0x0000000000000f3a                RCC_AHBPeriphClockCmd
 .text.RCC_APB2PeriphClockCmd
                0x0000000000000f58       0x1e ./Peripheral/src/ch32v30x_rcc.o
                0x0000000000000f58                RCC_APB2PeriphClockCmd
 .text.RCC_APB1PeriphClockCmd
                0x0000000000000f76       0x1e ./Peripheral/src/ch32v30x_rcc.o
                0x0000000000000f76                RCC_APB1PeriphClockCmd
 .text.RCC_GetFlagStatus
                0x0000000000000f94       0x2e ./Peripheral/src/ch32v30x_rcc.o
                0x0000000000000f94                RCC_GetFlagStatus
 .text.RCC_PREDIV2Config
                0x0000000000000fc2       0x10 ./Peripheral/src/ch32v30x_rcc.o
                0x0000000000000fc2                RCC_PREDIV2Config
 .text.RCC_PLL3Config
                0x0000000000000fd2       0x12 ./Peripheral/src/ch32v30x_rcc.o
                0x0000000000000fd2                RCC_PLL3Config
 .text.RCC_PLL3Cmd
                0x0000000000000fe4       0x24 ./Peripheral/src/ch32v30x_rcc.o
                0x0000000000000fe4                RCC_PLL3Cmd
 .text.RCC_AHBPeriphResetCmd
                0x0000000000001008       0x1e ./Peripheral/src/ch32v30x_rcc.o
                0x0000000000001008                RCC_AHBPeriphResetCmd
 .text.TIM_TimeBaseInit
                0x0000000000001026       0xc0 ./Peripheral/src/ch32v30x_tim.o
                0x0000000000001026                TIM_TimeBaseInit
 .text.TIM_Cmd  0x00000000000010e6       0x1c ./Peripheral/src/ch32v30x_tim.o
                0x00000000000010e6                TIM_Cmd
 .text.TIM_ITConfig
                0x0000000000001102       0x16 ./Peripheral/src/ch32v30x_tim.o
                0x0000000000001102                TIM_ITConfig
 .text.TIM_ClearITPendingBit
                0x0000000000001118        0xe ./Peripheral/src/ch32v30x_tim.o
                0x0000000000001118                TIM_ClearITPendingBit
 .text.USART_Init
                0x0000000000001126       0xa6 ./Peripheral/src/ch32v30x_usart.o
                0x0000000000001126                USART_Init
 .text.USART_Cmd
                0x00000000000011cc       0x1c ./Peripheral/src/ch32v30x_usart.o
                0x00000000000011cc                USART_Cmd
 .text.USART_SendData
                0x00000000000011e8        0xa ./Peripheral/src/ch32v30x_usart.o
                0x00000000000011e8                USART_SendData
 .text.USART_GetFlagStatus
                0x00000000000011f2        0xc ./Peripheral/src/ch32v30x_usart.o
                0x00000000000011f2                USART_GetFlagStatus
 .text.ETH_TxPktChainMode
                0x00000000000011fe       0x40 ./NetLib/eth_driver_10M.o
                0x00000000000011fe                ETH_TxPktChainMode
 .text.ETH_LedDataSet
                0x000000000000123e       0x1e ./NetLib/eth_driver_10M.o
                0x000000000000123e                ETH_LedDataSet
 .text.ETH_LedLinkSet
                0x000000000000125c       0x1e ./NetLib/eth_driver_10M.o
                0x000000000000125c                ETH_LedLinkSet
 .text.WCHNET_GetMacAddr
                0x000000000000127a       0x24 ./NetLib/eth_driver_10M.o
                0x000000000000127a                WCHNET_GetMacAddr
 .text.WCHNET_TimeIsr
                0x000000000000129e        0xc ./NetLib/eth_driver_10M.o
                0x000000000000129e                WCHNET_TimeIsr
 .text.WCHNET_PhyPNProcess
                0x00000000000012aa       0xaa ./NetLib/eth_driver_10M.o
                0x00000000000012aa                WCHNET_PhyPNProcess
 .text.WCHNET_LinkProcess
                0x0000000000001354      0x37c ./NetLib/eth_driver_10M.o
                0x0000000000001354                WCHNET_LinkProcess
 .text.WCHNET_HandlePhyNegotiation
                0x00000000000016d0      0x1a4 ./NetLib/eth_driver_10M.o
                0x00000000000016d0                WCHNET_HandlePhyNegotiation
 .text.ETH_LedConfiguration
                0x0000000000001874       0x46 ./NetLib/eth_driver_10M.o
                0x0000000000001874                ETH_LedConfiguration
 .text.ETH_SetClock
                0x00000000000018ba       0x2a ./NetLib/eth_driver_10M.o
                0x00000000000018ba                ETH_SetClock
 .text.ETH_LinkUpCfg
                0x00000000000018e4       0x56 ./NetLib/eth_driver_10M.o
                0x00000000000018e4                ETH_LinkUpCfg
 .text.ETH_PHYLink
                0x000000000000193a       0xf2 ./NetLib/eth_driver_10M.o
                0x000000000000193a                ETH_PHYLink
 .text.ReInitMACReg
                0x0000000000001a2c      0x27c ./NetLib/eth_driver_10M.o
                0x0000000000001a2c                ReInitMACReg
 .text.WCHNET_RecProcess
                0x0000000000001ca8       0x2a ./NetLib/eth_driver_10M.o
                0x0000000000001ca8                WCHNET_RecProcess
 .text.WCHNET_MainTask
                0x0000000000001cd2       0x16 ./NetLib/eth_driver_10M.o
                0x0000000000001cd2                WCHNET_MainTask
 .text.ETH_RegInit
                0x0000000000001ce8       0xda ./NetLib/eth_driver_10M.o
                0x0000000000001ce8                ETH_RegInit
 .text.ETH_Configuration
                0x0000000000001dc2       0xe6 ./NetLib/eth_driver_10M.o
                0x0000000000001dc2                ETH_Configuration
 .text.WCHNET_ETHIsr
                0x0000000000001ea8       0x7e ./NetLib/eth_driver_10M.o
                0x0000000000001ea8                WCHNET_ETHIsr
 .text.ETH_Init
                0x0000000000001f26       0x8e ./NetLib/eth_driver_10M.o
                0x0000000000001f26                ETH_Init
 .text.ETH_LibInit
                0x0000000000001fb4       0x84 ./NetLib/eth_driver_10M.o
                0x0000000000001fb4                ETH_LibInit
 .text.TCP_Exception_RSP
                0x0000000000002038       0x66 ./Modbus/ModbusTCP.o
                0x0000000000002038                TCP_Exception_RSP
 .text.TCP_RSP_01_02
                0x000000000000209e      0x210 ./Modbus/ModbusTCP.o
                0x000000000000209e                TCP_RSP_01_02
 .text.TCP_RSP_03_04
                0x00000000000022ae       0xe4 ./Modbus/ModbusTCP.o
                0x00000000000022ae                TCP_RSP_03_04
 .text.TCP_RSP_05
                0x0000000000002392       0xf8 ./Modbus/ModbusTCP.o
                0x0000000000002392                TCP_RSP_05
 .text.TCP_RSP_06
                0x000000000000248a       0xb2 ./Modbus/ModbusTCP.o
                0x000000000000248a                TCP_RSP_06
 .text.TCP_RSP_0F
                0x000000000000253c      0x178 ./Modbus/ModbusTCP.o
                0x000000000000253c                TCP_RSP_0F
 .text.TCP_RSP_10
                0x00000000000026b4       0xd4 ./Modbus/ModbusTCP.o
                0x00000000000026b4                TCP_RSP_10
 .text.MB_TCP_RSP
                0x0000000000002788       0x6c ./Modbus/ModbusTCP.o
                0x0000000000002788                MB_TCP_RSP
 .text.MB_Parse_Data
                0x00000000000027f4       0xce ./Modbus/ModbusTCP.o
                0x00000000000027f4                MB_Parse_Data
 .text.USART_Printf_Init
                0x00000000000028c2       0x5c ./Debug/debug.o
                0x00000000000028c2                USART_Printf_Init
 .text._write   0x000000000000291e       0x3e ./Debug/debug.o
                0x000000000000291e                _write
 .text._sbrk    0x000000000000295c       0x2a ./Debug/debug.o
                0x000000000000295c                _sbrk
 .text.__get_MEPC
                0x0000000000002986        0x6 ./Core/core_riscv.o
                0x0000000000002986                __get_MEPC
 .text.__get_MCAUSE
                0x000000000000298c        0x6 ./Core/core_riscv.o
                0x000000000000298c                __get_MCAUSE
 .text.__get_MTVAL
                0x0000000000002992        0x6 ./Core/core_riscv.o
                0x0000000000002992                __get_MTVAL
 .text.WCHNET_PeriodicHandle
                0x0000000000002998      0x1b8 C:\Users\Bogdan\mrs_community_workspace3\CH32V307ModbusTCP\NetLib\libwchnet.a(eth_api.o)
                0x0000000000002998                WCHNET_PeriodicHandle
 .text.WCHNET_NetInput
                0x0000000000002b50       0x14 C:\Users\Bogdan\mrs_community_workspace3\CH32V307ModbusTCP\NetLib\libwchnet.a(eth_api.o)
                0x0000000000002b50                WCHNET_NetInput
 .text.WCHNET_PhyStatus
                0x0000000000002b64       0x4e C:\Users\Bogdan\mrs_community_workspace3\CH32V307ModbusTCP\NetLib\libwchnet.a(eth_api.o)
                0x0000000000002b64                WCHNET_PhyStatus
 .text.WCHNET_Rx
                0x0000000000002bb2       0x96 C:\Users\Bogdan\mrs_community_workspace3\CH32V307ModbusTCP\NetLib\libwchnet.a(eth_api.o)
                0x0000000000002bb2                WCHNET_Rx
 .text.setRxBuffAddr
                0x0000000000002c48       0x12 C:\Users\Bogdan\mrs_community_workspace3\CH32V307ModbusTCP\NetLib\libwchnet.a(eth_api.o)
                0x0000000000002c48                setRxBuffAddr
 .text.WCHNET_Tx
                0x0000000000002c5a       0x32 C:\Users\Bogdan\mrs_community_workspace3\CH32V307ModbusTCP\NetLib\libwchnet.a(eth_api.o)
                0x0000000000002c5a                WCHNET_Tx
 .text.GetChipID
                0x0000000000002c8c        0xe C:\Users\Bogdan\mrs_community_workspace3\CH32V307ModbusTCP\NetLib\libwchnet.a(eth_api.o)
                0x0000000000002c8c                GetChipID
 .text.getTxBuffAddr
                0x0000000000002c9a       0x6a C:\Users\Bogdan\mrs_community_workspace3\CH32V307ModbusTCP\NetLib\libwchnet.a(eth_api.o)
                0x0000000000002c9a                getTxBuffAddr
 .text.IPCheckParaInit
                0x0000000000002d04       0x1e C:\Users\Bogdan\mrs_community_workspace3\CH32V307ModbusTCP\NetLib\libwchnet.a(ipcheck.o)
                0x0000000000002d04                IPCheckParaInit
 .text.SelIPARPSend
                0x0000000000002d22       0x38 C:\Users\Bogdan\mrs_community_workspace3\CH32V307ModbusTCP\NetLib\libwchnet.a(ipcheck.o)
                0x0000000000002d22                SelIPARPSend
 .text.IPCheckTmr
                0x0000000000002d5a       0x42 C:\Users\Bogdan\mrs_community_workspace3\CH32V307ModbusTCP\NetLib\libwchnet.a(ipcheck.o)
                0x0000000000002d5a                IPCheckTmr
 .text.IPConflictHandle
                0x0000000000002d9c       0x2e C:\Users\Bogdan\mrs_community_workspace3\CH32V307ModbusTCP\NetLib\libwchnet.a(ipcheck.o)
                0x0000000000002d9c                IPConflictHandle
 .text.NET_TCPError
                0x0000000000002dca        0x2 C:\Users\Bogdan\mrs_community_workspace3\CH32V307ModbusTCP\NetLib\libwchnet.a(socket.o)
                0x0000000000002dca                NET_TCPError
 .text.LwipTCPSendCallBack
                0x0000000000002dcc       0x3e C:\Users\Bogdan\mrs_community_workspace3\CH32V307ModbusTCP\NetLib\libwchnet.a(socket.o)
                0x0000000000002dcc                LwipTCPSendCallBack
 .text.LwipTCPPollCallBack
                0x0000000000002e0a        0x4 C:\Users\Bogdan\mrs_community_workspace3\CH32V307ModbusTCP\NetLib\libwchnet.a(socket.o)
                0x0000000000002e0a                LwipTCPPollCallBack
 .text.SocketIPRAWReceive
                0x0000000000002e0e       0xc0 C:\Users\Bogdan\mrs_community_workspace3\CH32V307ModbusTCP\NetLib\libwchnet.a(socket.o)
                0x0000000000002e0e                SocketIPRAWReceive
 .text.SocketUdpReceive
                0x0000000000002ece       0xd6 C:\Users\Bogdan\mrs_community_workspace3\CH32V307ModbusTCP\NetLib\libwchnet.a(socket.o)
                0x0000000000002ece                SocketUdpReceive
 .text.WCHSocketTCPReceive
                0x0000000000002fa4       0xdc C:\Users\Bogdan\mrs_community_workspace3\CH32V307ModbusTCP\NetLib\libwchnet.a(socket.o)
                0x0000000000002fa4                WCHSocketTCPReceive
 .text.WCHTCPServerAccept
                0x0000000000003080       0xc6 C:\Users\Bogdan\mrs_community_workspace3\CH32V307ModbusTCP\NetLib\libwchnet.a(socket.o)
                0x0000000000003080                WCHTCPServerAccept
 .text.ErrorEncode
                0x0000000000003146       0x1a C:\Users\Bogdan\mrs_community_workspace3\CH32V307ModbusTCP\NetLib\libwchnet.a(socket.o)
                0x0000000000003146                ErrorEncode
 .text.WCHSocketInit
                0x0000000000003160       0x4c C:\Users\Bogdan\mrs_community_workspace3\CH32V307ModbusTCP\NetLib\libwchnet.a(socket.o)
                0x0000000000003160                WCHSocketInit
 .text.WCHNET_Init
                0x00000000000031ac       0xac C:\Users\Bogdan\mrs_community_workspace3\CH32V307ModbusTCP\NetLib\libwchnet.a(socket.o)
                0x00000000000031ac                WCHNET_Init
 .text.WCHNET_ConfigLIB
                0x0000000000003258      0x130 C:\Users\Bogdan\mrs_community_workspace3\CH32V307ModbusTCP\NetLib\libwchnet.a(socket.o)
                0x0000000000003258                WCHNET_ConfigLIB
 .text.WCHNET_GetVer
                0x0000000000003388        0x4 C:\Users\Bogdan\mrs_community_workspace3\CH32V307ModbusTCP\NetLib\libwchnet.a(socket.o)
                0x0000000000003388                WCHNET_GetVer
 .text.WCHFindCorrectTCBPcb
                0x000000000000338c       0x5e C:\Users\Bogdan\mrs_community_workspace3\CH32V307ModbusTCP\NetLib\libwchnet.a(socket.o)
                0x000000000000338c                WCHFindCorrectTCBPcb
 .text.WCHNET_SocketCreat
                0x00000000000033ea      0x1d2 C:\Users\Bogdan\mrs_community_workspace3\CH32V307ModbusTCP\NetLib\libwchnet.a(socket.o)
                0x00000000000033ea                WCHNET_SocketCreat
 .text.tcp_recved_socket
                0x00000000000035bc       0x4a C:\Users\Bogdan\mrs_community_workspace3\CH32V307ModbusTCP\NetLib\libwchnet.a(socket.o)
                0x00000000000035bc                tcp_recved_socket
 .text.WCHNET_ModifyRecvBuf
                0x0000000000003606       0x52 C:\Users\Bogdan\mrs_community_workspace3\CH32V307ModbusTCP\NetLib\libwchnet.a(socket.o)
                0x0000000000003606                WCHNET_ModifyRecvBuf
 .text.WCHNET_SocketRecv
                0x0000000000003658       0xe8 C:\Users\Bogdan\mrs_community_workspace3\CH32V307ModbusTCP\NetLib\libwchnet.a(socket.o)
                0x0000000000003658                WCHNET_SocketRecv
 .text.WCHNET_SocketRecvLen
                0x0000000000003740       0x26 C:\Users\Bogdan\mrs_community_workspace3\CH32V307ModbusTCP\NetLib\libwchnet.a(socket.o)
                0x0000000000003740                WCHNET_SocketRecvLen
 .text.SocketIPRawSend
                0x0000000000003766       0xbe C:\Users\Bogdan\mrs_community_workspace3\CH32V307ModbusTCP\NetLib\libwchnet.a(socket.o)
                0x0000000000003766                SocketIPRawSend
 .text.SocketUdpSend
                0x0000000000003824       0xbe C:\Users\Bogdan\mrs_community_workspace3\CH32V307ModbusTCP\NetLib\libwchnet.a(socket.o)
                0x0000000000003824                SocketUdpSend
 .text.SocketTcpSend
                0x00000000000038e2       0xf0 C:\Users\Bogdan\mrs_community_workspace3\CH32V307ModbusTCP\NetLib\libwchnet.a(socket.o)
                0x00000000000038e2                SocketTcpSend
 .text.WCHNET_SocketSend
                0x00000000000039d2       0x56 C:\Users\Bogdan\mrs_community_workspace3\CH32V307ModbusTCP\NetLib\libwchnet.a(socket.o)
                0x00000000000039d2                WCHNET_SocketSend
 .text.WCHScokedIntHandle
                0x0000000000003a28       0x52 C:\Users\Bogdan\mrs_community_workspace3\CH32V307ModbusTCP\NetLib\libwchnet.a(socket.o)
                0x0000000000003a28                WCHScokedIntHandle
 .text.LwipRemoveTcpPcb
                0x0000000000003a7a       0x9c C:\Users\Bogdan\mrs_community_workspace3\CH32V307ModbusTCP\NetLib\libwchnet.a(socket.o)
                0x0000000000003a7a                LwipRemoveTcpPcb
 .text.WCHNET_QueryGlobalInt
                0x0000000000003b16       0x3e C:\Users\Bogdan\mrs_community_workspace3\CH32V307ModbusTCP\NetLib\libwchnet.a(socket.o)
                0x0000000000003b16                WCHNET_QueryGlobalInt
 .text.WCHNET_GetGlobalInt
                0x0000000000003b54       0x14 C:\Users\Bogdan\mrs_community_workspace3\CH32V307ModbusTCP\NetLib\libwchnet.a(socket.o)
                0x0000000000003b54                WCHNET_GetGlobalInt
 .text.WCHNET_GetSocketInt
                0x0000000000003b68       0x2a C:\Users\Bogdan\mrs_community_workspace3\CH32V307ModbusTCP\NetLib\libwchnet.a(socket.o)
                0x0000000000003b68                WCHNET_GetSocketInt
 .text.WCHNET_GetPHYStatus
                0x0000000000003b92        0xa C:\Users\Bogdan\mrs_community_workspace3\CH32V307ModbusTCP\NetLib\libwchnet.a(socket.o)
                0x0000000000003b92                WCHNET_GetPHYStatus
 .text.WCHNET_SocketListen
                0x0000000000003b9c       0x6e C:\Users\Bogdan\mrs_community_workspace3\CH32V307ModbusTCP\NetLib\libwchnet.a(socket.o)
                0x0000000000003b9c                WCHNET_SocketListen
 .text.QueryPingEnable
                0x0000000000003c0a        0xe C:\Users\Bogdan\mrs_community_workspace3\CH32V307ModbusTCP\NetLib\libwchnet.a(socket.o)
                0x0000000000003c0a                QueryPingEnable
 .text.LwipUnreachPort
                0x0000000000003c18       0x1a C:\Users\Bogdan\mrs_community_workspace3\CH32V307ModbusTCP\NetLib\libwchnet.a(socket.o)
                0x0000000000003c18                LwipUnreachPort
 .text.LwipArpCheck
                0x0000000000003c32        0xc C:\Users\Bogdan\mrs_community_workspace3\CH32V307ModbusTCP\NetLib\libwchnet.a(socket.o)
                0x0000000000003c32                LwipArpCheck
 .text.find_entry
                0x0000000000003c3e      0x17e C:\Users\Bogdan\mrs_community_workspace3\CH32V307ModbusTCP\NetLib\libwchnet.a(etharp.o)
 .text.update_arp_entry
                0x0000000000003dbc       0xb2 C:\Users\Bogdan\mrs_community_workspace3\CH32V307ModbusTCP\NetLib\libwchnet.a(etharp.o)
 .text.etharp_tmr
                0x0000000000003e6e       0x4e C:\Users\Bogdan\mrs_community_workspace3\CH32V307ModbusTCP\NetLib\libwchnet.a(etharp.o)
                0x0000000000003e6e                etharp_tmr
 .text.etharp_ip_input
                0x0000000000003ebc       0x5a C:\Users\Bogdan\mrs_community_workspace3\CH32V307ModbusTCP\NetLib\libwchnet.a(etharp.o)
                0x0000000000003ebc                etharp_ip_input
 .text.etharp_arp_input
                0x0000000000003f16      0x168 C:\Users\Bogdan\mrs_community_workspace3\CH32V307ModbusTCP\NetLib\libwchnet.a(etharp.o)
                0x0000000000003f16                etharp_arp_input
 .text.etharp_request
                0x000000000000407e       0xce C:\Users\Bogdan\mrs_community_workspace3\CH32V307ModbusTCP\NetLib\libwchnet.a(etharp.o)
                0x000000000000407e                etharp_request
 .text.etharp_query
                0x000000000000414c       0xe2 C:\Users\Bogdan\mrs_community_workspace3\CH32V307ModbusTCP\NetLib\libwchnet.a(etharp.o)
                0x000000000000414c                etharp_query
 .text.etharp_output
                0x000000000000422e      0x134 C:\Users\Bogdan\mrs_community_workspace3\CH32V307ModbusTCP\NetLib\libwchnet.a(etharp.o)
                0x000000000000422e                etharp_output
 .text.ethernet_input
                0x0000000000004362       0x86 C:\Users\Bogdan\mrs_community_workspace3\CH32V307ModbusTCP\NetLib\libwchnet.a(etharp.o)
                0x0000000000004362                ethernet_input
 .text.ethernetif_init
                0x00000000000043e8       0x64 C:\Users\Bogdan\mrs_community_workspace3\CH32V307ModbusTCP\NetLib\libwchnet.a(ethernetif.o)
                0x00000000000043e8                ethernetif_init
 .text.low_level_output
                0x000000000000444c       0x52 C:\Users\Bogdan\mrs_community_workspace3\CH32V307ModbusTCP\NetLib\libwchnet.a(ethernetif.o)
 .text.ethernetif_input
                0x000000000000449e       0x70 C:\Users\Bogdan\mrs_community_workspace3\CH32V307ModbusTCP\NetLib\libwchnet.a(ethernetif.o)
                0x000000000000449e                ethernetif_input
 .text.wch_ethernetif_init
                0x000000000000450e       0x76 C:\Users\Bogdan\mrs_community_workspace3\CH32V307ModbusTCP\NetLib\libwchnet.a(ethernetif.o)
                0x000000000000450e                wch_ethernetif_init
 .text.htons    0x0000000000004584        0xe C:\Users\Bogdan\mrs_community_workspace3\CH32V307ModbusTCP\NetLib\libwchnet.a(inet.o)
                0x0000000000004584                htons
 .text.ntohs    0x0000000000004592        0xe C:\Users\Bogdan\mrs_community_workspace3\CH32V307ModbusTCP\NetLib\libwchnet.a(inet.o)
                0x0000000000004592                ntohs
 .text.htonl    0x00000000000045a0       0x24 C:\Users\Bogdan\mrs_community_workspace3\CH32V307ModbusTCP\NetLib\libwchnet.a(inet.o)
                0x00000000000045a0                htonl
 .text.ntohl    0x00000000000045c4        0xc C:\Users\Bogdan\mrs_community_workspace3\CH32V307ModbusTCP\NetLib\libwchnet.a(inet.o)
                0x00000000000045c4                ntohl
 .text.ip_route
                0x00000000000045d0       0x4c C:\Users\Bogdan\mrs_community_workspace3\CH32V307ModbusTCP\NetLib\libwchnet.a(ip.o)
                0x00000000000045d0                ip_route
 .text.ip_input
                0x000000000000461c      0x29a C:\Users\Bogdan\mrs_community_workspace3\CH32V307ModbusTCP\NetLib\libwchnet.a(ip.o)
                0x000000000000461c                ip_input
 .text.ip_output_if
                0x00000000000048b6      0x15a C:\Users\Bogdan\mrs_community_workspace3\CH32V307ModbusTCP\NetLib\libwchnet.a(ip.o)
                0x00000000000048b6                ip_output_if
 .text.ip_output
                0x0000000000004a10       0x36 C:\Users\Bogdan\mrs_community_workspace3\CH32V307ModbusTCP\NetLib\libwchnet.a(ip.o)
                0x0000000000004a10                ip_output
 .text.ip_addr_isbroadcast
                0x0000000000004a46       0x4a C:\Users\Bogdan\mrs_community_workspace3\CH32V307ModbusTCP\NetLib\libwchnet.a(ip_addr.o)
                0x0000000000004a46                ip_addr_isbroadcast
 .text.ip_reass_tmr
                0x0000000000004a90       0xe6 C:\Users\Bogdan\mrs_community_workspace3\CH32V307ModbusTCP\NetLib\libwchnet.a(ip_frag.o)
                0x0000000000004a90                ip_reass_tmr
 .text.ip_reass
                0x0000000000004b76      0x3dc C:\Users\Bogdan\mrs_community_workspace3\CH32V307ModbusTCP\NetLib\libwchnet.a(ip_frag.o)
                0x0000000000004b76                ip_reass
 .text.ip_frag  0x0000000000004f52      0x17e C:\Users\Bogdan\mrs_community_workspace3\CH32V307ModbusTCP\NetLib\libwchnet.a(ip_frag.o)
                0x0000000000004f52                ip_frag
 .text.dhcp_set_state
                0x00000000000050d0        0xe C:\Users\Bogdan\mrs_community_workspace3\CH32V307ModbusTCP\NetLib\libwchnet.a(dhcp.o)
 .text.dhcp_option
                0x00000000000050de       0x20 C:\Users\Bogdan\mrs_community_workspace3\CH32V307ModbusTCP\NetLib\libwchnet.a(dhcp.o)
 .text.dhcp_option_byte
                0x00000000000050fe       0x12 C:\Users\Bogdan\mrs_community_workspace3\CH32V307ModbusTCP\NetLib\libwchnet.a(dhcp.o)
 .text.dhcp_option_long
                0x0000000000005110       0x48 C:\Users\Bogdan\mrs_community_workspace3\CH32V307ModbusTCP\NetLib\libwchnet.a(dhcp.o)
 .text.dhcp_option_trailer
                0x0000000000005158       0x34 C:\Users\Bogdan\mrs_community_workspace3\CH32V307ModbusTCP\NetLib\libwchnet.a(dhcp.o)
 .text.dhcp_create_request
                0x000000000000518c      0x17e C:\Users\Bogdan\mrs_community_workspace3\CH32V307ModbusTCP\NetLib\libwchnet.a(dhcp.o)
 .text.dhcp_delete_request
                0x000000000000530a       0x1e C:\Users\Bogdan\mrs_community_workspace3\CH32V307ModbusTCP\NetLib\libwchnet.a(dhcp.o)
 .text.dhcp_arp_reply
                0x0000000000005328      0x182 C:\Users\Bogdan\mrs_community_workspace3\CH32V307ModbusTCP\NetLib\libwchnet.a(dhcp.o)
                0x0000000000005328                dhcp_arp_reply
 .text.lwip_init
                0x00000000000054aa       0x18 C:\Users\Bogdan\mrs_community_workspace3\CH32V307ModbusTCP\NetLib\libwchnet.a(init.o)
                0x00000000000054aa                lwip_init
 .text.mem_init
                0x00000000000054c2       0x3e C:\Users\Bogdan\mrs_community_workspace3\CH32V307ModbusTCP\NetLib\libwchnet.a(mem.o)
                0x00000000000054c2                mem_init
 .text.mem_free
                0x0000000000005500       0x84 C:\Users\Bogdan\mrs_community_workspace3\CH32V307ModbusTCP\NetLib\libwchnet.a(mem.o)
                0x0000000000005500                mem_free
 .text.mem_realloc
                0x0000000000005584       0xca C:\Users\Bogdan\mrs_community_workspace3\CH32V307ModbusTCP\NetLib\libwchnet.a(mem.o)
                0x0000000000005584                mem_realloc
 .text.mem_malloc
                0x000000000000564e       0xd0 C:\Users\Bogdan\mrs_community_workspace3\CH32V307ModbusTCP\NetLib\libwchnet.a(mem.o)
                0x000000000000564e                mem_malloc
 .text.memp_init
                0x000000000000571e       0x50 C:\Users\Bogdan\mrs_community_workspace3\CH32V307ModbusTCP\NetLib\libwchnet.a(memp.o)
                0x000000000000571e                memp_init
 .text.memp_malloc
                0x000000000000576e       0x20 C:\Users\Bogdan\mrs_community_workspace3\CH32V307ModbusTCP\NetLib\libwchnet.a(memp.o)
                0x000000000000576e                memp_malloc
 .text.memp_free
                0x000000000000578e       0x18 C:\Users\Bogdan\mrs_community_workspace3\CH32V307ModbusTCP\NetLib\libwchnet.a(memp.o)
                0x000000000000578e                memp_free
 .text.netif_set_ipaddr
                0x00000000000057a6       0x96 C:\Users\Bogdan\mrs_community_workspace3\CH32V307ModbusTCP\NetLib\libwchnet.a(netif.o)
                0x00000000000057a6                netif_set_ipaddr
 .text.netif_set_addr
                0x000000000000583c       0x4e C:\Users\Bogdan\mrs_community_workspace3\CH32V307ModbusTCP\NetLib\libwchnet.a(netif.o)
                0x000000000000583c                netif_set_addr
 .text.netif_add
                0x000000000000588a       0x5a C:\Users\Bogdan\mrs_community_workspace3\CH32V307ModbusTCP\NetLib\libwchnet.a(netif.o)
                0x000000000000588a                netif_add
 .text.netif_set_default
                0x00000000000058e4        0x6 C:\Users\Bogdan\mrs_community_workspace3\CH32V307ModbusTCP\NetLib\libwchnet.a(netif.o)
                0x00000000000058e4                netif_set_default
 .text.netif_is_up
                0x00000000000058ea        0x8 C:\Users\Bogdan\mrs_community_workspace3\CH32V307ModbusTCP\NetLib\libwchnet.a(netif.o)
                0x00000000000058ea                netif_is_up
 .text.pbuf_header
                0x00000000000058f2       0x6e C:\Users\Bogdan\mrs_community_workspace3\CH32V307ModbusTCP\NetLib\libwchnet.a(pbuf.o)
                0x00000000000058f2                pbuf_header
 .text.pbuf_free
                0x0000000000005960       0x4e C:\Users\Bogdan\mrs_community_workspace3\CH32V307ModbusTCP\NetLib\libwchnet.a(pbuf.o)
                0x0000000000005960                pbuf_free
 .text.pbuf_alloc
                0x00000000000059ae      0x140 C:\Users\Bogdan\mrs_community_workspace3\CH32V307ModbusTCP\NetLib\libwchnet.a(pbuf.o)
                0x00000000000059ae                pbuf_alloc
 .text.pbuf_realloc
                0x0000000000005aee       0x58 C:\Users\Bogdan\mrs_community_workspace3\CH32V307ModbusTCP\NetLib\libwchnet.a(pbuf.o)
                0x0000000000005aee                pbuf_realloc
 .text.pbuf_clen
                0x0000000000005b46       0x12 C:\Users\Bogdan\mrs_community_workspace3\CH32V307ModbusTCP\NetLib\libwchnet.a(pbuf.o)
                0x0000000000005b46                pbuf_clen
 .text.pbuf_ref
                0x0000000000005b58        0xa C:\Users\Bogdan\mrs_community_workspace3\CH32V307ModbusTCP\NetLib\libwchnet.a(pbuf.o)
                0x0000000000005b58                pbuf_ref
 .text.pbuf_cat
                0x0000000000005b62       0x1c C:\Users\Bogdan\mrs_community_workspace3\CH32V307ModbusTCP\NetLib\libwchnet.a(pbuf.o)
                0x0000000000005b62                pbuf_cat
 .text.pbuf_chain
                0x0000000000005b7e       0x14 C:\Users\Bogdan\mrs_community_workspace3\CH32V307ModbusTCP\NetLib\libwchnet.a(pbuf.o)
                0x0000000000005b7e                pbuf_chain
 .text.pbuf_copy
                0x0000000000005b92       0x9c C:\Users\Bogdan\mrs_community_workspace3\CH32V307ModbusTCP\NetLib\libwchnet.a(pbuf.o)
                0x0000000000005b92                pbuf_copy
 .text.raw_input
                0x0000000000005c2e       0x68 C:\Users\Bogdan\mrs_community_workspace3\CH32V307ModbusTCP\NetLib\libwchnet.a(raw.o)
                0x0000000000005c2e                raw_input
 .text.raw_bind
                0x0000000000005c96       0x1e C:\Users\Bogdan\mrs_community_workspace3\CH32V307ModbusTCP\NetLib\libwchnet.a(raw.o)
                0x0000000000005c96                raw_bind
 .text.raw_connect
                0x0000000000005cb4       0x1e C:\Users\Bogdan\mrs_community_workspace3\CH32V307ModbusTCP\NetLib\libwchnet.a(raw.o)
                0x0000000000005cb4                raw_connect
 .text.raw_recv
                0x0000000000005cd2        0x6 C:\Users\Bogdan\mrs_community_workspace3\CH32V307ModbusTCP\NetLib\libwchnet.a(raw.o)
                0x0000000000005cd2                raw_recv
 .text.raw_sendto
                0x0000000000005cd8       0x7e C:\Users\Bogdan\mrs_community_workspace3\CH32V307ModbusTCP\NetLib\libwchnet.a(raw.o)
                0x0000000000005cd8                raw_sendto
 .text.raw_send
                0x0000000000005d56       0x10 C:\Users\Bogdan\mrs_community_workspace3\CH32V307ModbusTCP\NetLib\libwchnet.a(raw.o)
                0x0000000000005d56                raw_send
 .text.raw_new  0x0000000000005d66       0x30 C:\Users\Bogdan\mrs_community_workspace3\CH32V307ModbusTCP\NetLib\libwchnet.a(raw.o)
                0x0000000000005d66                raw_new
 .text.tcp_accept_null
                0x0000000000005d96        0x4 C:\Users\Bogdan\mrs_community_workspace3\CH32V307ModbusTCP\NetLib\libwchnet.a(tcp.o)
 .text.tcp_new_port
                0x0000000000005d9a       0x5c C:\Users\Bogdan\mrs_community_workspace3\CH32V307ModbusTCP\NetLib\libwchnet.a(tcp.o)
 .text.tcp_bind
                0x0000000000005df6      0x116 C:\Users\Bogdan\mrs_community_workspace3\CH32V307ModbusTCP\NetLib\libwchnet.a(tcp.o)
                0x0000000000005df6                tcp_bind
 .text.tcp_listen_with_backlog
                0x0000000000005f0c       0x9a C:\Users\Bogdan\mrs_community_workspace3\CH32V307ModbusTCP\NetLib\libwchnet.a(tcp.o)
                0x0000000000005f0c                tcp_listen_with_backlog
 .text.tcp_update_rcv_ann_wnd
                0x0000000000005fa6       0x48 C:\Users\Bogdan\mrs_community_workspace3\CH32V307ModbusTCP\NetLib\libwchnet.a(tcp.o)
                0x0000000000005fa6                tcp_update_rcv_ann_wnd
 .text.tcp_recved
                0x0000000000005fee       0x3c C:\Users\Bogdan\mrs_community_workspace3\CH32V307ModbusTCP\NetLib\libwchnet.a(tcp.o)
                0x0000000000005fee                tcp_recved
 .text.tcp_seg_free
                0x000000000000602a       0x2a C:\Users\Bogdan\mrs_community_workspace3\CH32V307ModbusTCP\NetLib\libwchnet.a(tcp.o)
                0x000000000000602a                tcp_seg_free
 .text.tcp_segs_free
                0x0000000000006054       0x1e C:\Users\Bogdan\mrs_community_workspace3\CH32V307ModbusTCP\NetLib\libwchnet.a(tcp.o)
                0x0000000000006054                tcp_segs_free
 .text.tcp_seg_copy
                0x0000000000006072       0x28 C:\Users\Bogdan\mrs_community_workspace3\CH32V307ModbusTCP\NetLib\libwchnet.a(tcp.o)
                0x0000000000006072                tcp_seg_copy
 .text.tcp_arg  0x000000000000609a        0x4 C:\Users\Bogdan\mrs_community_workspace3\CH32V307ModbusTCP\NetLib\libwchnet.a(tcp.o)
                0x000000000000609a                tcp_arg
 .text.tcp_recv
                0x000000000000609e        0x6 C:\Users\Bogdan\mrs_community_workspace3\CH32V307ModbusTCP\NetLib\libwchnet.a(tcp.o)
                0x000000000000609e                tcp_recv
 .text.tcp_sent
                0x00000000000060a4        0x6 C:\Users\Bogdan\mrs_community_workspace3\CH32V307ModbusTCP\NetLib\libwchnet.a(tcp.o)
                0x00000000000060a4                tcp_sent
 .text.tcp_err  0x00000000000060aa        0x6 C:\Users\Bogdan\mrs_community_workspace3\CH32V307ModbusTCP\NetLib\libwchnet.a(tcp.o)
                0x00000000000060aa                tcp_err
 .text.tcp_accept
                0x00000000000060b0        0x4 C:\Users\Bogdan\mrs_community_workspace3\CH32V307ModbusTCP\NetLib\libwchnet.a(tcp.o)
                0x00000000000060b0                tcp_accept
 .text.tcp_poll
                0x00000000000060b4        0xa C:\Users\Bogdan\mrs_community_workspace3\CH32V307ModbusTCP\NetLib\libwchnet.a(tcp.o)
                0x00000000000060b4                tcp_poll
 .text.tcp_pcb_purge
                0x00000000000060be       0x4e C:\Users\Bogdan\mrs_community_workspace3\CH32V307ModbusTCP\NetLib\libwchnet.a(tcp.o)
                0x00000000000060be                tcp_pcb_purge
 .text.tcp_slowtmr
                0x000000000000610c      0x2ba C:\Users\Bogdan\mrs_community_workspace3\CH32V307ModbusTCP\NetLib\libwchnet.a(tcp.o)
                0x000000000000610c                tcp_slowtmr
 .text.tcp_pcb_remove
                0x00000000000063c6       0x72 C:\Users\Bogdan\mrs_community_workspace3\CH32V307ModbusTCP\NetLib\libwchnet.a(tcp.o)
                0x00000000000063c6                tcp_pcb_remove
 .text.tcp_close
                0x0000000000006438       0xb2 C:\Users\Bogdan\mrs_community_workspace3\CH32V307ModbusTCP\NetLib\libwchnet.a(tcp.o)
                0x0000000000006438                tcp_close
 .text.tcp_recv_null
                0x00000000000064ea       0x30 C:\Users\Bogdan\mrs_community_workspace3\CH32V307ModbusTCP\NetLib\libwchnet.a(tcp.o)
                0x00000000000064ea                tcp_recv_null
 .text.tcp_fasttmr
                0x000000000000651a       0x62 C:\Users\Bogdan\mrs_community_workspace3\CH32V307ModbusTCP\NetLib\libwchnet.a(tcp.o)
                0x000000000000651a                tcp_fasttmr
 .text.tcp_tmr  0x000000000000657c       0x22 C:\Users\Bogdan\mrs_community_workspace3\CH32V307ModbusTCP\NetLib\libwchnet.a(tcp.o)
                0x000000000000657c                tcp_tmr
 .text.tcp_fastsendack
                0x000000000000659e       0x7c C:\Users\Bogdan\mrs_community_workspace3\CH32V307ModbusTCP\NetLib\libwchnet.a(tcp.o)
                0x000000000000659e                tcp_fastsendack
 .text.tcp_abandon
                0x000000000000661a       0x9a C:\Users\Bogdan\mrs_community_workspace3\CH32V307ModbusTCP\NetLib\libwchnet.a(tcp.o)
                0x000000000000661a                tcp_abandon
 .text.tcp_next_iss
                0x00000000000066b4       0x10 C:\Users\Bogdan\mrs_community_workspace3\CH32V307ModbusTCP\NetLib\libwchnet.a(tcp.o)
                0x00000000000066b4                tcp_next_iss
 .text.tcp_alloc
                0x00000000000066c4      0x134 C:\Users\Bogdan\mrs_community_workspace3\CH32V307ModbusTCP\NetLib\libwchnet.a(tcp.o)
                0x00000000000066c4                tcp_alloc
 .text.tcp_new  0x00000000000067f8       0x10 C:\Users\Bogdan\mrs_community_workspace3\CH32V307ModbusTCP\NetLib\libwchnet.a(tcp.o)
                0x00000000000067f8                tcp_new
 .text.tcp_eff_send_mss
                0x0000000000006808       0x2e C:\Users\Bogdan\mrs_community_workspace3\CH32V307ModbusTCP\NetLib\libwchnet.a(tcp.o)
                0x0000000000006808                tcp_eff_send_mss
 .text.RemoveTimeWaiTCP
                0x0000000000006836       0x32 C:\Users\Bogdan\mrs_community_workspace3\CH32V307ModbusTCP\NetLib\libwchnet.a(tcp.o)
                0x0000000000006836                RemoveTimeWaiTCP
 .text.tcp_oos_insert_segment
                0x0000000000006868       0xce C:\Users\Bogdan\mrs_community_workspace3\CH32V307ModbusTCP\NetLib\libwchnet.a(tcp_in.o)
 .text.tcp_receive
                0x0000000000006936      0x8f0 C:\Users\Bogdan\mrs_community_workspace3\CH32V307ModbusTCP\NetLib\libwchnet.a(tcp_in.o)
 .text.tcp_parseopt.isra.0
                0x0000000000007226       0xa6 C:\Users\Bogdan\mrs_community_workspace3\CH32V307ModbusTCP\NetLib\libwchnet.a(tcp_in.o)
 .text.tcp_input
                0x00000000000072cc      0x9d6 C:\Users\Bogdan\mrs_community_workspace3\CH32V307ModbusTCP\NetLib\libwchnet.a(tcp_in.o)
                0x00000000000072cc                tcp_input
 .text.tcp_output_set_header.isra.0.constprop.1
                0x0000000000007ca2       0xd4 C:\Users\Bogdan\mrs_community_workspace3\CH32V307ModbusTCP\NetLib\libwchnet.a(tcp_out.o)
 .text.tcp_enqueue
                0x0000000000007d76      0x448 C:\Users\Bogdan\mrs_community_workspace3\CH32V307ModbusTCP\NetLib\libwchnet.a(tcp_out.o)
                0x0000000000007d76                tcp_enqueue
 .text.tcp_send_ctrl
                0x00000000000081be       0x16 C:\Users\Bogdan\mrs_community_workspace3\CH32V307ModbusTCP\NetLib\libwchnet.a(tcp_out.o)
                0x00000000000081be                tcp_send_ctrl
 .text.tcp_write
                0x00000000000081d4       0x30 C:\Users\Bogdan\mrs_community_workspace3\CH32V307ModbusTCP\NetLib\libwchnet.a(tcp_out.o)
                0x00000000000081d4                tcp_write
 .text.tcp_send_empty_ack
                0x0000000000008204       0x70 C:\Users\Bogdan\mrs_community_workspace3\CH32V307ModbusTCP\NetLib\libwchnet.a(tcp_out.o)
                0x0000000000008204                tcp_send_empty_ack
 .text.tcp_output
                0x0000000000008274      0x368 C:\Users\Bogdan\mrs_community_workspace3\CH32V307ModbusTCP\NetLib\libwchnet.a(tcp_out.o)
                0x0000000000008274                tcp_output
 .text.tcp_rst  0x00000000000085dc      0x108 C:\Users\Bogdan\mrs_community_workspace3\CH32V307ModbusTCP\NetLib\libwchnet.a(tcp_out.o)
                0x00000000000085dc                tcp_rst
 .text.tcp_rexmit_rto
                0x00000000000086e4       0x36 C:\Users\Bogdan\mrs_community_workspace3\CH32V307ModbusTCP\NetLib\libwchnet.a(tcp_out.o)
                0x00000000000086e4                tcp_rexmit_rto
 .text.tcp_rexmit
                0x000000000000871a       0x7c C:\Users\Bogdan\mrs_community_workspace3\CH32V307ModbusTCP\NetLib\libwchnet.a(tcp_out.o)
                0x000000000000871a                tcp_rexmit
 .text.tcp_rexmit_fast
                0x0000000000008796       0x62 C:\Users\Bogdan\mrs_community_workspace3\CH32V307ModbusTCP\NetLib\libwchnet.a(tcp_out.o)
                0x0000000000008796                tcp_rexmit_fast
 .text.tcp_keepalive
                0x00000000000087f8       0x5e C:\Users\Bogdan\mrs_community_workspace3\CH32V307ModbusTCP\NetLib\libwchnet.a(tcp_out.o)
                0x00000000000087f8                tcp_keepalive
 .text.tcp_zero_window_probe
                0x0000000000008856       0xd2 C:\Users\Bogdan\mrs_community_workspace3\CH32V307ModbusTCP\NetLib\libwchnet.a(tcp_out.o)
                0x0000000000008856                tcp_zero_window_probe
 .text.udp_input
                0x0000000000008928      0x238 C:\Users\Bogdan\mrs_community_workspace3\CH32V307ModbusTCP\NetLib\libwchnet.a(udp.o)
                0x0000000000008928                udp_input
 .text.udp_bind
                0x0000000000008b60       0x9a C:\Users\Bogdan\mrs_community_workspace3\CH32V307ModbusTCP\NetLib\libwchnet.a(udp.o)
                0x0000000000008b60                udp_bind
 .text.udp_sendto_if
                0x0000000000008bfa       0xd6 C:\Users\Bogdan\mrs_community_workspace3\CH32V307ModbusTCP\NetLib\libwchnet.a(udp.o)
                0x0000000000008bfa                udp_sendto_if
 .text.udp_sendto
                0x0000000000008cd0       0x2e C:\Users\Bogdan\mrs_community_workspace3\CH32V307ModbusTCP\NetLib\libwchnet.a(udp.o)
                0x0000000000008cd0                udp_sendto
 .text.udp_send
                0x0000000000008cfe       0x12 C:\Users\Bogdan\mrs_community_workspace3\CH32V307ModbusTCP\NetLib\libwchnet.a(udp.o)
                0x0000000000008cfe                udp_send
 .text.udp_connect
                0x0000000000008d10       0x7e C:\Users\Bogdan\mrs_community_workspace3\CH32V307ModbusTCP\NetLib\libwchnet.a(udp.o)
                0x0000000000008d10                udp_connect
 .text.udp_recv
                0x0000000000008d8e        0x6 C:\Users\Bogdan\mrs_community_workspace3\CH32V307ModbusTCP\NetLib\libwchnet.a(udp.o)
                0x0000000000008d8e                udp_recv
 .text.udp_new  0x0000000000008d94       0x24 C:\Users\Bogdan\mrs_community_workspace3\CH32V307ModbusTCP\NetLib\libwchnet.a(udp.o)
                0x0000000000008d94                udp_new
 .text.icmp_send_response.isra.0
                0x0000000000008db8       0x74 C:\Users\Bogdan\mrs_community_workspace3\CH32V307ModbusTCP\NetLib\libwchnet.a(icmp.o)
 .text.icmp_input
                0x0000000000008e2c      0x250 C:\Users\Bogdan\mrs_community_workspace3\CH32V307ModbusTCP\NetLib\libwchnet.a(icmp.o)
                0x0000000000008e2c                icmp_input
 .text.icmp_dest_unreach
                0x000000000000907c       0x14 C:\Users\Bogdan\mrs_community_workspace3\CH32V307ModbusTCP\NetLib\libwchnet.a(icmp.o)
                0x000000000000907c                icmp_dest_unreach
 .text.icmp_time_exceeded
                0x0000000000009090       0x14 C:\Users\Bogdan\mrs_community_workspace3\CH32V307ModbusTCP\NetLib\libwchnet.a(icmp.o)
                0x0000000000009090                icmp_time_exceeded
 .text.lwip_standard_chksum
                0x00000000000090a4       0x7e C:\Users\Bogdan\mrs_community_workspace3\CH32V307ModbusTCP\NetLib\libwchnet.a(inet_chksum.o)
 .text.inet_chksum_pseudo
                0x0000000000009122      0x10a C:\Users\Bogdan\mrs_community_workspace3\CH32V307ModbusTCP\NetLib\libwchnet.a(inet_chksum.o)
                0x0000000000009122                inet_chksum_pseudo
 .text.inet_chksum
                0x000000000000922c       0x14 C:\Users\Bogdan\mrs_community_workspace3\CH32V307ModbusTCP\NetLib\libwchnet.a(inet_chksum.o)
                0x000000000000922c                inet_chksum
 .text.inet_chksum_pbuf
                0x0000000000009240       0x6a C:\Users\Bogdan\mrs_community_workspace3\CH32V307ModbusTCP\NetLib\libwchnet.a(inet_chksum.o)
                0x0000000000009240                inet_chksum_pbuf
 .text.memcpy   0x00000000000092aa       0xb6 c:/mounriver/mrs_community/toolchain/risc-v embedded gcc/bin/../lib/gcc/riscv-none-embed/8.2.0/../../../../riscv-none-embed/lib/rv32imac/ilp32\libg_nano.a(lib_a-memcpy.o)
                0x00000000000092aa                memcpy
 .text.printf   0x0000000000009360       0x40 c:/mounriver/mrs_community/toolchain/risc-v embedded gcc/bin/../lib/gcc/riscv-none-embed/8.2.0/../../../../riscv-none-embed/lib/rv32imac/ilp32\libg_nano.a(lib_a-printf.o)
                0x0000000000009360                iprintf
                0x0000000000009360                printf
 .text.putchar  0x00000000000093a0       0x2a c:/mounriver/mrs_community/toolchain/risc-v embedded gcc/bin/../lib/gcc/riscv-none-embed/8.2.0/../../../../riscv-none-embed/lib/rv32imac/ilp32\libg_nano.a(lib_a-putchar.o)
                0x00000000000093a0                putchar
 .text._puts_r  0x00000000000093ca       0xda c:/mounriver/mrs_community/toolchain/risc-v embedded gcc/bin/../lib/gcc/riscv-none-embed/8.2.0/../../../../riscv-none-embed/lib/rv32imac/ilp32\libg_nano.a(lib_a-puts.o)
                0x00000000000093ca                _puts_r
 .text.puts     0x00000000000094a4        0xc c:/mounriver/mrs_community/toolchain/risc-v embedded gcc/bin/../lib/gcc/riscv-none-embed/8.2.0/../../../../riscv-none-embed/lib/rv32imac/ilp32\libg_nano.a(lib_a-puts.o)
                0x00000000000094a4                puts
 .text.__swbuf_r
                0x00000000000094b0       0xc0 c:/mounriver/mrs_community/toolchain/risc-v embedded gcc/bin/../lib/gcc/riscv-none-embed/8.2.0/../../../../riscv-none-embed/lib/rv32imac/ilp32\libg_nano.a(lib_a-wbuf.o)
                0x00000000000094b0                __swbuf_r
 .text.__swsetup_r
                0x0000000000009570      0x10c c:/mounriver/mrs_community/toolchain/risc-v embedded gcc/bin/../lib/gcc/riscv-none-embed/8.2.0/../../../../riscv-none-embed/lib/rv32imac/ilp32\libg_nano.a(lib_a-wsetup.o)
                0x0000000000009570                __swsetup_r
 .text.__sflush_r
                0x000000000000967c      0x13c c:/mounriver/mrs_community/toolchain/risc-v embedded gcc/bin/../lib/gcc/riscv-none-embed/8.2.0/../../../../riscv-none-embed/lib/rv32imac/ilp32\libg_nano.a(lib_a-fflush.o)
                0x000000000000967c                __sflush_r
 .text._fflush_r
                0x00000000000097b8       0x66 c:/mounriver/mrs_community/toolchain/risc-v embedded gcc/bin/../lib/gcc/riscv-none-embed/8.2.0/../../../../riscv-none-embed/lib/rv32imac/ilp32\libg_nano.a(lib_a-fflush.o)
                0x00000000000097b8                _fflush_r
 .text.std      0x000000000000981e       0x6a c:/mounriver/mrs_community/toolchain/risc-v embedded gcc/bin/../lib/gcc/riscv-none-embed/8.2.0/../../../../riscv-none-embed/lib/rv32imac/ilp32\libg_nano.a(lib_a-findfp.o)
 .text._cleanup_r
                0x0000000000009888        0xa c:/mounriver/mrs_community/toolchain/risc-v embedded gcc/bin/../lib/gcc/riscv-none-embed/8.2.0/../../../../riscv-none-embed/lib/rv32imac/ilp32\libg_nano.a(lib_a-findfp.o)
                0x0000000000009888                _cleanup_r
 .text.__sfmoreglue
                0x0000000000009892       0x46 c:/mounriver/mrs_community/toolchain/risc-v embedded gcc/bin/../lib/gcc/riscv-none-embed/8.2.0/../../../../riscv-none-embed/lib/rv32imac/ilp32\libg_nano.a(lib_a-findfp.o)
                0x0000000000009892                __sfmoreglue
 .text.__sinit  0x00000000000098d8       0x6c c:/mounriver/mrs_community/toolchain/risc-v embedded gcc/bin/../lib/gcc/riscv-none-embed/8.2.0/../../../../riscv-none-embed/lib/rv32imac/ilp32\libg_nano.a(lib_a-findfp.o)
                0x00000000000098d8                __sinit
 .text.__sfp    0x0000000000009944       0xa0 c:/mounriver/mrs_community/toolchain/risc-v embedded gcc/bin/../lib/gcc/riscv-none-embed/8.2.0/../../../../riscv-none-embed/lib/rv32imac/ilp32\libg_nano.a(lib_a-findfp.o)
                0x0000000000009944                __sfp
 .text._fwalk_reent
                0x00000000000099e4       0x6c c:/mounriver/mrs_community/toolchain/risc-v embedded gcc/bin/../lib/gcc/riscv-none-embed/8.2.0/../../../../riscv-none-embed/lib/rv32imac/ilp32\libg_nano.a(lib_a-fwalk.o)
                0x00000000000099e4                _fwalk_reent
 .text.__swhatbuf_r
                0x0000000000009a50       0x5a c:/mounriver/mrs_community/toolchain/risc-v embedded gcc/bin/../lib/gcc/riscv-none-embed/8.2.0/../../../../riscv-none-embed/lib/rv32imac/ilp32\libg_nano.a(lib_a-makebuf.o)
                0x0000000000009a50                __swhatbuf_r
 .text.__smakebuf_r
                0x0000000000009aaa       0xa0 c:/mounriver/mrs_community/toolchain/risc-v embedded gcc/bin/../lib/gcc/riscv-none-embed/8.2.0/../../../../riscv-none-embed/lib/rv32imac/ilp32\libg_nano.a(lib_a-makebuf.o)
                0x0000000000009aaa                __smakebuf_r
 .text._free_r  0x0000000000009b4a       0xa8 c:/mounriver/mrs_community/toolchain/risc-v embedded gcc/bin/../lib/gcc/riscv-none-embed/8.2.0/../../../../riscv-none-embed/lib/rv32imac/ilp32\libg_nano.a(lib_a-nano-freer.o)
                0x0000000000009b4a                _free_r
 .text._malloc_r
                0x0000000000009bf2       0xd8 c:/mounriver/mrs_community/toolchain/risc-v embedded gcc/bin/../lib/gcc/riscv-none-embed/8.2.0/../../../../riscv-none-embed/lib/rv32imac/ilp32\libg_nano.a(lib_a-nano-mallocr.o)
                0x0000000000009bf2                _malloc_r
 .text.__sfputc_r
                0x0000000000009cca       0x2a c:/mounriver/mrs_community/toolchain/risc-v embedded gcc/bin/../lib/gcc/riscv-none-embed/8.2.0/../../../../riscv-none-embed/lib/rv32imac/ilp32\libg_nano.a(lib_a-nano-vfprintf.o)
 .text.__sfputs_r
                0x0000000000009cf4       0x44 c:/mounriver/mrs_community/toolchain/risc-v embedded gcc/bin/../lib/gcc/riscv-none-embed/8.2.0/../../../../riscv-none-embed/lib/rv32imac/ilp32\libg_nano.a(lib_a-nano-vfprintf.o)
                0x0000000000009cf4                __sfputs_r
 .text._vfprintf_r
                0x0000000000009d38      0x29e c:/mounriver/mrs_community/toolchain/risc-v embedded gcc/bin/../lib/gcc/riscv-none-embed/8.2.0/../../../../riscv-none-embed/lib/rv32imac/ilp32\libg_nano.a(lib_a-nano-vfprintf.o)
                0x0000000000009d38                _vfprintf_r
                0x0000000000009d38                _vfiprintf_r
 .text._printf_common
                0x0000000000009fd6      0x10c c:/mounriver/mrs_community/toolchain/risc-v embedded gcc/bin/../lib/gcc/riscv-none-embed/8.2.0/../../../../riscv-none-embed/lib/rv32imac/ilp32\libg_nano.a(lib_a-nano-vfprintf_i.o)
                0x0000000000009fd6                _printf_common
 .text._printf_i
                0x000000000000a0e2      0x2aa c:/mounriver/mrs_community/toolchain/risc-v embedded gcc/bin/../lib/gcc/riscv-none-embed/8.2.0/../../../../riscv-none-embed/lib/rv32imac/ilp32\libg_nano.a(lib_a-nano-vfprintf_i.o)
                0x000000000000a0e2                _printf_i
 .text._putc_r  0x000000000000a38c       0x86 c:/mounriver/mrs_community/toolchain/risc-v embedded gcc/bin/../lib/gcc/riscv-none-embed/8.2.0/../../../../riscv-none-embed/lib/rv32imac/ilp32\libg_nano.a(lib_a-putc.o)
                0x000000000000a38c                _putc_r
 .text._sbrk_r  0x000000000000a412       0x32 c:/mounriver/mrs_community/toolchain/risc-v embedded gcc/bin/../lib/gcc/riscv-none-embed/8.2.0/../../../../riscv-none-embed/lib/rv32imac/ilp32\libg_nano.a(lib_a-sbrkr.o)
                0x000000000000a412                _sbrk_r
 .text.__sread  0x000000000000a444       0x30 c:/mounriver/mrs_community/toolchain/risc-v embedded gcc/bin/../lib/gcc/riscv-none-embed/8.2.0/../../../../riscv-none-embed/lib/rv32imac/ilp32\libg_nano.a(lib_a-stdio.o)
                0x000000000000a444                __sread
 .text.__swrite
                0x000000000000a474       0x4e c:/mounriver/mrs_community/toolchain/risc-v embedded gcc/bin/../lib/gcc/riscv-none-embed/8.2.0/../../../../riscv-none-embed/lib/rv32imac/ilp32\libg_nano.a(lib_a-stdio.o)
                0x000000000000a474                __swrite
 .text.__sseek  0x000000000000a4c2       0x36 c:/mounriver/mrs_community/toolchain/risc-v embedded gcc/bin/../lib/gcc/riscv-none-embed/8.2.0/../../../../riscv-none-embed/lib/rv32imac/ilp32\libg_nano.a(lib_a-stdio.o)
                0x000000000000a4c2                __sseek
 .text.__sclose
                0x000000000000a4f8        0x6 c:/mounriver/mrs_community/toolchain/risc-v embedded gcc/bin/../lib/gcc/riscv-none-embed/8.2.0/../../../../riscv-none-embed/lib/rv32imac/ilp32\libg_nano.a(lib_a-stdio.o)
                0x000000000000a4f8                __sclose
 .text._write_r
                0x000000000000a4fe       0x36 c:/mounriver/mrs_community/toolchain/risc-v embedded gcc/bin/../lib/gcc/riscv-none-embed/8.2.0/../../../../riscv-none-embed/lib/rv32imac/ilp32\libg_nano.a(lib_a-writer.o)
                0x000000000000a4fe                _write_r
 .text._close_r
                0x000000000000a534       0x30 c:/mounriver/mrs_community/toolchain/risc-v embedded gcc/bin/../lib/gcc/riscv-none-embed/8.2.0/../../../../riscv-none-embed/lib/rv32imac/ilp32\libg_nano.a(lib_a-closer.o)
                0x000000000000a534                _close_r
 .text._fstat_r
                0x000000000000a564       0x32 c:/mounriver/mrs_community/toolchain/risc-v embedded gcc/bin/../lib/gcc/riscv-none-embed/8.2.0/../../../../riscv-none-embed/lib/rv32imac/ilp32\libg_nano.a(lib_a-fstatr.o)
                0x000000000000a564                _fstat_r
 .text._isatty_r
                0x000000000000a596       0x30 c:/mounriver/mrs_community/toolchain/risc-v embedded gcc/bin/../lib/gcc/riscv-none-embed/8.2.0/../../../../riscv-none-embed/lib/rv32imac/ilp32\libg_nano.a(lib_a-isattyr.o)
                0x000000000000a596                _isatty_r
 .text._lseek_r
                0x000000000000a5c6       0x34 c:/mounriver/mrs_community/toolchain/risc-v embedded gcc/bin/../lib/gcc/riscv-none-embed/8.2.0/../../../../riscv-none-embed/lib/rv32imac/ilp32\libg_nano.a(lib_a-lseekr.o)
                0x000000000000a5c6                _lseek_r
 .text.memchr   0x000000000000a5fa       0x1a c:/mounriver/mrs_community/toolchain/risc-v embedded gcc/bin/../lib/gcc/riscv-none-embed/8.2.0/../../../../riscv-none-embed/lib/rv32imac/ilp32\libg_nano.a(lib_a-memchr.o)
                0x000000000000a5fa                memchr
 .text.__malloc_lock
                0x000000000000a614        0x2 c:/mounriver/mrs_community/toolchain/risc-v embedded gcc/bin/../lib/gcc/riscv-none-embed/8.2.0/../../../../riscv-none-embed/lib/rv32imac/ilp32\libg_nano.a(lib_a-mlock.o)
                0x000000000000a614                __malloc_lock
 .text.__malloc_unlock
                0x000000000000a616        0x2 c:/mounriver/mrs_community/toolchain/risc-v embedded gcc/bin/../lib/gcc/riscv-none-embed/8.2.0/../../../../riscv-none-embed/lib/rv32imac/ilp32\libg_nano.a(lib_a-mlock.o)
                0x000000000000a616                __malloc_unlock
 .text._read_r  0x000000000000a618       0x34 c:/mounriver/mrs_community/toolchain/risc-v embedded gcc/bin/../lib/gcc/riscv-none-embed/8.2.0/../../../../riscv-none-embed/lib/rv32imac/ilp32\libg_nano.a(lib_a-readr.o)
                0x000000000000a618                _read_r
 .text._close   0x000000000000a64c       0x10 c:/mounriver/mrs_community/toolchain/risc-v embedded gcc/bin/../lib/gcc/riscv-none-embed/8.2.0/../../../../riscv-none-embed/lib/rv32imac/ilp32\libnosys.a(close.o)
                0x000000000000a64c                _close
 .text._fstat   0x000000000000a65c       0x10 c:/mounriver/mrs_community/toolchain/risc-v embedded gcc/bin/../lib/gcc/riscv-none-embed/8.2.0/../../../../riscv-none-embed/lib/rv32imac/ilp32\libnosys.a(fstat.o)
                0x000000000000a65c                _fstat
 .text._isatty  0x000000000000a66c       0x10 c:/mounriver/mrs_community/toolchain/risc-v embedded gcc/bin/../lib/gcc/riscv-none-embed/8.2.0/../../../../riscv-none-embed/lib/rv32imac/ilp32\libnosys.a(isatty.o)
                0x000000000000a66c                _isatty
 .text._lseek   0x000000000000a67c       0x10 c:/mounriver/mrs_community/toolchain/risc-v embedded gcc/bin/../lib/gcc/riscv-none-embed/8.2.0/../../../../riscv-none-embed/lib/rv32imac/ilp32\libnosys.a(lseek.o)
                0x000000000000a67c                _lseek
 .text._read    0x000000000000a68c       0x10 c:/mounriver/mrs_community/toolchain/risc-v embedded gcc/bin/../lib/gcc/riscv-none-embed/8.2.0/../../../../riscv-none-embed/lib/rv32imac/ilp32\libnosys.a(read.o)
                0x000000000000a68c                _read
 *(.rodata)
 *(.rodata*)
 .rodata.EXTI3_IRQHandler.str1.4
                0x000000000000a69c        0xd ./User/ch32v30x_it.o
 *fill*         0x000000000000a6a9        0x3 
 .rodata.HardFault_Handler.str1.4
                0x000000000000a6ac       0x42 ./User/ch32v30x_it.o
 *fill*         0x000000000000a6ee        0x2 
 .rodata.WCHNET_CreateMODBUSSocket.str1.4
                0x000000000000a6f0       0x1c ./User/main.o
 .rodata.WCHNET_HandleGlobalInt.str1.4
                0x000000000000a70c       0x54 ./User/main.o
 .rodata.WCHNET_HandleSockInt.str1.4
                0x000000000000a760       0x72 ./User/main.o
 *fill*         0x000000000000a7d2        0x2 
 .rodata.mStopIfError.str1.4
                0x000000000000a7d4        0xe ./User/main.o
 *fill*         0x000000000000a7e2        0x2 
 .rodata.main.str1.4
                0x000000000000a7e4       0xb4 ./User/main.o
 .rodata.MemNum
                0x000000000000a898       0x10 ./NetLib/eth_driver_10M.o
                0x000000000000a898                MemNum
 .rodata.MemSize
                0x000000000000a8a8       0x10 ./NetLib/eth_driver_10M.o
                0x000000000000a8a8                MemSize
 .rodata.MB_TCP_RSP
                0x000000000000a8b8       0x40 ./Modbus/ModbusTCP.o
 .rodata.MB_Parse_Data.str1.4
                0x000000000000a8f8       0xa8 ./Modbus/ModbusTCP.o
 .rodata.TCP_RSP_03_04.str1.4
                0x000000000000a9a0       0x20 ./Modbus/ModbusTCP.o
 .rodata.TCP_RSP_05.str1.4
                0x000000000000a9c0       0x2f ./Modbus/ModbusTCP.o
 *fill*         0x000000000000a9ef        0x1 
 .rodata.ErrTable
                0x000000000000a9f0       0x10 C:\Users\Bogdan\mrs_community_workspace3\CH32V307ModbusTCP\NetLib\libwchnet.a(socket.o)
                0x000000000000a9f0                ErrTable
 .rodata.tcp_close
                0x000000000000aa00       0x20 C:\Users\Bogdan\mrs_community_workspace3\CH32V307ModbusTCP\NetLib\libwchnet.a(tcp.o)
 .rodata.tcp_backoff
                0x000000000000aa20        0xd C:\Users\Bogdan\mrs_community_workspace3\CH32V307ModbusTCP\NetLib\libwchnet.a(tcp.o)
                0x000000000000aa20                tcp_backoff
 *fill*         0x000000000000aa2d        0x3 
 .rodata.tcp_input
                0x000000000000aa30       0x20 C:\Users\Bogdan\mrs_community_workspace3\CH32V307ModbusTCP\NetLib\libwchnet.a(tcp_in.o)
 .rodata.__sf_fake_stderr
                0x000000000000aa50       0x20 c:/mounriver/mrs_community/toolchain/risc-v embedded gcc/bin/../lib/gcc/riscv-none-embed/8.2.0/../../../../riscv-none-embed/lib/rv32imac/ilp32\libg_nano.a(lib_a-findfp.o)
                0x000000000000aa50                __sf_fake_stderr
 .rodata.__sf_fake_stdin
                0x000000000000aa70       0x20 c:/mounriver/mrs_community/toolchain/risc-v embedded gcc/bin/../lib/gcc/riscv-none-embed/8.2.0/../../../../riscv-none-embed/lib/rv32imac/ilp32\libg_nano.a(lib_a-findfp.o)
                0x000000000000aa70                __sf_fake_stdin
 .rodata.__sf_fake_stdout
                0x000000000000aa90       0x20 c:/mounriver/mrs_community/toolchain/risc-v embedded gcc/bin/../lib/gcc/riscv-none-embed/8.2.0/../../../../riscv-none-embed/lib/rv32imac/ilp32\libg_nano.a(lib_a-findfp.o)
                0x000000000000aa90                __sf_fake_stdout
 .rodata._vfprintf_r.str1.4
                0x000000000000aab0       0x13 c:/mounriver/mrs_community/toolchain/risc-v embedded gcc/bin/../lib/gcc/riscv-none-embed/8.2.0/../../../../riscv-none-embed/lib/rv32imac/ilp32\libg_nano.a(lib_a-nano-vfprintf.o)
 *fill*         0x000000000000aac3        0x1 
 .rodata._printf_i.str1.4
                0x000000000000aac4       0x28 c:/mounriver/mrs_community/toolchain/risc-v embedded gcc/bin/../lib/gcc/riscv-none-embed/8.2.0/../../../../riscv-none-embed/lib/rv32imac/ilp32\libg_nano.a(lib_a-nano-vfprintf_i.o)
                                         0x25 (size before relaxing)
 *(.gnu.linkonce.t.*)
                0x000000000000aaec                . = ALIGN (0x4)

.rela.dyn       0x000000000000aaec        0x0
 .rela.init     0x000000000000aaec        0x0 ./User/ch32v30x_it.o
 .rela.vector   0x000000000000aaec        0x0 ./User/ch32v30x_it.o
 .rela.text.handle_reset
                0x000000000000aaec        0x0 ./User/ch32v30x_it.o
 .rela.text._sbrk
                0x000000000000aaec        0x0 ./User/ch32v30x_it.o
 .rela.sdata.curbrk.5593
                0x000000000000aaec        0x0 ./User/ch32v30x_it.o
 .rela.text._vfprintf_r
                0x000000000000aaec        0x0 ./User/ch32v30x_it.o
 .rela.text._sbrk_r
                0x000000000000aaec        0x0 ./User/ch32v30x_it.o
 .rela.text._write_r
                0x000000000000aaec        0x0 ./User/ch32v30x_it.o
 .rela.text._close_r
                0x000000000000aaec        0x0 ./User/ch32v30x_it.o
 .rela.text._fstat_r
                0x000000000000aaec        0x0 ./User/ch32v30x_it.o
 .rela.text._isatty_r
                0x000000000000aaec        0x0 ./User/ch32v30x_it.o
 .rela.text._lseek_r
                0x000000000000aaec        0x0 ./User/ch32v30x_it.o
 .rela.text._read_r
                0x000000000000aaec        0x0 ./User/ch32v30x_it.o
 .rela.text._close
                0x000000000000aaec        0x0 ./User/ch32v30x_it.o
 .rela.text._fstat
                0x000000000000aaec        0x0 ./User/ch32v30x_it.o
 .rela.text._isatty
                0x000000000000aaec        0x0 ./User/ch32v30x_it.o
 .rela.text._lseek
                0x000000000000aaec        0x0 ./User/ch32v30x_it.o
 .rela.text._read
                0x000000000000aaec        0x0 ./User/ch32v30x_it.o

.fini           0x000000000000aaec        0x0
 *(SORT_NONE(.fini))
                0x000000000000aaec                . = ALIGN (0x4)
                [!provide]                        PROVIDE (_etext = .)
                [!provide]                        PROVIDE (_eitcm = .)

.preinit_array  0x000000000000aaec        0x0
                [!provide]                        PROVIDE (__preinit_array_start = .)
 *(.preinit_array)
                [!provide]                        PROVIDE (__preinit_array_end = .)

.init_array     0x000000000000aaec        0x0
                [!provide]                        PROVIDE (__init_array_start = .)
 *(SORT_BY_INIT_PRIORITY(.init_array.*) SORT_BY_INIT_PRIORITY(.ctors.*))
 *(.init_array EXCLUDE_FILE(*crtend?.o *crtend.o *crtbegin?.o *crtbegin.o) .ctors)
                [!provide]                        PROVIDE (__init_array_end = .)

.fini_array     0x000000000000aaec        0x0
                [!provide]                        PROVIDE (__fini_array_start = .)
 *(SORT_BY_INIT_PRIORITY(.fini_array.*) SORT_BY_INIT_PRIORITY(.dtors.*))
 *(.fini_array EXCLUDE_FILE(*crtend?.o *crtend.o *crtbegin?.o *crtbegin.o) .dtors)
                [!provide]                        PROVIDE (__fini_array_end = .)

.ctors
 *crtbegin.o(.ctors)
 *crtbegin?.o(.ctors)
 *(EXCLUDE_FILE(*crtend?.o *crtend.o) .ctors)
 *(SORT_BY_NAME(.ctors.*))
 *(.ctors)

.dtors
 *crtbegin.o(.dtors)
 *crtbegin?.o(.dtors)
 *(EXCLUDE_FILE(*crtend?.o *crtend.o) .dtors)
 *(SORT_BY_NAME(.dtors.*))
 *(.dtors)

.dalign         0x0000000020000000        0x0 load address 0x000000000000aaec
                0x0000000020000000                . = ALIGN (0x4)
                0x0000000020000000                PROVIDE (_data_vma = .)

.dlalign        0x000000000000aaec        0x0
                0x000000000000aaec                . = ALIGN (0x4)
                0x000000000000aaec                PROVIDE (_data_lma = .)

.data           0x0000000020000000       0xe0 load address 0x000000000000aaec
 *(.gnu.linkonce.r.*)
 *(.data .data.*)
 .data.AHBPrescTable
                0x0000000020000000       0x10 ./User/system_ch32v30x.o
                0x0000000020000000                AHBPrescTable
 .data.APBAHBPrescTable
                0x0000000020000010       0x10 ./Peripheral/src/ch32v30x_rcc.o
 .data.impure_data
                0x0000000020000020       0x60 c:/mounriver/mrs_community/toolchain/risc-v embedded gcc/bin/../lib/gcc/riscv-none-embed/8.2.0/../../../../riscv-none-embed/lib/rv32imac/ilp32\libg_nano.a(lib_a-impure.o)
 *(.gnu.linkonce.d.*)
                0x0000000020000080                . = ALIGN (0x8)
                0x0000000020000880                PROVIDE (__global_pointer$ = (. + 0x800))
 *(.sdata .sdata.*)
 .sdata.GWIPAddr
                0x0000000020000080        0x4 ./User/main.o
                0x0000000020000080                GWIPAddr
 .sdata.IPAddr  0x0000000020000084        0x4 ./User/main.o
                0x0000000020000084                IPAddr
 .sdata.IPMask  0x0000000020000088        0x4 ./User/main.o
                0x0000000020000088                IPMask
 .sdata.SystemCoreClock
                0x000000002000008c        0x4 ./User/system_ch32v30x.o
                0x000000002000008c                SystemCoreClock
 .sdata.ADCPrescTable
                0x0000000020000090        0x4 ./Peripheral/src/ch32v30x_rcc.o
 .sdata.LinkTaskPeriod
                0x0000000020000094        0x1 ./NetLib/eth_driver_10M.o
                0x0000000020000094                LinkTaskPeriod
 .sdata.phyPN   0x0000000020000095        0x1 ./NetLib/eth_driver_10M.o
                0x0000000020000095                phyPN
 *fill*         0x0000000020000096        0x2 
 .sdata.curbrk.5593
                0x0000000020000098        0x4 ./Debug/debug.o
 .sdata.arp_table
                0x000000002000009c        0x4 C:\Users\Bogdan\mrs_community_workspace3\CH32V307ModbusTCP\NetLib\libwchnet.a(etharp.o)
                0x000000002000009c                arp_table
 .sdata.xid.3256
                0x00000000200000a0        0x4 C:\Users\Bogdan\mrs_community_workspace3\CH32V307ModbusTCP\NetLib\libwchnet.a(dhcp.o)
 .sdata.memp_num
                0x00000000200000a4        0x4 C:\Users\Bogdan\mrs_community_workspace3\CH32V307ModbusTCP\NetLib\libwchnet.a(memp.o)
                0x00000000200000a4                memp_num
 .sdata.memp_sizes
                0x00000000200000a8        0x4 C:\Users\Bogdan\mrs_community_workspace3\CH32V307ModbusTCP\NetLib\libwchnet.a(memp.o)
                0x00000000200000a8                memp_sizes
 .sdata.iss.3186
                0x00000000200000ac        0x4 C:\Users\Bogdan\mrs_community_workspace3\CH32V307ModbusTCP\NetLib\libwchnet.a(tcp.o)
 .sdata.port.3018
                0x00000000200000b0        0x2 C:\Users\Bogdan\mrs_community_workspace3\CH32V307ModbusTCP\NetLib\libwchnet.a(tcp.o)
 *fill*         0x00000000200000b2        0x2 
 .sdata._impure_ptr
                0x00000000200000b4        0x4 c:/mounriver/mrs_community/toolchain/risc-v embedded gcc/bin/../lib/gcc/riscv-none-embed/8.2.0/../../../../riscv-none-embed/lib/rv32imac/ilp32\libg_nano.a(lib_a-impure.o)
                0x00000000200000b4                _impure_ptr
 *(.sdata2.*)
 .sdata2.ethbroadcast
                0x00000000200000b8        0x6 C:\Users\Bogdan\mrs_community_workspace3\CH32V307ModbusTCP\NetLib\libwchnet.a(etharp.o)
                0x00000000200000b8                ethbroadcast
 *fill*         0x00000000200000be        0x2 
 .sdata2.ethzero
                0x00000000200000c0        0x6 C:\Users\Bogdan\mrs_community_workspace3\CH32V307ModbusTCP\NetLib\libwchnet.a(etharp.o)
                0x00000000200000c0                ethzero
 *fill*         0x00000000200000c6        0x2 
 .sdata2.ip_addr_any
                0x00000000200000c8        0x4 C:\Users\Bogdan\mrs_community_workspace3\CH32V307ModbusTCP\NetLib\libwchnet.a(ip_addr.o)
                0x00000000200000c8                ip_addr_any
 .sdata2.ip_addr_broadcast
                0x00000000200000cc        0x4 C:\Users\Bogdan\mrs_community_workspace3\CH32V307ModbusTCP\NetLib\libwchnet.a(ip_addr.o)
                0x00000000200000cc                ip_addr_broadcast
 .sdata2.tcp_persist_backoff
                0x00000000200000d0        0x7 C:\Users\Bogdan\mrs_community_workspace3\CH32V307ModbusTCP\NetLib\libwchnet.a(tcp.o)
                0x00000000200000d0                tcp_persist_backoff
 *fill*         0x00000000200000d7        0x1 
 .sdata2._global_impure_ptr
                0x00000000200000d8        0x4 c:/mounriver/mrs_community/toolchain/risc-v embedded gcc/bin/../lib/gcc/riscv-none-embed/8.2.0/../../../../riscv-none-embed/lib/rv32imac/ilp32\libg_nano.a(lib_a-impure.o)
                0x00000000200000d8                _global_impure_ptr
 *(.gnu.linkonce.s.*)
                0x00000000200000e0                . = ALIGN (0x8)
 *fill*         0x00000000200000dc        0x4 
 *(.srodata.cst16)
 *(.srodata.cst8)
 *(.srodata.cst4)
 *(.srodata.cst2)
 *(.srodata .srodata.*)
                0x00000000200000e0                . = ALIGN (0x4)
                0x00000000200000e0                PROVIDE (_edata = .)

.bss            0x00000000200000e0     0xa044 load address 0x000000000000abcc
                0x00000000200000e0                . = ALIGN (0x4)
                0x00000000200000e0                PROVIDE (_sbss = .)
 *(.sbss*)
 .sbss.MACAddr  0x00000000200000e0        0x6 ./User/main.o
                0x00000000200000e0                MACAddr
 .sbss.SocketIdForListen
                0x00000000200000e6        0x1 ./User/main.o
                0x00000000200000e6                SocketIdForListen
 *fill*         0x00000000200000e7        0x1 
 .sbss.TimingDelay
                0x00000000200000e8        0x4 ./User/main.o
                0x00000000200000e8                TimingDelay
 .sbss.socket   0x00000000200000ec        0x1 ./User/main.o
                0x00000000200000ec                socket
 *fill*         0x00000000200000ed        0x3 
 .sbss.DMARxDescToGet
                0x00000000200000f0        0x4 ./Peripheral/src/ch32v30x_eth.o
                0x00000000200000f0                DMARxDescToGet
 .sbss.DMATxDescToSet
                0x00000000200000f4        0x4 ./Peripheral/src/ch32v30x_eth.o
                0x00000000200000f4                DMATxDescToSet
 .sbss.ChipId   0x00000000200000f8        0x4 ./NetLib/eth_driver_10M.o
                0x00000000200000f8                ChipId
 .sbss.DuplexMode
                0x00000000200000fc        0x1 ./NetLib/eth_driver_10M.o
                0x00000000200000fc                DuplexMode
 *fill*         0x00000000200000fd        0x3 
 .sbss.LinkSuccTime
                0x0000000020000100        0x4 ./NetLib/eth_driver_10M.o
                0x0000000020000100                LinkSuccTime
 .sbss.LocalTime
                0x0000000020000104        0x4 ./NetLib/eth_driver_10M.o
                0x0000000020000104                LocalTime
 .sbss.PhyPolarityDetect
                0x0000000020000108        0x1 ./NetLib/eth_driver_10M.o
                0x0000000020000108                PhyPolarityDetect
 *fill*         0x0000000020000109        0x3 
 .sbss.RandVal  0x000000002000010c        0x4 ./NetLib/eth_driver_10M.o
                0x000000002000010c                RandVal
 .sbss.ReInitMACFlag
                0x0000000020000110        0x1 ./NetLib/eth_driver_10M.o
                0x0000000020000110                ReInitMACFlag
 .sbss.TRDetectCnt
                0x0000000020000111        0x1 ./NetLib/eth_driver_10M.o
                0x0000000020000111                TRDetectCnt
 .sbss.TRDetectStep
                0x0000000020000112        0x1 ./NetLib/eth_driver_10M.o
                0x0000000020000112                TRDetectStep
 *fill*         0x0000000020000113        0x1 
 .sbss.gPHYAddress
                0x0000000020000114        0x2 ./NetLib/eth_driver_10M.o
                0x0000000020000114                gPHYAddress
 *fill*         0x0000000020000116        0x2 
 .sbss.pDMARxSet
                0x0000000020000118        0x4 ./NetLib/eth_driver_10M.o
                0x0000000020000118                pDMARxSet
 .sbss.pDMATxSet
                0x000000002000011c        0x4 ./NetLib/eth_driver_10M.o
                0x000000002000011c                pDMATxSet
 .sbss.phyLinkCnt
                0x0000000020000120        0x1 ./NetLib/eth_driver_10M.o
                0x0000000020000120                phyLinkCnt
 .sbss.phyLinkReset
                0x0000000020000121        0x1 ./NetLib/eth_driver_10M.o
                0x0000000020000121                phyLinkReset
 .sbss.phyLinkStatus
                0x0000000020000122        0x1 ./NetLib/eth_driver_10M.o
                0x0000000020000122                phyLinkStatus
 *fill*         0x0000000020000123        0x1 
 .sbss.phyLinkTime
                0x0000000020000124        0x4 ./NetLib/eth_driver_10M.o
                0x0000000020000124                phyLinkTime
 .sbss.phyStatus
                0x0000000020000128        0x1 ./NetLib/eth_driver_10M.o
                0x0000000020000128                phyStatus
 .sbss.phySucCnt
                0x0000000020000129        0x1 ./NetLib/eth_driver_10M.o
                0x0000000020000129                phySucCnt
 .sbss.P_Addr   0x000000002000012a        0x2 ./Modbus/ModbusTCP.o
                0x000000002000012a                P_Addr
 .sbss.P_ByteNum
                0x000000002000012c        0x2 ./Modbus/ModbusTCP.o
                0x000000002000012c                P_ByteNum
 .sbss.P_RegNum
                0x000000002000012e        0x2 ./Modbus/ModbusTCP.o
                0x000000002000012e                P_RegNum
 .sbss.P_TxCount
                0x0000000020000130        0x4 ./Modbus/ModbusTCP.o
                0x0000000020000130                P_TxCount
 .sbss.ARPTimer
                0x0000000020000134        0x4 C:\Users\Bogdan\mrs_community_workspace3\CH32V307ModbusTCP\NetLib\libwchnet.a(eth_api.o)
                0x0000000020000134                ARPTimer
 .sbss.ArpCheckTime
                0x0000000020000138        0x4 C:\Users\Bogdan\mrs_community_workspace3\CH32V307ModbusTCP\NetLib\libwchnet.a(eth_api.o)
                0x0000000020000138                ArpCheckTime
 .sbss.DHCPcoarseTimer
                0x000000002000013c        0x4 C:\Users\Bogdan\mrs_community_workspace3\CH32V307ModbusTCP\NetLib\libwchnet.a(eth_api.o)
                0x000000002000013c                DHCPcoarseTimer
 .sbss.DHCPfineTimer
                0x0000000020000140        0x4 C:\Users\Bogdan\mrs_community_workspace3\CH32V307ModbusTCP\NetLib\libwchnet.a(eth_api.o)
                0x0000000020000140                DHCPfineTimer
 .sbss.DNSTimer
                0x0000000020000144        0x4 C:\Users\Bogdan\mrs_community_workspace3\CH32V307ModbusTCP\NetLib\libwchnet.a(eth_api.o)
                0x0000000020000144                DNSTimer
 .sbss.IPFragTimer
                0x0000000020000148        0x4 C:\Users\Bogdan\mrs_community_workspace3\CH32V307ModbusTCP\NetLib\libwchnet.a(eth_api.o)
                0x0000000020000148                IPFragTimer
 .sbss.TCPTimer
                0x000000002000014c        0x4 C:\Users\Bogdan\mrs_community_workspace3\CH32V307ModbusTCP\NetLib\libwchnet.a(eth_api.o)
                0x000000002000014c                TCPTimer
 .sbss.TxTimer  0x0000000020000150        0x4 C:\Users\Bogdan\mrs_community_workspace3\CH32V307ModbusTCP\NetLib\libwchnet.a(eth_api.o)
                0x0000000020000150                TxTimer
 .sbss.phydatatime
                0x0000000020000154        0x4 C:\Users\Bogdan\mrs_community_workspace3\CH32V307ModbusTCP\NetLib\libwchnet.a(eth_api.o)
                0x0000000020000154                phydatatime
 .sbss.SockNumber