Archive member included to satisfy reference by file (symbol)

C:\Users\Bogdan\mrs_community_workspace\WebServer\NetLib\libwchnet.a(eth_api.o)
                              ./NetLib/eth_driver_10M.o (WCHNET_PeriodicHandle)
C:\Users\Bogdan\mrs_community_workspace\WebServer\NetLib\libwchnet.a(ipcheck.o)
                              C:\Users\Bogdan\mrs_community_workspace\WebServer\NetLib\libwchnet.a(eth_api.o) (IPCheckParaInit)
C:\Users\Bogdan\mrs_community_workspace\WebServer\NetLib\libwchnet.a(net_dhcp.o)
                              C:\Users\Bogdan\mrs_community_workspace\WebServer\NetLib\libwchnet.a(eth_api.o) (DHCPCtrl)
C:\Users\Bogdan\mrs_community_workspace\WebServer\NetLib\libwchnet.a(net_dns.o)
                              C:\Users\Bogdan\mrs_community_workspace\WebServer\NetLib\libwchnet.a(eth_api.o) (DNSInf)
C:\Users\Bogdan\mrs_community_workspace\WebServer\NetLib\libwchnet.a(socket.o)
                              C:\Users\Bogdan\mrs_community_workspace\WebServer\NetLib\libwchnet.a(net_dhcp.o) (ErrorEncode)
C:\Users\Bogdan\mrs_community_workspace\WebServer\NetLib\libwchnet.a(etharp.o)
                              C:\Users\Bogdan\mrs_community_workspace\WebServer\NetLib\libwchnet.a(eth_api.o) (etharp_tmr)
C:\Users\Bogdan\mrs_community_workspace\WebServer\NetLib\libwchnet.a(ethernetif.o)
                              C:\Users\Bogdan\mrs_community_workspace\WebServer\NetLib\libwchnet.a(eth_api.o) (ethernetif_input)
C:\Users\Bogdan\mrs_community_workspace\WebServer\NetLib\libwchnet.a(inet.o)
                              C:\Users\Bogdan\mrs_community_workspace\WebServer\NetLib\libwchnet.a(socket.o) (inet_ntoa)
C:\Users\Bogdan\mrs_community_workspace\WebServer\NetLib\libwchnet.a(ip.o)
                              C:\Users\Bogdan\mrs_community_workspace\WebServer\NetLib\libwchnet.a(etharp.o) (ip_input)
C:\Users\Bogdan\mrs_community_workspace\WebServer\NetLib\libwchnet.a(ip_addr.o)
                              C:\Users\Bogdan\mrs_community_workspace\WebServer\NetLib\libwchnet.a(socket.o) (ip_addr_isbroadcast)
C:\Users\Bogdan\mrs_community_workspace\WebServer\NetLib\libwchnet.a(ip_frag.o)
                              C:\Users\Bogdan\mrs_community_workspace\WebServer\NetLib\libwchnet.a(eth_api.o) (ip_reass_tmr)
C:\Users\Bogdan\mrs_community_workspace\WebServer\NetLib\libwchnet.a(dhcp.o)
                              C:\Users\Bogdan\mrs_community_workspace\WebServer\NetLib\libwchnet.a(net_dhcp.o) (dhcp_arp_reply)
C:\Users\Bogdan\mrs_community_workspace\WebServer\NetLib\libwchnet.a(dns.o)
                              C:\Users\Bogdan\mrs_community_workspace\WebServer\NetLib\libwchnet.a(dhcp.o) (dns_setserver)
C:\Users\Bogdan\mrs_community_workspace\WebServer\NetLib\libwchnet.a(init.o)
                              C:\Users\Bogdan\mrs_community_workspace\WebServer\NetLib\libwchnet.a(ethernetif.o) (lwip_init)
C:\Users\Bogdan\mrs_community_workspace\WebServer\NetLib\libwchnet.a(mem.o)
                              C:\Users\Bogdan\mrs_community_workspace\WebServer\NetLib\libwchnet.a(init.o) (mem_init)
C:\Users\Bogdan\mrs_community_workspace\WebServer\NetLib\libwchnet.a(memp.o)
                              C:\Users\Bogdan\mrs_community_workspace\WebServer\NetLib\libwchnet.a(init.o) (memp_init)
C:\Users\Bogdan\mrs_community_workspace\WebServer\NetLib\libwchnet.a(netif.o)
                              C:\Users\Bogdan\mrs_community_workspace\WebServer\NetLib\libwchnet.a(dhcp.o) (netif_set_ipaddr)
C:\Users\Bogdan\mrs_community_workspace\WebServer\NetLib\libwchnet.a(pbuf.o)
                              C:\Users\Bogdan\mrs_community_workspace\WebServer\NetLib\libwchnet.a(socket.o) (pbuf_header)
C:\Users\Bogdan\mrs_community_workspace\WebServer\NetLib\libwchnet.a(raw.o)
                              C:\Users\Bogdan\mrs_community_workspace\WebServer\NetLib\libwchnet.a(ip.o) (raw_input)
C:\Users\Bogdan\mrs_community_workspace\WebServer\NetLib\libwchnet.a(tcp.o)
                              C:\Users\Bogdan\mrs_community_workspace\WebServer\NetLib\libwchnet.a(socket.o) (tcp_bind)
C:\Users\Bogdan\mrs_community_workspace\WebServer\NetLib\libwchnet.a(tcp_in.o)
                              C:\Users\Bogdan\mrs_community_workspace\WebServer\NetLib\libwchnet.a(ip.o) (tcp_input)
C:\Users\Bogdan\mrs_community_workspace\WebServer\NetLib\libwchnet.a(tcp_out.o)
                              C:\Users\Bogdan\mrs_community_workspace\WebServer\NetLib\libwchnet.a(tcp.o) (tcp_enqueue)
C:\Users\Bogdan\mrs_community_workspace\WebServer\NetLib\libwchnet.a(udp.o)
                              C:\Users\Bogdan\mrs_community_workspace\WebServer\NetLib\libwchnet.a(ip.o) (udp_input)
C:\Users\Bogdan\mrs_community_workspace\WebServer\NetLib\libwchnet.a(icmp.o)
                              C:\Users\Bogdan\mrs_community_workspace\WebServer\NetLib\libwchnet.a(ip.o) (icmp_input)
C:\Users\Bogdan\mrs_community_workspace\WebServer\NetLib\libwchnet.a(inet_chksum.o)
[...]
Memory Configuration

Name             Origin             Length             Attributes
FLASH            0x0000000000000000 0x0000000000030000 xr
RAM              0x0000000020000000 0x0000000000020000 xrw
*default*        0x0000000000000000 0xffffffffffffffff

Linker script and memory map

LOAD ./User/ch32v30x_it.o
LOAD ./User/main.o
LOAD ./User/system_ch32v30x.o
LOAD ./Startup/startup_ch32v30x_D8C.o
LOAD ./Peripheral/src/ch32v30x_adc.o
LOAD ./Peripheral/src/ch32v30x_bkp.o
LOAD ./Peripheral/src/ch32v30x_can.o
LOAD ./Peripheral/src/ch32v30x_crc.o
LOAD ./Peripheral/src/ch32v30x_dac.o
LOAD ./Peripheral/src/ch32v30x_dbgmcu.o
LOAD ./Peripheral/src/ch32v30x_dma.o
LOAD ./Peripheral/src/ch32v30x_dvp.o
LOAD ./Peripheral/src/ch32v30x_eth.o
LOAD ./Peripheral/src/ch32v30x_exti.o
LOAD ./Peripheral/src/ch32v30x_flash.o
LOAD ./Peripheral/src/ch32v30x_fsmc.o
LOAD ./Peripheral/src/ch32v30x_gpio.o
LOAD ./Peripheral/src/ch32v30x_i2c.o
LOAD ./Peripheral/src/ch32v30x_iwdg.o
LOAD ./Peripheral/src/ch32v30x_misc.o
LOAD ./Peripheral/src/ch32v30x_opa.o
LOAD ./Peripheral/src/ch32v30x_pwr.o
LOAD ./Peripheral/src/ch32v30x_rcc.o
LOAD ./Peripheral/src/ch32v30x_rng.o
LOAD ./Peripheral/src/ch32v30x_rtc.o
LOAD ./Peripheral/src/ch32v30x_sdio.o
LOAD ./Peripheral/src/ch32v30x_spi.o
LOAD ./Peripheral/src/ch32v30x_tim.o
LOAD ./Peripheral/src/ch32v30x_usart.o
LOAD ./Peripheral/src/ch32v30x_wwdg.o
LOAD ./NetLib/eth_driver_10M.o
LOAD ./Modbus/Modbus_TCP_slave.o
LOAD ./HTTP/HTTPS.o
LOAD ./Debug/debug.o
LOAD ./Core/core_riscv.o
LOAD ./CRC16/CRC16.o
LOAD c:/mounriver/mrs_community/toolchain/risc-v embedded gcc/bin/../lib/gcc/riscv-none-embed/8.2.0/../../../../riscv-none-embed/lib/rv32imac/ilp32\libm.a
LOAD C:\Users\Bogdan\mrs_community_workspace\WebServer\NetLib\libwchnet.a
LOAD c:/mounriver/mrs_community/toolchain/risc-v embedded gcc/bin/../lib/gcc/riscv-none-embed/8.2.0/rv32imac/ilp32\libgcc.a
LOAD c:/mounriver/mrs_community/toolchain/risc-v embedded gcc/bin/../lib/gcc/riscv-none-embed/8.2.0/../../../../riscv-none-embed/lib/rv32imac/ilp32\libg_nano.a
LOAD c:/mounriver/mrs_community/toolchain/risc-v embedded gcc/bin/../lib/gcc/riscv-none-embed/8.2.0/../../../../riscv-none-embed/lib/rv32imac/ilp32\libc_nano.a
LOAD c:/mounriver/mrs_community/toolchain/risc-v embedded gcc/bin/../lib/gcc/riscv-none-embed/8.2.0/rv32imac/ilp32\libgcc.a
START GROUP
LOAD c:/mounriver/mrs_community/toolchain/risc-v embedded gcc/bin/../lib/gcc/riscv-none-embed/8.2.0/rv32imac/ilp32\libgcc.a
LOAD c:/mounriver/mrs_community/toolchain/risc-v embedded gcc/bin/../lib/gcc/riscv-none-embed/8.2.0/../../../../riscv-none-embed/lib/rv32imac/ilp32\libc_nano.a
LOAD c:/mounriver/mrs_community/toolchain/risc-v embedded gcc/bin/../lib/gcc/riscv-none-embed/8.2.0/../../../../riscv-none-embed/lib/rv32imac/ilp32\libnosys.a
END GROUP
START GROUP
LOAD c:/mounriver/mrs_community/toolchain/risc-v embedded gcc/bin/../lib/gcc/riscv-none-embed/8.2.0/rv32imac/ilp32\libgcc.a
LOAD c:/mounriver/mrs_community/toolchain/risc-v embedded gcc/bin/../lib/gcc/riscv-none-embed/8.2.0/../../../../riscv-none-embed/lib/rv32imac/ilp32\libc_nano.a
LOAD c:/mounriver/mrs_community/toolchain/risc-v embedded gcc/bin/../lib/gcc/riscv-none-embed/8.2.0/../../../../riscv-none-embed/lib/rv32imac/ilp32\libnosys.a
END GROUP
                0x0000000000000800                __stack_size = 0x800
                [!provide]                        PROVIDE (_stack_size = __stack_size)

.init           0x0000000000000000        0x4
                0x0000000000000000                _sinit = .
                0x0000000000000000                . = ALIGN (0x4)
 *(SORT_NONE(.init))
 .init          0x0000000000000000        0x4 ./Startup/startup_ch32v30x_D8C.o
                0x0000000000000000                _start
                0x0000000000000004                . = ALIGN (0x4)
                0x0000000000000004                _einit = .

.vector         0x0000000000000004      0x1bc
 *(.vector)
 .vector        0x0000000000000004      0x1a0 ./Startup/startup_ch32v30x_D8C.o
                0x00000000000001c0                . = ALIGN (0x40)
 *fill*         0x00000000000001a4       0x1c 

.text           0x00000000000001c0     0xb710
                0x00000000000001c0                . = ALIGN (0x4)
 *(.text)
 .text          0x00000000000001c0       0x60 c:/mounriver/mrs_community/toolchain/risc-v embedded gcc/bin/../lib/gcc/riscv-none-embed/8.2.0/rv32imac/ilp32\libgcc.a(save-restore.o)
                0x00000000000001c0                __riscv_save_12
                0x00000000000001c8                __riscv_save_9
                0x00000000000001c8                __riscv_save_11
                0x00000000000001c8                __riscv_save_10
                0x00000000000001c8                __riscv_save_8
                0x00000000000001d6                __riscv_save_4
                0x00000000000001d6                __riscv_save_6
                0x00000000000001d6                __riscv_save_5
                0x00000000000001d6                __riscv_save_7
                0x00000000000001f0                __riscv_save_3
                0x00000000000001f0                __riscv_save_2
                0x00000000000001f0                __riscv_save_1
                0x00000000000001f0                __riscv_save_0
                0x00000000000001fc                __riscv_restore_12
                0x0000000000000200                __riscv_restore_11
                0x0000000000000200                __riscv_restore_9
                0x0000000000000200                __riscv_restore_10
                0x0000000000000200                __riscv_restore_8
                0x000000000000020a                __riscv_restore_5
                0x000000000000020a                __riscv_restore_7
                0x000000000000020a                __riscv_restore_6
                0x000000000000020a                __riscv_restore_4
                0x0000000000000214                __riscv_restore_3
                0x0000000000000214                __riscv_restore_0
                0x0000000000000214                __riscv_restore_2
                0x0000000000000214                __riscv_restore_1
 .text          0x0000000000000220       0xa8 c:/mounriver/mrs_community/toolchain/risc-v embedded gcc/bin/../lib/gcc/riscv-none-embed/8.2.0/../../../../riscv-none-embed/lib/rv32imac/ilp32\libg_nano.a(lib_a-memset.o)
                0x0000000000000220                memset
 *(.text.*)
 .text.NMI_Handler
                0x00000000000002c8        0x2 ./User/ch32v30x_it.o
                0x00000000000002c8                NMI_Handler
 .text.HardFault_Handler
                0x00000000000002ca       0x44 ./User/ch32v30x_it.o
                0x00000000000002ca                HardFault_Handler
 .text.EXTI9_5_IRQHandler
                0x000000000000030e       0x54 ./User/ch32v30x_it.o
                0x000000000000030e                EXTI9_5_IRQHandler
 .text.ETH_IRQHandler
                0x0000000000000362        0x8 ./User/ch32v30x_it.o
                0x0000000000000362                ETH_IRQHandler
 .text.TIM2_IRQHandler
                0x000000000000036a       0x14 ./User/ch32v30x_it.o
                0x000000000000036a                TIM2_IRQHandler
 .text.EXTI3_IRQHandler
                0x000000000000037e       0x1e ./User/ch32v30x_it.o
                0x000000000000037e                EXTI3_IRQHandler
 .text.SysTick_Handler
                0x000000000000039c       0x24 ./User/ch32v30x_it.o
                0x000000000000039c                SysTick_Handler
 .text.USART2_Putch
                0x00000000000003c0       0x24 ./User/main.o
                0x00000000000003c0                USART2_Putch
 .text.USART2_Print
                0x00000000000003e4       0x24 ./User/main.o
                0x00000000000003e4                USART2_Print
 .text.SysTick_Config
                0x0000000000000408       0x2a ./User/main.o
                0x0000000000000408                SysTick_Config
 .text.mStopIfError
                0x0000000000000432       0x18 ./User/main.o
                0x0000000000000432                mStopIfError
 .text.TIM2_Init
                0x000000000000044a       0x6e ./User/main.o
                0x000000000000044a                TIM2_Init
 .text.WCHNET_CreateHTTPSocket
                0x00000000000004b8       0x4c ./User/main.o
                0x00000000000004b8                WCHNET_CreateHTTPSocket
 .text.WCHNET_CreateMODBUSSocket
                0x0000000000000504       0x4c ./User/main.o
                0x0000000000000504                WCHNET_CreateMODBUSSocket
 .text.WCHNET_HandleSockInt
                0x0000000000000550       0xfc ./User/main.o
                0x0000000000000550                WCHNET_HandleSockInt
 .text.WCHNET_HandleGlobalInt
                0x000000000000064c       0x84 ./User/main.o
                0x000000000000064c                WCHNET_HandleGlobalInt
 .text.GPIOInit
                0x00000000000006d0       0x4e ./User/main.o
                0x00000000000006d0                GPIOInit
 .text.startup.main
                0x000000000000071e      0x1a0 ./User/main.o
                0x000000000000071e                main
 .text.SystemInit
                0x00000000000008be       0xfa ./User/system_ch32v30x.o
                0x00000000000008be                SystemInit
 .text.SystemCoreClockUpdate
                0x00000000000009b8      0x12c ./User/system_ch32v30x.o
                0x00000000000009b8                SystemCoreClockUpdate
 .text.vector_handler
                0x0000000000000ae4        0x2 ./Startup/startup_ch32v30x_D8C.o
                0x0000000000000ae4                EXTI2_IRQHandler
                0x0000000000000ae4                TIM8_TRG_COM_IRQHandler
                0x0000000000000ae4                TIM8_CC_IRQHandler
                0x0000000000000ae4                UART8_IRQHandler
                0x0000000000000ae4                TIM1_CC_IRQHandler
                0x0000000000000ae4                TIM6_IRQHandler
                0x0000000000000ae4                PVD_IRQHandler
                0x0000000000000ae4                SDIO_IRQHandler
                0x0000000000000ae4                TIM9_BRK_IRQHandler
                0x0000000000000ae4                DMA2_Channel8_IRQHandler
                0x0000000000000ae4                CAN2_RX1_IRQHandler
                0x0000000000000ae4                USBHS_IRQHandler
                0x0000000000000ae4                DMA2_Channel9_IRQHandler
                0x0000000000000ae4                TIM10_CC_IRQHandler
                0x0000000000000ae4                USBFS_IRQHandler
                0x0000000000000ae4                EXTI0_IRQHandler
                0x0000000000000ae4                I2C2_EV_IRQHandler
                0x0000000000000ae4                TIM10_TRG_COM_IRQHandler
                0x0000000000000ae4                CAN2_SCE_IRQHandler
                0x0000000000000ae4                ADC1_2_IRQHandler
                0x0000000000000ae4                Break_Point_Handler
                0x0000000000000ae4                SPI1_IRQHandler
                0x0000000000000ae4                TAMPER_IRQHandler
                0x0000000000000ae4                CAN2_RX0_IRQHandler
                0x0000000000000ae4                TIM8_UP_IRQHandler
                0x0000000000000ae4                Ecall_M_Mode_Handler
                0x0000000000000ae4                DMA2_Channel2_IRQHandler
                0x0000000000000ae4                DMA1_Channel4_IRQHandler
                0x0000000000000ae4                TIM9_UP_IRQHandler
                0x0000000000000ae4                USART3_IRQHandler
                0x0000000000000ae4                RTC_IRQHandler
                0x0000000000000ae4                DMA1_Channel7_IRQHandler
                0x0000000000000ae4                CAN1_RX1_IRQHandler
                0x0000000000000ae4                DVP_IRQHandler
                0x0000000000000ae4                UART5_IRQHandler
                0x0000000000000ae4                TIM4_IRQHandler
                0x0000000000000ae4                DMA2_Channel1_IRQHandler
                0x0000000000000ae4                I2C1_EV_IRQHandler
                0x0000000000000ae4                DMA1_Channel6_IRQHandler
                0x0000000000000ae4                UART4_IRQHandler
                0x0000000000000ae4                DMA2_Channel4_IRQHandler
                0x0000000000000ae4                TIM3_IRQHandler
                0x0000000000000ae4                RCC_IRQHandler
                0x0000000000000ae4                TIM1_TRG_COM_IRQHandler
                0x0000000000000ae4                DMA1_Channel1_IRQHandler
                0x0000000000000ae4                DMA2_Channel7_IRQHandler
                0x0000000000000ae4                EXTI15_10_IRQHandler
                0x0000000000000ae4                TIM7_IRQHandler
                0x0000000000000ae4                CAN2_TX_IRQHandler
                0x0000000000000ae4                TIM5_IRQHandler
                0x0000000000000ae4                ETH_WKUP_IRQHandler
                0x0000000000000ae4                SPI2_IRQHandler
                0x0000000000000ae4                TIM10_BRK_IRQHandler
                0x0000000000000ae4                TIM9_CC_IRQHandler
                0x0000000000000ae4                DMA2_Channel5_IRQHandler
                0x0000000000000ae4                DMA1_Channel5_IRQHandler
                0x0000000000000ae4                EXTI4_IRQHandler
                0x0000000000000ae4                USB_LP_CAN1_RX0_IRQHandler
                0x0000000000000ae4                RNG_IRQHandler
                0x0000000000000ae4                USB_HP_CAN1_TX_IRQHandler
                0x0000000000000ae4                DMA1_Channel3_IRQHandler
                0x0000000000000ae4                TIM1_UP_IRQHandler
                0x0000000000000ae4                WWDG_IRQHandler
                0x0000000000000ae4                USBHSWakeup_IRQHandler
                0x0000000000000ae4                DMA2_Channel11_IRQHandler
                0x0000000000000ae4                Ecall_U_Mode_Handler
                0x0000000000000ae4                DMA2_Channel6_IRQHandler
                0x0000000000000ae4                SW_Handler
                0x0000000000000ae4                TIM1_BRK_IRQHandler
                0x0000000000000ae4                DMA2_Channel10_IRQHandler
                0x0000000000000ae4                EXTI1_IRQHandler
                0x0000000000000ae4                RTCAlarm_IRQHandler
                0x0000000000000ae4                TIM10_UP_IRQHandler
                0x0000000000000ae4                TIM9_TRG_COM_IRQHandler
                0x0000000000000ae4                UART7_IRQHandler
                0x0000000000000ae4                USART2_IRQHandler
                0x0000000000000ae4                UART6_IRQHandler
                0x0000000000000ae4                I2C2_ER_IRQHandler
                0x0000000000000ae4                DMA1_Channel2_IRQHandler
                0x0000000000000ae4                TIM8_BRK_IRQHandler
                0x0000000000000ae4                CAN1_SCE_IRQHandler
                0x0000000000000ae4                FLASH_IRQHandler
                0x0000000000000ae4                USART1_IRQHandler
                0x0000000000000ae4                SPI3_IRQHandler
                0x0000000000000ae4                I2C1_ER_IRQHandler
                0x0000000000000ae4                USBWakeUp_IRQHandler
                0x0000000000000ae4                DMA2_Channel3_IRQHandler
 .text.handle_reset
                0x0000000000000ae6       0x8e ./Startup/startup_ch32v30x_D8C.o
                0x0000000000000ae6                handle_reset
 .text.DBGMCU_GetCHIPID
                0x0000000000000b74        0xa ./Peripheral/src/ch32v30x_dbgmcu.o
                0x0000000000000b74                DBGMCU_GetCHIPID
 .text.ETH_DeInit
                0x0000000000000b7e       0x14 ./Peripheral/src/ch32v30x_eth.o
                0x0000000000000b7e                ETH_DeInit
 .text.ETH_StructInit
                0x0000000000000b92       0xd8 ./Peripheral/src/ch32v30x_eth.o
                0x0000000000000b92                ETH_StructInit
 .text.ETH_ReadPHYRegister
                0x0000000000000c6a       0x58 ./Peripheral/src/ch32v30x_eth.o
                0x0000000000000c6a                ETH_ReadPHYRegister
 .text.ETH_WritePHYRegister
                0x0000000000000cc2       0x52 ./Peripheral/src/ch32v30x_eth.o
                0x0000000000000cc2                ETH_WritePHYRegister
 .text.ETH_DMATxDescChainInit
                0x0000000000000d14       0x42 ./Peripheral/src/ch32v30x_eth.o
                0x0000000000000d14                ETH_DMATxDescChainInit
 .text.ETH_DMARxDescChainInit
                0x0000000000000d56       0x4c ./Peripheral/src/ch32v30x_eth.o
                0x0000000000000d56                ETH_DMARxDescChainInit
 .text.ETH_SoftwareReset
                0x0000000000000da2        0xe ./Peripheral/src/ch32v30x_eth.o
                0x0000000000000da2                ETH_SoftwareReset
 .text.ETH_DMAClearITPendingBit
                0x0000000000000db0        0x8 ./Peripheral/src/ch32v30x_eth.o
                0x0000000000000db0                ETH_DMAClearITPendingBit
 .text.ETH_FlushTransmitFIFO
                0x0000000000000db8       0x10 ./Peripheral/src/ch32v30x_eth.o
                0x0000000000000db8                ETH_FlushTransmitFIFO
 .text.ETH_Start
                0x0000000000000dc8       0x32 ./Peripheral/src/ch32v30x_eth.o
                0x0000000000000dc8                ETH_Start
 .text.ETH_DMAITConfig
                0x0000000000000dfa       0x1e ./Peripheral/src/ch32v30x_eth.o
                0x0000000000000dfa                ETH_DMAITConfig
 .text.EXTI_GetITStatus
                0x0000000000000e18       0x1e ./Peripheral/src/ch32v30x_exti.o
                0x0000000000000e18                EXTI_GetITStatus
 .text.EXTI_ClearITPendingBit
                0x0000000000000e36        0xa ./Peripheral/src/ch32v30x_exti.o
                0x0000000000000e36                EXTI_ClearITPendingBit
 .text.GPIO_Init
                0x0000000000000e40       0xc2 ./Peripheral/src/ch32v30x_gpio.o
                0x0000000000000e40                GPIO_Init
 .text.GPIO_ReadInputDataBit
                0x0000000000000f02        0xa ./Peripheral/src/ch32v30x_gpio.o
                0x0000000000000f02                GPIO_ReadInputDataBit
 .text.GPIO_SetBits
                0x0000000000000f0c        0x4 ./Peripheral/src/ch32v30x_gpio.o
                0x0000000000000f0c                GPIO_SetBits
 .text.GPIO_ResetBits
                0x0000000000000f10        0x4 ./Peripheral/src/ch32v30x_gpio.o
                0x0000000000000f10                GPIO_ResetBits
 .text.RCC_GetClocksFreq
                0x0000000000000f14      0x17e ./Peripheral/src/ch32v30x_rcc.o
                0x0000000000000f14                RCC_GetClocksFreq
 .text.RCC_AHBPeriphClockCmd
                0x0000000000001092       0x1e ./Peripheral/src/ch32v30x_rcc.o
                0x0000000000001092                RCC_AHBPeriphClockCmd
 .text.RCC_APB2PeriphClockCmd
                0x00000000000010b0       0x1e ./Peripheral/src/ch32v30x_rcc.o
                0x00000000000010b0                RCC_APB2PeriphClockCmd
 .text.RCC_APB1PeriphClockCmd
                0x00000000000010ce       0x1e ./Peripheral/src/ch32v30x_rcc.o
                0x00000000000010ce                RCC_APB1PeriphClockCmd
 .text.RCC_GetFlagStatus
                0x00000000000010ec       0x2e ./Peripheral/src/ch32v30x_rcc.o
                0x00000000000010ec                RCC_GetFlagStatus
 .text.RCC_PREDIV2Config
                0x000000000000111a       0x10 ./Peripheral/src/ch32v30x_rcc.o
                0x000000000000111a                RCC_PREDIV2Config
 .text.RCC_PLL3Config
                0x000000000000112a       0x12 ./Peripheral/src/ch32v30x_rcc.o
                0x000000000000112a                RCC_PLL3Config
 .text.RCC_PLL3Cmd
                0x000000000000113c       0x24 ./Peripheral/src/ch32v30x_rcc.o
                0x000000000000113c                RCC_PLL3Cmd
 .text.RCC_AHBPeriphResetCmd
                0x0000000000001160       0x1e ./Peripheral/src/ch32v30x_rcc.o
                0x0000000000001160                RCC_AHBPeriphResetCmd
 .text.TIM_TimeBaseInit
                0x000000000000117e       0xc0 ./Peripheral/src/ch32v30x_tim.o
                0x000000000000117e                TIM_TimeBaseInit
 .text.TIM_Cmd  0x000000000000123e       0x1c ./Peripheral/src/ch32v30x_tim.o
                0x000000000000123e                TIM_Cmd
 .text.TIM_ITConfig
                0x000000000000125a       0x16 ./Peripheral/src/ch32v30x_tim.o
                0x000000000000125a                TIM_ITConfig
 .text.TIM_ClearITPendingBit
                0x0000000000001270        0xe ./Peripheral/src/ch32v30x_tim.o
                0x0000000000001270                TIM_ClearITPendingBit
 .text.USART_Init
                0x000000000000127e       0xa6 ./Peripheral/src/ch32v30x_usart.o
                0x000000000000127e                USART_Init
 .text.USART_Cmd
                0x0000000000001324       0x1c ./Peripheral/src/ch32v30x_usart.o
                0x0000000000001324                USART_Cmd
 .text.USART_SendData
                0x0000000000001340        0xa ./Peripheral/src/ch32v30x_usart.o
                0x0000000000001340                USART_SendData
 .text.USART_GetFlagStatus
                0x000000000000134a        0xc ./Peripheral/src/ch32v30x_usart.o
                0x000000000000134a                USART_GetFlagStatus
 .text.ETH_TxPktChainMode
                0x0000000000001356       0x40 ./NetLib/eth_driver_10M.o
                0x0000000000001356                ETH_TxPktChainMode
 .text.ETH_LedDataSet
                0x0000000000001396       0x1e ./NetLib/eth_driver_10M.o
                0x0000000000001396                ETH_LedDataSet
 .text.ETH_LedLinkSet
                0x00000000000013b4       0x1e ./NetLib/eth_driver_10M.o
                0x00000000000013b4                ETH_LedLinkSet
 .text.WCHNET_GetMacAddr
                0x00000000000013d2       0x24 ./NetLib/eth_driver_10M.o
                0x00000000000013d2                WCHNET_GetMacAddr
 .text.WCHNET_TimeIsr
                0x00000000000013f6        0xc ./NetLib/eth_driver_10M.o
                0x00000000000013f6                WCHNET_TimeIsr
 .text.WCHNET_PhyPNProcess
                0x0000000000001402       0xaa ./NetLib/eth_driver_10M.o
                0x0000000000001402                WCHNET_PhyPNProcess
 .text.WCHNET_LinkProcess
                0x00000000000014ac      0x37c ./NetLib/eth_driver_10M.o
                0x00000000000014ac                WCHNET_LinkProcess
 .text.WCHNET_HandlePhyNegotiation
                0x0000000000001828      0x1a6 ./NetLib/eth_driver_10M.o
                0x0000000000001828                WCHNET_HandlePhyNegotiation
 .text.ETH_LedConfiguration
                0x00000000000019ce       0x46 ./NetLib/eth_driver_10M.o
                0x00000000000019ce                ETH_LedConfiguration
 .text.ETH_SetClock
                0x0000000000001a14       0x2a ./NetLib/eth_driver_10M.o
                0x0000000000001a14                ETH_SetClock
 .text.ETH_LinkUpCfg
                0x0000000000001a3e       0x56 ./NetLib/eth_driver_10M.o
                0x0000000000001a3e                ETH_LinkUpCfg
 .text.ETH_PHYLink
                0x0000000000001a94       0xf2 ./NetLib/eth_driver_10M.o
                0x0000000000001a94                ETH_PHYLink
 .text.ReInitMACReg
                0x0000000000001b86      0x27c ./NetLib/eth_driver_10M.o
                0x0000000000001b86                ReInitMACReg
 .text.WCHNET_RecProcess
                0x0000000000001e02       0x2a ./NetLib/eth_driver_10M.o
                0x0000000000001e02                WCHNET_RecProcess
 .text.WCHNET_MainTask
                0x0000000000001e2c       0x16 ./NetLib/eth_driver_10M.o
                0x0000000000001e2c                WCHNET_MainTask
 .text.ETH_RegInit
                0x0000000000001e42       0xda ./NetLib/eth_driver_10M.o
                0x0000000000001e42                ETH_RegInit
 .text.ETH_Configuration
                0x0000000000001f1c       0xe6 ./NetLib/eth_driver_10M.o
                0x0000000000001f1c                ETH_Configuration
 .text.WCHNET_ETHIsr
                0x0000000000002002       0x7e ./NetLib/eth_driver_10M.o
                0x0000000000002002                WCHNET_ETHIsr
 .text.ETH_Init
                0x0000000000002080       0x8e ./NetLib/eth_driver_10M.o
                0x0000000000002080                ETH_Init
 .text.ETH_LibInit
                0x000000000000210e       0x84 ./NetLib/eth_driver_10M.o
                0x000000000000210e                ETH_LibInit
 .text.TCP_Exception_RSP
                0x0000000000002192       0x62 ./Modbus/Modbus_TCP_slave.o
                0x0000000000002192                TCP_Exception_RSP
 .text.TCP_RSP_01_02
                0x00000000000021f4      0x20c ./Modbus/Modbus_TCP_slave.o
                0x00000000000021f4                TCP_RSP_01_02
 .text.TCP_RSP_03_04
                0x0000000000002400      0x102 ./Modbus/Modbus_TCP_slave.o
                0x0000000000002400                TCP_RSP_03_04
 .text.TCP_RSP_05
                0x0000000000002502       0xf4 ./Modbus/Modbus_TCP_slave.o
                0x0000000000002502                TCP_RSP_05
 .text.TCP_RSP_06
                0x00000000000025f6       0xae ./Modbus/Modbus_TCP_slave.o
                0x00000000000025f6                TCP_RSP_06
 .text.TCP_RSP_0F
                0x00000000000026a4      0x174 ./Modbus/Modbus_TCP_slave.o
                0x00000000000026a4                TCP_RSP_0F
 .text.TCP_RSP_10
                0x0000000000002818       0xd2 ./Modbus/Modbus_TCP_slave.o
                0x0000000000002818                TCP_RSP_10
 .text.MB_TCP_RSP
                0x00000000000028ea       0x6a ./Modbus/Modbus_TCP_slave.o
                0x00000000000028ea                MB_TCP_RSP
 .text.MB_Parse_Data
                0x0000000000002954       0xcc ./Modbus/Modbus_TCP_slave.o
                0x0000000000002954                MB_Parse_Data
 .text.Data_Send.part.0
                0x0000000000002a20       0x32 ./HTTP/HTTPS.o
 .text.ParseHttpRequest
                0x0000000000002a52       0x70 ./HTTP/HTTPS.o
                0x0000000000002a52                ParseHttpRequest
 .text.ParseURLType
                0x0000000000002ac2       0x34 ./HTTP/HTTPS.o
                0x0000000000002ac2                ParseURLType
 .text.MakeHttpResponse
                0x0000000000002af6       0x66 ./HTTP/HTTPS.o
                0x0000000000002af6                MakeHttpResponse
 .text.copy_flash
                0x0000000000002b5c       0x2c ./HTTP/HTTPS.o
                0x0000000000002b5c                copy_flash
 .text.strFind  0x0000000000002b88       0x52 ./HTTP/HTTPS.o
                0x0000000000002b88                strFind
 .text.Web_Server
                0x0000000000002bda      0x16c ./HTTP/HTTPS.o
                0x0000000000002bda                Web_Server
 .text.USART_Printf_Init
                0x0000000000002d46       0xc2 ./Debug/debug.o
                0x0000000000002d46                USART_Printf_Init
 .text._write   0x0000000000002e08       0x3e ./Debug/debug.o
                0x0000000000002e08                _write
 .text._sbrk    0x0000000000002e46       0x2a ./Debug/debug.o
                0x0000000000002e46                _sbrk
 .text.__get_MEPC
                0x0000000000002e70        0x6 ./Core/core_riscv.o
                0x0000000000002e70                __get_MEPC
 .text.__get_MCAUSE
                0x0000000000002e76        0x6 ./Core/core_riscv.o
                0x0000000000002e76                __get_MCAUSE
 .text.__get_MTVAL
                0x0000000000002e7c        0x6 ./Core/core_riscv.o
                0x0000000000002e7c                __get_MTVAL
 .text.WCHNET_PeriodicHandle
                0x0000000000002e82      0x1b8 C:\Users\Bogdan\mrs_community_workspace\WebServer\NetLib\libwchnet.a(eth_api.o)
                0x0000000000002e82                WCHNET_PeriodicHandle
 .text.WCHNET_NetInput
                0x000000000000303a       0x14 C:\Users\Bogdan\mrs_community_workspace\WebServer\NetLib\libwchnet.a(eth_api.o)
                0x000000000000303a                WCHNET_NetInput
 .text.WCHNET_PhyStatus
                0x000000000000304e       0x4e C:\Users\Bogdan\mrs_community_workspace\WebServer\NetLib\libwchnet.a(eth_api.o)
                0x000000000000304e                WCHNET_PhyStatus
 .text.WCHNET_Rx
                0x000000000000309c       0x96 C:\Users\Bogdan\mrs_community_workspace\WebServer\NetLib\libwchnet.a(eth_api.o)
                0x000000000000309c                WCHNET_Rx
 .text.setRxBuffAddr
                0x0000000000003132       0x12 C:\Users\Bogdan\mrs_community_workspace\WebServer\NetLib\libwchnet.a(eth_api.o)
                0x0000000000003132                setRxBuffAddr
 .text.WCHNET_Tx
                0x0000000000003144       0x32 C:\Users\Bogdan\mrs_community_workspace\WebServer\NetLib\libwchnet.a(eth_api.o)
                0x0000000000003144                WCHNET_Tx
 .text.GetChipID
                0x0000000000003176        0xe C:\Users\Bogdan\mrs_community_workspace\WebServer\NetLib\libwchnet.a(eth_api.o)
                0x0000000000003176                GetChipID
 .text.getTxBuffAddr
                0x0000000000003184       0x6c C:\Users\Bogdan\mrs_community_workspace\WebServer\NetLib\libwchnet.a(eth_api.o)
                0x0000000000003184                getTxBuffAddr
 .text.IPCheckParaInit
                0x00000000000031f0       0x1e C:\Users\Bogdan\mrs_community_workspace\WebServer\NetLib\libwchnet.a(ipcheck.o)
                0x00000000000031f0                IPCheckParaInit
 .text.SelIPARPSend
                0x000000000000320e       0x38 C:\Users\Bogdan\mrs_community_workspace\WebServer\NetLib\libwchnet.a(ipcheck.o)
                0x000000000000320e                SelIPARPSend
 .text.IPCheckTmr
                0x0000000000003246       0x42 C:\Users\Bogdan\mrs_community_workspace\WebServer\NetLib\libwchnet.a(ipcheck.o)
                0x0000000000003246                IPCheckTmr
 .text.IPConflictHandle
                0x0000000000003288       0x2e C:\Users\Bogdan\mrs_community_workspace\WebServer\NetLib\libwchnet.a(ipcheck.o)
                0x0000000000003288                IPConflictHandle
 .text.NET_TCPError
                0x00000000000032b6        0x2 C:\Users\Bogdan\mrs_community_workspace\WebServer\NetLib\libwchnet.a(socket.o)
                0x00000000000032b6                NET_TCPError
 .text.LwipTCPSendCallBack
                0x00000000000032b8       0x3e C:\Users\Bogdan\mrs_community_workspace\WebServer\NetLib\libwchnet.a(socket.o)
                0x00000000000032b8                LwipTCPSendCallBack
 .text.LwipTCPPollCallBack
                0x00000000000032f6        0x4 C:\Users\Bogdan\mrs_community_workspace\WebServer\NetLib\libwchnet.a(socket.o)
                0x00000000000032f6                LwipTCPPollCallBack
 .text.SocketIPRAWReceive
                0x00000000000032fa       0xc0 C:\Users\Bogdan\mrs_community_workspace\WebServer\NetLib\libwchnet.a(socket.o)
                0x00000000000032fa                SocketIPRAWReceive
 .text.SocketUdpReceive
                0x00000000000033ba       0xd6 C:\Users\Bogdan\mrs_community_workspace\WebServer\NetLib\libwchnet.a(socket.o)
                0x00000000000033ba                SocketUdpReceive
 .text.WCHSocketTCPReceive
                0x0000000000003490       0xdc C:\Users\Bogdan\mrs_community_workspace\WebServer\NetLib\libwchnet.a(socket.o)
                0x0000000000003490                WCHSocketTCPReceive
 .text.WCHTCPServerAccept
                0x000000000000356c       0xc6 C:\Users\Bogdan\mrs_community_workspace\WebServer\NetLib\libwchnet.a(socket.o)
                0x000000000000356c                WCHTCPServerAccept
 .text.ErrorEncode
                0x0000000000003632       0x1a C:\Users\Bogdan\mrs_community_workspace\WebServer\NetLib\libwchnet.a(socket.o)
                0x0000000000003632                ErrorEncode
 .text.WCHSocketInit
                0x000000000000364c       0x4c C:\Users\Bogdan\mrs_community_workspace\WebServer\NetLib\libwchnet.a(socket.o)
                0x000000000000364c                WCHSocketInit
 .text.WCHNET_Init
                0x0000000000003698       0xac C:\Users\Bogdan\mrs_community_workspace\WebServer\NetLib\libwchnet.a(socket.o)
                0x0000000000003698                WCHNET_Init
 .text.WCHNET_ConfigLIB
                0x0000000000003744      0x130 C:\Users\Bogdan\mrs_community_workspace\WebServer\NetLib\libwchnet.a(socket.o)
                0x0000000000003744                WCHNET_ConfigLIB
 .text.WCHNET_GetVer
                0x0000000000003874        0x4 C:\Users\Bogdan\mrs_community_workspace\WebServer\NetLib\libwchnet.a(socket.o)
                0x0000000000003874                WCHNET_GetVer
 .text.WCHFindCorrectTCBPcb
                0x0000000000003878       0x5e C:\Users\Bogdan\mrs_community_workspace\WebServer\NetLib\libwchnet.a(socket.o)
                0x0000000000003878                WCHFindCorrectTCBPcb
 .text.WCHNET_SocketCreat
                0x00000000000038d6      0x1d2 C:\Users\Bogdan\mrs_community_workspace\WebServer\NetLib\libwchnet.a(socket.o)
                0x00000000000038d6                WCHNET_SocketCreat
 .text.tcp_recved_socket
                0x0000000000003aa8       0x4a C:\Users\Bogdan\mrs_community_workspace\WebServer\NetLib\libwchnet.a(socket.o)
                0x0000000000003aa8                tcp_recved_socket
 .text.WCHNET_ModifyRecvBuf
                0x0000000000003af2       0x52 C:\Users\Bogdan\mrs_community_workspace\WebServer\NetLib\libwchnet.a(socket.o)
                0x0000000000003af2                WCHNET_ModifyRecvBuf
 .text.WCHNET_SocketRecv
                0x0000000000003b44       0xe8 C:\Users\Bogdan\mrs_community_workspace\WebServer\NetLib\libwchnet.a(socket.o)
                0x0000000000003b44                WCHNET_SocketRecv
 .text.WCHNET_SocketRecvLen
                0x0000000000003c2c       0x26 C:\Users\Bogdan\mrs_community_workspace\WebServer\NetLib\libwchnet.a(socket.o)
                0x0000000000003c2c                WCHNET_SocketRecvLen
 .text.SocketIPRawSend
                0x0000000000003c52       0xbe C:\Users\Bogdan\mrs_community_workspace\WebServer\NetLib\libwchnet.a(socket.o)
                0x0000000000003c52                SocketIPRawSend
 .text.SocketUdpSend
                0x0000000000003d10       0xbe C:\Users\Bogdan\mrs_community_workspace\WebServer\NetLib\libwchnet.a(socket.o)
                0x0000000000003d10                SocketUdpSend
 .text.SocketTcpSend
                0x0000000000003dce       0xf0 C:\Users\Bogdan\mrs_community_workspace\WebServer\NetLib\libwchnet.a(socket.o)
                0x0000000000003dce                SocketTcpSend
 .text.WCHNET_SocketSend
                0x0000000000003ebe       0x56 C:\Users\Bogdan\mrs_community_workspace\WebServer\NetLib\libwchnet.a(socket.o)
                0x0000000000003ebe                WCHNET_SocketSend
 .text.WCHScokedIntHandle
                0x0000000000003f14       0x52 C:\Users\Bogdan\mrs_community_workspace\WebServer\NetLib\libwchnet.a(socket.o)
                0x0000000000003f14                WCHScokedIntHandle
 .text.LwipRemoveTcpPcb
                0x0000000000003f66       0x9c C:\Users\Bogdan\mrs_community_workspace\WebServer\NetLib\libwchnet.a(socket.o)
                0x0000000000003f66                LwipRemoveTcpPcb
 .text.WCHNET_QueryGlobalInt
                0x0000000000004002       0x3e C:\Users\Bogdan\mrs_community_workspace\WebServer\NetLib\libwchnet.a(socket.o)
                0x0000000000004002                WCHNET_QueryGlobalInt
 .text.WCHNET_GetGlobalInt
                0x0000000000004040       0x14 C:\Users\Bogdan\mrs_community_workspace\WebServer\NetLib\libwchnet.a(socket.o)
                0x0000000000004040                WCHNET_GetGlobalInt
 .text.WCHNET_GetSocketInt
                0x0000000000004054       0x2a C:\Users\Bogdan\mrs_community_workspace\WebServer\NetLib\libwchnet.a(socket.o)
                0x0000000000004054                WCHNET_GetSocketInt
 .text.WCHNET_GetPHYStatus
                0x000000000000407e        0xa C:\Users\Bogdan\mrs_community_workspace\WebServer\NetLib\libwchnet.a(socket.o)
                0x000000000000407e                WCHNET_GetPHYStatus
 .text.WCHNET_SocketListen
                0x0000000000004088       0x6e C:\Users\Bogdan\mrs_community_workspace\WebServer\NetLib\libwchnet.a(socket.o)
                0x0000000000004088                WCHNET_SocketListen
 .text.CloseUpdConnect
                0x00000000000040f6       0x38 C:\Users\Bogdan\mrs_community_workspace\WebServer\NetLib\libwchnet.a(socket.o)
                0x00000000000040f6                CloseUpdConnect
 .text.CloseIPRAWConnect
                0x000000000000412e       0x38 C:\Users\Bogdan\mrs_community_workspace\WebServer\NetLib\libwchnet.a(socket.o)
                0x000000000000412e                CloseIPRAWConnect
 .text.CloseTcpPCB
                0x0000000000004166       0x7e C:\Users\Bogdan\mrs_community_workspace\WebServer\NetLib\libwchnet.a(socket.o)
                0x0000000000004166                CloseTcpPCB
 .text.WCHNET_SocketClose
                0x00000000000041e4       0x60 C:\Users\Bogdan\mrs_community_workspace\WebServer\NetLib\libwchnet.a(socket.o)
                0x00000000000041e4                WCHNET_SocketClose
 .text.QueryPingEnable
                0x0000000000004244        0xe C:\Users\Bogdan\mrs_community_workspace\WebServer\NetLib\libwchnet.a(socket.o)
                0x0000000000004244                QueryPingEnable
 .text.LwipUnreachPort
                0x0000000000004252       0x1a C:\Users\Bogdan\mrs_community_workspace\WebServer\NetLib\libwchnet.a(socket.o)
                0x0000000000004252                LwipUnreachPort
 .text.LwipArpCheck
                0x000000000000426c        0xc C:\Users\Bogdan\mrs_community_workspace\WebServer\NetLib\libwchnet.a(socket.o)
                0x000000000000426c                LwipArpCheck
 .text.find_entry
                0x0000000000004278      0x17e C:\Users\Bogdan\mrs_community_workspace\WebServer\NetLib\libwchnet.a(etharp.o)
 .text.update_arp_entry
                0x00000000000043f6       0xb2 C:\Users\Bogdan\mrs_community_workspace\WebServer\NetLib\libwchnet.a(etharp.o)
 .text.etharp_tmr
                0x00000000000044a8       0x4e C:\Users\Bogdan\mrs_community_workspace\WebServer\NetLib\libwchnet.a(etharp.o)
                0x00000000000044a8                etharp_tmr
 .text.etharp_ip_input
                0x00000000000044f6       0x5a C:\Users\Bogdan\mrs_community_workspace\WebServer\NetLib\libwchnet.a(etharp.o)
                0x00000000000044f6                etharp_ip_input
 .text.etharp_arp_input
                0x0000000000004550      0x168 C:\Users\Bogdan\mrs_community_workspace\WebServer\NetLib\libwchnet.a(etharp.o)
                0x0000000000004550                etharp_arp_input
 .text.etharp_request
                0x00000000000046b8       0xce C:\Users\Bogdan\mrs_community_workspace\WebServer\NetLib\libwchnet.a(etharp.o)
                0x00000000000046b8                etharp_request
 .text.etharp_query
                0x0000000000004786       0xe2 C:\Users\Bogdan\mrs_community_workspace\WebServer\NetLib\libwchnet.a(etharp.o)
                0x0000000000004786                etharp_query
 .text.etharp_output
                0x0000000000004868      0x134 C:\Users\Bogdan\mrs_community_workspace\WebServer\NetLib\libwchnet.a(etharp.o)
                0x0000000000004868                etharp_output
 .text.ethernet_input
                0x000000000000499c       0x86 C:\Users\Bogdan\mrs_community_workspace\WebServer\NetLib\libwchnet.a(etharp.o)
                0x000000000000499c                ethernet_input
 .text.ethernetif_init
                0x0000000000004a22       0x64 C:\Users\Bogdan\mrs_community_workspace\WebServer\NetLib\libwchnet.a(ethernetif.o)
                0x0000000000004a22                ethernetif_init
 .text.low_level_output
                0x0000000000004a86       0x52 C:\Users\Bogdan\mrs_community_workspace\WebServer\NetLib\libwchnet.a(ethernetif.o)
 .text.ethernetif_input
                0x0000000000004ad8       0x70 C:\Users\Bogdan\mrs_community_workspace\WebServer\NetLib\libwchnet.a(ethernetif.o)
                0x0000000000004ad8                ethernetif_input
 .text.wch_ethernetif_init
                0x0000000000004b48       0x76 C:\Users\Bogdan\mrs_community_workspace\WebServer\NetLib\libwchnet.a(ethernetif.o)
                0x0000000000004b48                wch_ethernetif_init
 .text.htons    0x0000000000004bbe        0xe C:\Users\Bogdan\mrs_community_workspace\WebServer\NetLib\libwchnet.a(inet.o)
                0x0000000000004bbe                htons
 .text.ntohs    0x0000000000004bcc        0xe C:\Users\Bogdan\mrs_community_workspace\WebServer\NetLib\libwchnet.a(inet.o)
                0x0000000000004bcc                ntohs
 .text.htonl    0x0000000000004bda       0x24 C:\Users\Bogdan\mrs_community_workspace\WebServer\NetLib\libwchnet.a(inet.o)
                0x0000000000004bda                htonl
 .text.ntohl    0x0000000000004bfe        0xc C:\Users\Bogdan\mrs_community_workspace\WebServer\NetLib\libwchnet.a(inet.o)
                0x0000000000004bfe                ntohl
 .text.ip_route
                0x0000000000004c0a       0x4c C:\Users\Bogdan\mrs_community_workspace\WebServer\NetLib\libwchnet.a(ip.o)
                0x0000000000004c0a                ip_route
 .text.ip_input
                0x0000000000004c56      0x29a C:\Users\Bogdan\mrs_community_workspace\WebServer\NetLib\libwchnet.a(ip.o)
                0x0000000000004c56                ip_input
 .text.ip_output_if
                0x0000000000004ef0      0x15a C:\Users\Bogdan\mrs_community_workspace\WebServer\NetLib\libwchnet.a(ip.o)
                0x0000000000004ef0                ip_output_if
 .text.ip_output
                0x000000000000504a       0x36 C:\Users\Bogdan\mrs_community_workspace\WebServer\NetLib\libwchnet.a(ip.o)
                0x000000000000504a                ip_output
 .text.ip_addr_isbroadcast
                0x0000000000005080       0x4a C:\Users\Bogdan\mrs_community_workspace\WebServer\NetLib\libwchnet.a(ip_addr.o)
                0x0000000000005080                ip_addr_isbroadcast
 .text.ip_reass_tmr
                0x00000000000050ca       0xe6 C:\Users\Bogdan\mrs_community_workspace\WebServer\NetLib\libwchnet.a(ip_frag.o)
                0x00000000000050ca                ip_reass_tmr
 .text.ip_reass
                0x00000000000051b0      0x3dc C:\Users\Bogdan\mrs_community_workspace\WebServer\NetLib\libwchnet.a(ip_frag.o)
                0x00000000000051b0                ip_reass
 .text.ip_frag  0x000000000000558c      0x17e C:\Users\Bogdan\mrs_community_workspace\WebServer\NetLib\libwchnet.a(ip_frag.o)
                0x000000000000558c                ip_frag
 .text.dhcp_set_state
                0x000000000000570a        0xe C:\Users\Bogdan\mrs_community_workspace\WebServer\NetLib\libwchnet.a(dhcp.o)
 .text.dhcp_option
                0x0000000000005718       0x20 C:\Users\Bogdan\mrs_community_workspace\WebServer\NetLib\libwchnet.a(dhcp.o)
 .text.dhcp_option_byte
                0x0000000000005738       0x12 C:\Users\Bogdan\mrs_community_workspace\WebServer\NetLib\libwchnet.a(dhcp.o)
 .text.dhcp_option_long
                0x000000000000574a       0x48 C:\Users\Bogdan\mrs_community_workspace\WebServer\NetLib\libwchnet.a(dhcp.o)
 .text.dhcp_option_trailer
                0x0000000000005792       0x34 C:\Users\Bogdan\mrs_community_workspace\WebServer\NetLib\libwchnet.a(dhcp.o)
 .text.dhcp_create_request
                0x00000000000057c6      0x17e C:\Users\Bogdan\mrs_community_workspace\WebServer\NetLib\libwchnet.a(dhcp.o)
 .text.dhcp_delete_request
                0x0000000000005944       0x1e C:\Users\Bogdan\mrs_community_workspace\WebServer\NetLib\libwchnet.a(dhcp.o)
 .text.dhcp_arp_reply
                0x0000000000005962      0x182 C:\Users\Bogdan\mrs_community_workspace\WebServer\NetLib\libwchnet.a(dhcp.o)
                0x0000000000005962                dhcp_arp_reply
 .text.lwip_init
                0x0000000000005ae4       0x18 C:\Users\Bogdan\mrs_community_workspace\WebServer\NetLib\libwchnet.a(init.o)
                0x0000000000005ae4                lwip_init
 .text.mem_init
                0x0000000000005afc       0x3e C:\Users\Bogdan\mrs_community_workspace\WebServer\NetLib\libwchnet.a(mem.o)
                0x0000000000005afc                mem_init
 .text.mem_free
                0x0000000000005b3a       0x84 C:\Users\Bogdan\mrs_community_workspace\WebServer\NetLib\libwchnet.a(mem.o)
                0x0000000000005b3a                mem_free
 .text.mem_realloc
                0x0000000000005bbe       0xca C:\Users\Bogdan\mrs_community_workspace\WebServer\NetLib\libwchnet.a(mem.o)
                0x0000000000005bbe                mem_realloc
 .text.mem_malloc
                0x0000000000005c88       0xd0 C:\Users\Bogdan\mrs_community_workspace\WebServer\NetLib\libwchnet.a(mem.o)
                0x0000000000005c88                mem_malloc
 .text.memp_init
                0x0000000000005d58       0x50 C:\Users\Bogdan\mrs_community_workspace\WebServer\NetLib\libwchnet.a(memp.o)
                0x0000000000005d58                memp_init
 .text.memp_malloc
                0x0000000000005da8       0x20 C:\Users\Bogdan\mrs_community_workspace\WebServer\NetLib\libwchnet.a(memp.o)
                0x0000000000005da8                memp_malloc
 .text.memp_free
                0x0000000000005dc8       0x18 C:\Users\Bogdan\mrs_community_workspace\WebServer\NetLib\libwchnet.a(memp.o)
                0x0000000000005dc8                memp_free
 .text.netif_set_ipaddr
                0x0000000000005de0       0x96 C:\Users\Bogdan\mrs_community_workspace\WebServer\NetLib\libwchnet.a(netif.o)
                0x0000000000005de0                netif_set_ipaddr
 .text.netif_set_addr
                0x0000000000005e76       0x4e C:\Users\Bogdan\mrs_community_workspace\WebServer\NetLib\libwchnet.a(netif.o)
                0x0000000000005e76                netif_set_addr
 .text.netif_add
                0x0000000000005ec4       0x5a C:\Users\Bogdan\mrs_community_workspace\WebServer\NetLib\libwchnet.a(netif.o)
                0x0000000000005ec4                netif_add
 .text.netif_set_default
                0x0000000000005f1e        0x6 C:\Users\Bogdan\mrs_community_workspace\WebServer\NetLib\libwchnet.a(netif.o)
                0x0000000000005f1e                netif_set_default
 .text.netif_is_up
                0x0000000000005f24        0x8 C:\Users\Bogdan\mrs_community_workspace\WebServer\NetLib\libwchnet.a(netif.o)
                0x0000000000005f24                netif_is_up
 .text.pbuf_header
                0x0000000000005f2c       0x6e C:\Users\Bogdan\mrs_community_workspace\WebServer\NetLib\libwchnet.a(pbuf.o)
                0x0000000000005f2c                pbuf_header
 .text.pbuf_free
                0x0000000000005f9a       0x4e C:\Users\Bogdan\mrs_community_workspace\WebServer\NetLib\libwchnet.a(pbuf.o)
                0x0000000000005f9a                pbuf_free
 .text.pbuf_alloc
                0x0000000000005fe8      0x140 C:\Users\Bogdan\mrs_community_workspace\WebServer\NetLib\libwchnet.a(pbuf.o)
                0x0000000000005fe8                pbuf_alloc
 .text.pbuf_realloc
                0x0000000000006128       0x58 C:\Users\Bogdan\mrs_community_workspace\WebServer\NetLib\libwchnet.a(pbuf.o)
                0x0000000000006128                pbuf_realloc
 .text.pbuf_clen
                0x0000000000006180       0x12 C:\Users\Bogdan\mrs_community_workspace\WebServer\NetLib\libwchnet.a(pbuf.o)
                0x0000000000006180                pbuf_clen
 .text.pbuf_ref
                0x0000000000006192        0xa C:\Users\Bogdan\mrs_community_workspace\WebServer\NetLib\libwchnet.a(pbuf.o)
                0x0000000000006192                pbuf_ref
 .text.pbuf_cat
                0x000000000000619c       0x1c C:\Users\Bogdan\mrs_community_workspace\WebServer\NetLib\libwchnet.a(pbuf.o)
                0x000000000000619c                pbuf_cat
 .text.pbuf_chain
                0x00000000000061b8       0x14 C:\Users\Bogdan\mrs_community_workspace\WebServer\NetLib\libwchnet.a(pbuf.o)
                0x00000000000061b8                pbuf_chain
 .text.pbuf_copy
                0x00000000000061cc       0x9c C:\Users\Bogdan\mrs_community_workspace\WebServer\NetLib\libwchnet.a(pbuf.o)
                0x00000000000061cc                pbuf_copy
 .text.raw_input
                0x0000000000006268       0x68 C:\Users\Bogdan\mrs_community_workspace\WebServer\NetLib\libwchnet.a(raw.o)
                0x0000000000006268                raw_input
 .text.raw_bind
                0x00000000000062d0       0x1e C:\Users\Bogdan\mrs_community_workspace\WebServer\NetLib\libwchnet.a(raw.o)
                0x00000000000062d0                raw_bind
 .text.raw_connect
                0x00000000000062ee       0x1e C:\Users\Bogdan\mrs_community_workspace\WebServer\NetLib\libwchnet.a(raw.o)
                0x00000000000062ee                raw_connect
 .text.raw_recv
                0x000000000000630c        0x6 C:\Users\Bogdan\mrs_community_workspace\WebServer\NetLib\libwchnet.a(raw.o)
                0x000000000000630c                raw_recv
 .text.raw_sendto
                0x0000000000006312       0x7e C:\Users\Bogdan\mrs_community_workspace\WebServer\NetLib\libwchnet.a(raw.o)
                0x0000000000006312                raw_sendto
 .text.raw_send
                0x0000000000006390       0x10 C:\Users\Bogdan\mrs_community_workspace\WebServer\NetLib\libwchnet.a(raw.o)
                0x0000000000006390                raw_send
 .text.raw_remove
                0x00000000000063a0       0x30 C:\Users\Bogdan\mrs_community_workspace\WebServer\NetLib\libwchnet.a(raw.o)
                0x00000000000063a0                raw_remove
 .text.raw_new  0x00000000000063d0       0x30 C:\Users\Bogdan\mrs_community_workspace\WebServer\NetLib\libwchnet.a(raw.o)
                0x00000000000063d0                raw_new
 .text.tcp_accept_null
                0x0000000000006400        0x4 C:\Users\Bogdan\mrs_community_workspace\WebServer\NetLib\libwchnet.a(tcp.o)
 .text.tcp_new_port
                0x0000000000006404       0x5c C:\Users\Bogdan\mrs_community_workspace\WebServer\NetLib\libwchnet.a(tcp.o)
 .text.tcp_bind
                0x0000000000006460      0x116 C:\Users\Bogdan\mrs_community_workspace\WebServer\NetLib\libwchnet.a(tcp.o)
                0x0000000000006460                tcp_bind
 .text.tcp_listen_with_backlog
                0x0000000000006576       0x9a C:\Users\Bogdan\mrs_community_workspace\WebServer\NetLib\libwchnet.a(tcp.o)
                0x0000000000006576                tcp_listen_with_backlog
 .text.tcp_update_rcv_ann_wnd
                0x0000000000006610       0x48 C:\Users\Bogdan\mrs_community_workspace\WebServer\NetLib\libwchnet.a(tcp.o)
                0x0000000000006610                tcp_update_rcv_ann_wnd
 .text.tcp_recved
                0x0000000000006658       0x3c C:\Users\Bogdan\mrs_community_workspace\WebServer\NetLib\libwchnet.a(tcp.o)
                0x0000000000006658                tcp_recved
 .text.tcp_seg_free
                0x0000000000006694       0x2a C:\Users\Bogdan\mrs_community_workspace\WebServer\NetLib\libwchnet.a(tcp.o)
                0x0000000000006694                tcp_seg_free
 .text.tcp_segs_free
                0x00000000000066be       0x1e C:\Users\Bogdan\mrs_community_workspace\WebServer\NetLib\libwchnet.a(tcp.o)
                0x00000000000066be                tcp_segs_free
 .text.tcp_seg_copy
                0x00000000000066dc       0x28 C:\Users\Bogdan\mrs_community_workspace\WebServer\NetLib\libwchnet.a(tcp.o)
                0x00000000000066dc                tcp_seg_copy
 .text.tcp_arg  0x0000000000006704        0x4 C:\Users\Bogdan\mrs_community_workspace\WebServer\NetLib\libwchnet.a(tcp.o)
                0x0000000000006704                tcp_arg
 .text.tcp_recv
                0x0000000000006708        0x6 C:\Users\Bogdan\mrs_community_workspace\WebServer\NetLib\libwchnet.a(tcp.o)
                0x0000000000006708                tcp_recv
 .text.tcp_sent
                0x000000000000670e        0x6 C:\Users\Bogdan\mrs_community_workspace\WebServer\NetLib\libwchnet.a(tcp.o)
                0x000000000000670e                tcp_sent
 .text.tcp_err  0x0000000000006714        0x6 C:\Users\Bogdan\mrs_community_workspace\WebServer\NetLib\libwchnet.a(tcp.o)
                0x0000000000006714                tcp_err
 .text.tcp_accept
                0x000000000000671a        0x4 C:\Users\Bogdan\mrs_community_workspace\WebServer\NetLib\libwchnet.a(tcp.o)
                0x000000000000671a                tcp_accept
 .text.tcp_poll
                0x000000000000671e        0xa C:\Users\Bogdan\mrs_community_workspace\WebServer\NetLib\libwchnet.a(tcp.o)
                0x000000000000671e                tcp_poll
 .text.tcp_pcb_purge
                0x0000000000006728       0x4e C:\Users\Bogdan\mrs_community_workspace\WebServer\NetLib\libwchnet.a(tcp.o)
                0x0000000000006728                tcp_pcb_purge
 .text.tcp_slowtmr
                0x0000000000006776      0x2ba C:\Users\Bogdan\mrs_community_workspace\WebServer\NetLib\libwchnet.a(tcp.o)
                0x0000000000006776                tcp_slowtmr
 .text.tcp_pcb_remove
                0x0000000000006a30       0x72 C:\Users\Bogdan\mrs_community_workspace\WebServer\NetLib\libwchnet.a(tcp.o)
                0x0000000000006a30                tcp_pcb_remove
 .text.tcp_close
                0x0000000000006aa2       0xb2 C:\Users\Bogdan\mrs_community_workspace\WebServer\NetLib\libwchnet.a(tcp.o)
                0x0000000000006aa2                tcp_close
 .text.tcp_recv_null
                0x0000000000006b54       0x30 C:\Users\Bogdan\mrs_community_workspace\WebServer\NetLib\libwchnet.a(tcp.o)
                0x0000000000006b54                tcp_recv_null
 .text.tcp_fasttmr
                0x0000000000006b84       0x62 C:\Users\Bogdan\mrs_community_workspace\WebServer\NetLib\libwchnet.a(tcp.o)
                0x0000000000006b84                tcp_fasttmr
 .text.tcp_tmr  0x0000000000006be6       0x22 C:\Users\Bogdan\mrs_community_workspace\WebServer\NetLib\libwchnet.a(tcp.o)
                0x0000000000006be6                tcp_tmr
 .text.tcp_fastsendack
                0x0000000000006c08       0x7c C:\Users\Bogdan\mrs_community_workspace\WebServer\NetLib\libwchnet.a(tcp.o)
                0x0000000000006c08                tcp_fastsendack
 .text.tcp_abandon
                0x0000000000006c84       0x9a C:\Users\Bogdan\mrs_community_workspace\WebServer\NetLib\libwchnet.a(tcp.o)
                0x0000000000006c84                tcp_abandon
 .text.tcp_next_iss
                0x0000000000006d1e       0x10 C:\Users\Bogdan\mrs_community_workspace\WebServer\NetLib\libwchnet.a(tcp.o)
                0x0000000000006d1e                tcp_next_iss
 .text.tcp_alloc
                0x0000000000006d2e      0x134 C:\Users\Bogdan\mrs_community_workspace\WebServer\NetLib\libwchnet.a(tcp.o)
                0x0000000000006d2e                tcp_alloc
 .text.tcp_new  0x0000000000006e62       0x10 C:\Users\Bogdan\mrs_community_workspace\WebServer\NetLib\libwchnet.a(tcp.o)
                0x0000000000006e62                tcp_new
 .text.tcp_eff_send_mss
                0x0000000000006e72       0x2e C:\Users\Bogdan\mrs_community_workspace\WebServer\NetLib\libwchnet.a(tcp.o)
                0x0000000000006e72                tcp_eff_send_mss
 .text.RemoveTimeWaiTCP
                0x0000000000006ea0       0x32 C:\Users\Bogdan\mrs_community_workspace\WebServer\NetLib\libwchnet.a(tcp.o)
                0x0000000000006ea0                RemoveTimeWaiTCP
 .text.tcp_oos_insert_segment
                0x0000000000006ed2       0xce C:\Users\Bogdan\mrs_community_workspace\WebServer\NetLib\libwchnet.a(tcp_in.o)
 .text.tcp_receive
                0x0000000000006fa0      0x8f0 C:\Users\Bogdan\mrs_community_workspace\WebServer\NetLib\libwchnet.a(tcp_in.o)
 .text.tcp_parseopt.isra.0
                0x0000000000007890       0xa6 C:\Users\Bogdan\mrs_community_workspace\WebServer\NetLib\libwchnet.a(tcp_in.o)
 .text.tcp_input
                0x0000000000007936      0x9d6 C:\Users\Bogdan\mrs_community_workspace\WebServer\NetLib\libwchnet.a(tcp_in.o)
                0x0000000000007936                tcp_input
 .text.tcp_output_set_header.isra.0.constprop.1
                0x000000000000830c       0xd4 C:\Users\Bogdan\mrs_community_workspace\WebServer\NetLib\libwchnet.a(tcp_out.o)
 .text.tcp_enqueue
                0x00000000000083e0      0x448 C:\Users\Bogdan\mrs_community_workspace\WebServer\NetLib\libwchnet.a(tcp_out.o)
                0x00000000000083e0                tcp_enqueue
 .text.tcp_send_ctrl
                0x0000000000008828       0x16 C:\Users\Bogdan\mrs_community_workspace\WebServer\NetLib\libwchnet.a(tcp_out.o)
                0x0000000000008828                tcp_send_ctrl
 .text.tcp_write
                0x000000000000883e       0x30 C:\Users\Bogdan\mrs_community_workspace\WebServer\NetLib\libwchnet.a(tcp_out.o)
                0x000000000000883e                tcp_write
 .text.tcp_send_empty_ack
                0x000000000000886e       0x70 C:\Users\Bogdan\mrs_community_workspace\WebServer\NetLib\libwchnet.a(tcp_out.o)
                0x000000000000886e                tcp_send_empty_ack
 .text.tcp_output
                0x00000000000088de      0x368 C:\Users\Bogdan\mrs_community_workspace\WebServer\NetLib\libwchnet.a(tcp_out.o)
                0x00000000000088de                tcp_output
 .text.tcp_rst  0x0000000000008c46      0x108 C:\Users\Bogdan\mrs_community_workspace\WebServer\NetLib\libwchnet.a(tcp_out.o)
                0x0000000000008c46                tcp_rst
 .text.tcp_rexmit_rto
                0x0000000000008d4e       0x36 C:\Users\Bogdan\mrs_community_workspace\WebServer\NetLib\libwchnet.a(tcp_out.o)
                0x0000000000008d4e                tcp_rexmit_rto
 .text.tcp_rexmit
                0x0000000000008d84       0x7c C:\Users\Bogdan\mrs_community_workspace\WebServer\NetLib\libwchnet.a(tcp_out.o)
                0x0000000000008d84                tcp_rexmit
 .text.tcp_rexmit_fast
                0x0000000000008e00       0x62 C:\Users\Bogdan\mrs_community_workspace\WebServer\NetLib\libwchnet.a(tcp_out.o)
                0x0000000000008e00                tcp_rexmit_fast
 .text.tcp_keepalive
                0x0000000000008e62       0x5e C:\Users\Bogdan\mrs_community_workspace\WebServer\NetLib\libwchnet.a(tcp_out.o)
                0x0000000000008e62                tcp_keepalive
 .text.tcp_zero_window_probe
                0x0000000000008ec0       0xd2 C:\Users\Bogdan\mrs_community_workspace\WebServer\NetLib\libwchnet.a(tcp_out.o)
                0x0000000000008ec0                tcp_zero_window_probe
 .text.udp_input
                0x0000000000008f92      0x238 C:\Users\Bogdan\mrs_community_workspace\WebServer\NetLib\libwchnet.a(udp.o)
                0x0000000000008f92                udp_input
 .text.udp_bind
                0x00000000000091ca       0x9a C:\Users\Bogdan\mrs_community_workspace\WebServer\NetLib\libwchnet.a(udp.o)
                0x00000000000091ca                udp_bind
 .text.udp_sendto_if
                0x0000000000009264       0xd6 C:\Users\Bogdan\mrs_community_workspace\WebServer\NetLib\libwchnet.a(udp.o)
                0x0000000000009264                udp_sendto_if
 .text.udp_sendto
                0x000000000000933a       0x2e C:\Users\Bogdan\mrs_community_workspace\WebServer\NetLib\libwchnet.a(udp.o)
                0x000000000000933a                udp_sendto
 .text.udp_send
                0x0000000000009368       0x12 C:\Users\Bogdan\mrs_community_workspace\WebServer\NetLib\libwchnet.a(udp.o)
                0x0000000000009368                udp_send
 .text.udp_connect
                0x000000000000937a       0x7e C:\Users\Bogdan\mrs_community_workspace\WebServer\NetLib\libwchnet.a(udp.o)
                0x000000000000937a                udp_connect
 .text.udp_recv
                0x00000000000093f8        0x6 C:\Users\Bogdan\mrs_community_workspace\WebServer\NetLib\libwchnet.a(udp.o)
                0x00000000000093f8                udp_recv
 .text.udp_remove
                0x00000000000093fe       0x30 C:\Users\Bogdan\mrs_community_workspace\WebServer\NetLib\libwchnet.a(udp.o)
                0x00000000000093fe                udp_remove
 .text.udp_new  0x000000000000942e       0x24 C:\Users\Bogdan\mrs_community_workspace\WebServer\NetLib\libwchnet.a(udp.o)
                0x000000000000942e                udp_new
 .text.icmp_send_response.isra.0
                0x0000000000009452       0x74 C:\Users\Bogdan\mrs_community_workspace\WebServer\NetLib\libwchnet.a(icmp.o)
 .text.icmp_input
                0x00000000000094c6      0x250 C:\Users\Bogdan\mrs_community_workspace\WebServer\NetLib\libwchnet.a(icmp.o)
                0x00000000000094c6                icmp_input
 .text.icmp_dest_unreach
                0x0000000000009716       0x14 C:\Users\Bogdan\mrs_community_workspace\WebServer\NetLib\libwchnet.a(icmp.o)
                0x0000000000009716                icmp_dest_unreach
 .text.icmp_time_exceeded
                0x000000000000972a       0x14 C:\Users\Bogdan\mrs_community_workspace\WebServer\NetLib\libwchnet.a(icmp.o)
                0x000000000000972a                icmp_time_exceeded
 .text.lwip_standard_chksum
                0x000000000000973e       0x7e C:\Users\Bogdan\mrs_community_workspace\WebServer\NetLib\libwchnet.a(inet_chksum.o)
 .text.inet_chksum_pseudo
                0x00000000000097bc      0x10a C:\Users\Bogdan\mrs_community_workspace\WebServer\NetLib\libwchnet.a(inet_chksum.o)
                0x00000000000097bc                inet_chksum_pseudo
 .text.inet_chksum
                0x00000000000098c6       0x14 C:\Users\Bogdan\mrs_community_workspace\WebServer\NetLib\libwchnet.a(inet_chksum.o)
                0x00000000000098c6                inet_chksum
 .text.inet_chksum_pbuf
                0x00000000000098da       0x6a C:\Users\Bogdan\mrs_community_workspace\WebServer\NetLib\libwchnet.a(inet_chksum.o)
                0x00000000000098da                inet_chksum_pbuf
 .text.memcpy   0x0000000000009944       0xb6 c:/mounriver/mrs_community/toolchain/risc-v embedded gcc/bin/../lib/gcc/riscv-none-embed/8.2.0/../../../../riscv-none-embed/lib/rv32imac/ilp32\libg_nano.a(lib_a-memcpy.o)
                0x0000000000009944                memcpy
 .text.printf   0x00000000000099fa       0x42 c:/mounriver/mrs_community/toolchain/risc-v embedded gcc/bin/../lib/gcc/riscv-none-embed/8.2.0/../../../../riscv-none-embed/lib/rv32imac/ilp32\libg_nano.a(lib_a-printf.o)
                0x00000000000099fa                iprintf
                0x00000000000099fa                printf
 .text.putchar  0x0000000000009a3c       0x2a c:/mounriver/mrs_community/toolchain/risc-v embedded gcc/bin/../lib/gcc/riscv-none-embed/8.2.0/../../../../riscv-none-embed/lib/rv32imac/ilp32\libg_nano.a(lib_a-putchar.o)
                0x0000000000009a3c                putchar
 .text._puts_r  0x0000000000009a66       0xda c:/mounriver/mrs_community/toolchain/risc-v embedded gcc/bin/../lib/gcc/riscv-none-embed/8.2.0/../../../../riscv-none-embed/lib/rv32imac/ilp32\libg_nano.a(lib_a-puts.o)
                0x0000000000009a66                _puts_r
 .text.puts     0x0000000000009b40        0xc c:/mounriver/mrs_community/toolchain/risc-v embedded gcc/bin/../lib/gcc/riscv-none-embed/8.2.0/../../../../riscv-none-embed/lib/rv32imac/ilp32\libg_nano.a(lib_a-puts.o)
                0x0000000000009b40                puts
 .text.snprintf
                0x0000000000009b4c       0x70 c:/mounriver/mrs_community/toolchain/risc-v embedded gcc/bin/../lib/gcc/riscv-none-embed/8.2.0/../../../../riscv-none-embed/lib/rv32imac/ilp32\libg_nano.a(lib_a-snprintf.o)
                0x0000000000009b4c                sniprintf
                0x0000000000009b4c                snprintf
 .text.sprintf  0x0000000000009bbc       0x46 c:/mounriver/mrs_community/toolchain/risc-v embedded gcc/bin/../lib/gcc/riscv-none-embed/8.2.0/../../../../riscv-none-embed/lib/rv32imac/ilp32\libg_nano.a(lib_a-sprintf.o)
                0x0000000000009bbc                siprintf
                0x0000000000009bbc                sprintf
 .text.strcat   0x0000000000009c02       0x20 c:/mounriver/mrs_community/toolchain/risc-v embedded gcc/bin/../lib/gcc/riscv-none-embed/8.2.0/../../../../riscv-none-embed/lib/rv32imac/ilp32\libg_nano.a(lib_a-strcat.o)
                0x0000000000009c02                strcat
 .text.strcpy   0x0000000000009c22       0x12 c:/mounriver/mrs_community/toolchain/risc-v embedded gcc/bin/../lib/gcc/riscv-none-embed/8.2.0/../../../../riscv-none-embed/lib/rv32imac/ilp32\libg_nano.a(lib_a-strcpy.o)
                0x0000000000009c22                strcpy
 .text.strlen   0x0000000000009c34       0x12 c:/mounriver/mrs_community/toolchain/risc-v embedded gcc/bin/../lib/gcc/riscv-none-embed/8.2.0/../../../../riscv-none-embed/lib/rv32imac/ilp32\libg_nano.a(lib_a-strlen.o)
                0x0000000000009c34                strlen
 .text.strstr   0x0000000000009c46       0x3e c:/mounriver/mrs_community/toolchain/risc-v embedded gcc/bin/../lib/gcc/riscv-none-embed/8.2.0/../../../../riscv-none-embed/lib/rv32imac/ilp32\libg_nano.a(lib_a-strstr.o)
                0x0000000000009c46                strstr
 .text.strtok   0x0000000000009c84       0x7c c:/mounriver/mrs_community/toolchain/risc-v embedded gcc/bin/../lib/gcc/riscv-none-embed/8.2.0/../../../../riscv-none-embed/lib/rv32imac/ilp32\libg_nano.a(lib_a-strtok.o)
                0x0000000000009c84                strtok
 .text.__strtok_r
                0x0000000000009d00       0x5c c:/mounriver/mrs_community/toolchain/risc-v embedded gcc/bin/../lib/gcc/riscv-none-embed/8.2.0/../../../../riscv-none-embed/lib/rv32imac/ilp32\libg_nano.a(lib_a-strtok_r.o)
                0x0000000000009d00                __strtok_r
 .text.__swbuf_r
                0x0000000000009d5c       0xc0 c:/mounriver/mrs_community/toolchain/risc-v embedded gcc/bin/../lib/gcc/riscv-none-embed/8.2.0/../../../../riscv-none-embed/lib/rv32imac/ilp32\libg_nano.a(lib_a-wbuf.o)
                0x0000000000009d5c                __swbuf_r
 .text.__swsetup_r
                0x0000000000009e1c      0x10c c:/mounriver/mrs_community/toolchain/risc-v embedded gcc/bin/../lib/gcc/riscv-none-embed/8.2.0/../../../../riscv-none-embed/lib/rv32imac/ilp32\libg_nano.a(lib_a-wsetup.o)
                0x0000000000009e1c                __swsetup_r
 .text.__sflush_r
                0x0000000000009f28      0x13c c:/mounriver/mrs_community/toolchain/risc-v embedded gcc/bin/../lib/gcc/riscv-none-embed/8.2.0/../../../../riscv-none-embed/lib/rv32imac/ilp32\libg_nano.a(lib_a-fflush.o)
                0x0000000000009f28                __sflush_r
 .text._fflush_r
                0x000000000000a064       0x66 c:/mounriver/mrs_community/toolchain/risc-v embedded gcc/bin/../lib/gcc/riscv-none-embed/8.2.0/../../../../riscv-none-embed/lib/rv32imac/ilp32\libg_nano.a(lib_a-fflush.o)
                0x000000000000a064                _fflush_r
 .text.std      0x000000000000a0ca       0x6a c:/mounriver/mrs_community/toolchain/risc-v embedded gcc/bin/../lib/gcc/riscv-none-embed/8.2.0/../../../../riscv-none-embed/lib/rv32imac/ilp32\libg_nano.a(lib_a-findfp.o)
 .text._cleanup_r
                0x000000000000a134        0xa c:/mounriver/mrs_community/toolchain/risc-v embedded gcc/bin/../lib/gcc/riscv-none-embed/8.2.0/../../../../riscv-none-embed/lib/rv32imac/ilp32\libg_nano.a(lib_a-findfp.o)
                0x000000000000a134                _cleanup_r
 .text.__sfmoreglue
                0x000000000000a13e       0x46 c:/mounriver/mrs_community/toolchain/risc-v embedded gcc/bin/../lib/gcc/riscv-none-embed/8.2.0/../../../../riscv-none-embed/lib/rv32imac/ilp32\libg_nano.a(lib_a-findfp.o)
                0x000000000000a13e                __sfmoreglue
 .text.__sinit  0x000000000000a184       0x6c c:/mounriver/mrs_community/toolchain/risc-v embedded gcc/bin/../lib/gcc/riscv-none-embed/8.2.0/../../../../riscv-none-embed/lib/rv32imac/ilp32\libg_nano.a(lib_a-findfp.o)
                0x000000000000a184                __sinit
 .text.__sfp    0x000000000000a1f0       0xa0 c:/mounriver/mrs_community/toolchain/risc-v embedded gcc/bin/../lib/gcc/riscv-none-embed/8.2.0/../../../../riscv-none-embed/lib/rv32imac/ilp32\libg_nano.a(lib_a-findfp.o)
                0x000000000000a1f0                __sfp
 .text._fwalk_reent
                0x000000000000a290       0x6c c:/mounriver/mrs_community/toolchain/risc-v embedded gcc/bin/../lib/gcc/riscv-none-embed/8.2.0/../../../../riscv-none-embed/lib/rv32imac/ilp32\libg_nano.a(lib_a-fwalk.o)
                0x000000000000a290                _fwalk_reent
 .text.__swhatbuf_r
                0x000000000000a2fc       0x5a c:/mounriver/mrs_community/toolchain/risc-v embedded gcc/bin/../lib/gcc/riscv-none-embed/8.2.0/../../../../riscv-none-embed/lib/rv32imac/ilp32\libg_nano.a(lib_a-makebuf.o)
                0x000000000000a2fc                __swhatbuf_r
 .text.__smakebuf_r
                0x000000000000a356       0xa0 c:/mounriver/mrs_community/toolchain/risc-v embedded gcc/bin/../lib/gcc/riscv-none-embed/8.2.0/../../../../riscv-none-embed/lib/rv32imac/ilp32\libg_nano.a(lib_a-makebuf.o)
                0x000000000000a356                __smakebuf_r
 .text.malloc   0x000000000000a3f6        0xa c:/mounriver/mrs_community/toolchain/risc-v embedded gcc/bin/../lib/gcc/riscv-none-embed/8.2.0/../../../../riscv-none-embed/lib/rv32imac/ilp32\libg_nano.a(lib_a-malloc.o)
                0x000000000000a3f6                malloc
 .text._free_r  0x000000000000a400       0xa8 c:/mounriver/mrs_community/toolchain/risc-v embedded gcc/bin/../lib/gcc/riscv-none-embed/8.2.0/../../../../riscv-none-embed/lib/rv32imac/ilp32\libg_nano.a(lib_a-nano-freer.o)
                0x000000000000a400                _free_r
 .text._malloc_r
                0x000000000000a4a8       0xda c:/mounriver/mrs_community/toolchain/risc-v embedded gcc/bin/../lib/gcc/riscv-none-embed/8.2.0/../../../../riscv-none-embed/lib/rv32imac/ilp32\libg_nano.a(lib_a-nano-mallocr.o)
                0x000000000000a4a8                _malloc_r
 .text.__ssputs_r
                0x000000000000a582       0xee c:/mounriver/mrs_community/toolchain/risc-v embedded gcc/bin/../lib/gcc/riscv-none-embed/8.2.0/../../../../riscv-none-embed/lib/rv32imac/ilp32\libg_nano.a(lib_a-nano-svfprintf.o)
                0x000000000000a582                __ssputs_r
 .text._svfprintf_r
                0x000000000000a670      0x280 c:/mounriver/mrs_community/toolchain/risc-v embedded gcc/bin/../lib/gcc/riscv-none-embed/8.2.0/../../../../riscv-none-embed/lib/rv32imac/ilp32\libg_nano.a(lib_a-nano-svfprintf.o)
                0x000000000000a670                _svfiprintf_r
                0x000000000000a670                _svfprintf_r
 .text.__sfputc_r
                0x000000000000a8f0       0x2a c:/mounriver/mrs_community/toolchain/risc-v embedded gcc/bin/../lib/gcc/riscv-none-embed/8.2.0/../../../../riscv-none-embed/lib/rv32imac/ilp32\libg_nano.a(lib_a-nano-vfprintf.o)
 .text.__sfputs_r
                0x000000000000a91a       0x44 c:/mounriver/mrs_community/toolchain/risc-v embedded gcc/bin/../lib/gcc/riscv-none-embed/8.2.0/../../../../riscv-none-embed/lib/rv32imac/ilp32\libg_nano.a(lib_a-nano-vfprintf.o)
                0x000000000000a91a                __sfputs_r
 .text._vfprintf_r
                0x000000000000a95e      0x29e c:/mounriver/mrs_community/toolchain/risc-v embedded gcc/bin/../lib/gcc/riscv-none-embed/8.2.0/../../../../riscv-none-embed/lib/rv32imac/ilp32\libg_nano.a(lib_a-nano-vfprintf.o)
                0x000000000000a95e                _vfprintf_r
                0x000000000000a95e                _vfiprintf_r
 .text._printf_common
                0x000000000000abfc      0x10c c:/mounriver/mrs_community/toolchain/risc-v embedded gcc/bin/../lib/gcc/riscv-none-embed/8.2.0/../../../../riscv-none-embed/lib/rv32imac/ilp32\libg_nano.a(lib_a-nano-vfprintf_i.o)
                0x000000000000abfc                _printf_common
 .text._printf_i
                0x000000000000ad08      0x2aa c:/mounriver/mrs_community/toolchain/risc-v embedded gcc/bin/../lib/gcc/riscv-none-embed/8.2.0/../../../../riscv-none-embed/lib/rv32imac/ilp32\libg_nano.a(lib_a-nano-vfprintf_i.o)
                0x000000000000ad08                _printf_i
 .text._putc_r  0x000000000000afb2       0x86 c:/mounriver/mrs_community/toolchain/risc-v embedded gcc/bin/../lib/gcc/riscv-none-embed/8.2.0/../../../../riscv-none-embed/lib/rv32imac/ilp32\libg_nano.a(lib_a-putc.o)
                0x000000000000afb2                _putc_r
 .text._sbrk_r  0x000000000000b038       0x32 c:/mounriver/mrs_community/toolchain/risc-v embedded gcc/bin/../lib/gcc/riscv-none-embed/8.2.0/../../../../riscv-none-embed/lib/rv32imac/ilp32\libg_nano.a(lib_a-sbrkr.o)
                0x000000000000b038                _sbrk_r
 .text.__sread  0x000000000000b06a       0x30 c:/mounriver/mrs_community/toolchain/risc-v embedded gcc/bin/../lib/gcc/riscv-none-embed/8.2.0/../../../../riscv-none-embed/lib/rv32imac/ilp32\libg_nano.a(lib_a-stdio.o)
                0x000000000000b06a                __sread
 .text.__swrite
                0x000000000000b09a       0x4e c:/mounriver/mrs_community/toolchain/risc-v embedded gcc/bin/../lib/gcc/riscv-none-embed/8.2.0/../../../../riscv-none-embed/lib/rv32imac/ilp32\libg_nano.a(lib_a-stdio.o)
                0x000000000000b09a                __swrite
 .text.__sseek  0x000000000000b0e8       0x36 c:/mounriver/mrs_community/toolchain/risc-v embedded gcc/bin/../lib/gcc/riscv-none-embed/8.2.0/../../../../riscv-none-embed/lib/rv32imac/ilp32\libg_nano.a(lib_a-stdio.o)
                0x000000000000b0e8                __sseek
 .text.__sclose
                0x000000000000b11e        0x6 c:/mounriver/mrs_community/toolchain/risc-v embedded gcc/bin/../lib/gcc/riscv-none-embed/8.2.0/../../../../riscv-none-embed/lib/rv32imac/ilp32\libg_nano.a(lib_a-stdio.o)
                0x000000000000b11e                __sclose
 .text._write_r
                0x000000000000b124       0x36 c:/mounriver/mrs_community/toolchain/risc-v embedded gcc/bin/../lib/gcc/riscv-none-embed/8.2.0/../../../../riscv-none-embed/lib/rv32imac/ilp32\libg_nano.a(lib_a-writer.o)
                0x000000000000b124                _write_r
 .text._close_r
                0x000000000000b15a       0x30 c:/mounriver/mrs_community/toolchain/risc-v embedded gcc/bin/../lib/gcc/riscv-none-embed/8.2.0/../../../../riscv-none-embed/lib/rv32imac/ilp32\libg_nano.a(lib_a-closer.o)
                0x000000000000b15a                _close_r
 .text._fstat_r
                0x000000000000b18a       0x32 c:/mounriver/mrs_community/toolchain/risc-v embedded gcc/bin/../lib/gcc/riscv-none-embed/8.2.0/../../../../riscv-none-embed/lib/rv32imac/ilp32\libg_nano.a(lib_a-fstatr.o)
                0x000000000000b18a                _fstat_r
 .text._isatty_r
                0x000000000000b1bc       0x30 c:/mounriver/mrs_community/toolchain/risc-v embedded gcc/bin/../lib/gcc/riscv-none-embed/8.2.0/../../../../riscv-none-embed/lib/rv32imac/ilp32\libg_nano.a(lib_a-isattyr.o)
                0x000000000000b1bc                _isatty_r
 .text._lseek_r
                0x000000000000b1ec       0x34 c:/mounriver/mrs_community/toolchain/risc-v embedded gcc/bin/../lib/gcc/riscv-none-embed/8.2.0/../../../../riscv-none-embed/lib/rv32imac/ilp32\libg_nano.a(lib_a-lseekr.o)
                0x000000000000b1ec                _lseek_r
 .text.memchr   0x000000000000b220       0x1a c:/mounriver/mrs_community/toolchain/risc-v embedded gcc/bin/../lib/gcc/riscv-none-embed/8.2.0/../../../../riscv-none-embed/lib/rv32imac/ilp32\libg_nano.a(lib_a-memchr.o)
                0x000000000000b220                memchr
 .text.memmove  0x000000000000b23a       0x4a c:/mounriver/mrs_community/toolchain/risc-v embedded gcc/bin/../lib/gcc/riscv-none-embed/8.2.0/../../../../riscv-none-embed/lib/rv32imac/ilp32\libg_nano.a(lib_a-memmove.o)
                0x000000000000b23a                memmove
 .text.__malloc_lock
                0x000000000000b284        0x2 c:/mounriver/mrs_community/toolchain/risc-v embedded gcc/bin/../lib/gcc/riscv-none-embed/8.2.0/../../../../riscv-none-embed/lib/rv32imac/ilp32\libg_nano.a(lib_a-mlock.o)
                0x000000000000b284                __malloc_lock
 .text.__malloc_unlock
                0x000000000000b286        0x2 c:/mounriver/mrs_community/toolchain/risc-v embedded gcc/bin/../lib/gcc/riscv-none-embed/8.2.0/../../../../riscv-none-embed/lib/rv32imac/ilp32\libg_nano.a(lib_a-mlock.o)
                0x000000000000b286                __malloc_unlock
 .text._realloc_r
                0x000000000000b288       0x58 c:/mounriver/mrs_community/toolchain/risc-v embedded gcc/bin/../lib/gcc/riscv-none-embed/8.2.0/../../../../riscv-none-embed/lib/rv32imac/ilp32\libg_nano.a(lib_a-nano-reallocr.o)
                0x000000000000b288                _realloc_r
 .text._read_r  0x000000000000b2e0       0x34 c:/mounriver/mrs_community/toolchain/risc-v embedded gcc/bin/../lib/gcc/riscv-none-embed/8.2.0/../../../../riscv-none-embed/lib/rv32imac/ilp32\libg_nano.a(lib_a-readr.o)
                0x000000000000b2e0                _read_r
 .text._malloc_usable_size_r
                0x000000000000b314       0x14 c:/mounriver/mrs_community/toolchain/risc-v embedded gcc/bin/../lib/gcc/riscv-none-embed/8.2.0/../../../../riscv-none-embed/lib/rv32imac/ilp32\libg_nano.a(lib_a-nano-msizer.o)
                0x000000000000b314                _malloc_usable_size_r
 .text._close   0x000000000000b328       0x10 c:/mounriver/mrs_community/toolchain/risc-v embedded gcc/bin/../lib/gcc/riscv-none-embed/8.2.0/../../../../riscv-none-embed/lib/rv32imac/ilp32\libnosys.a(close.o)
                0x000000000000b328                _close
 .text._fstat   0x000000000000b338       0x10 c:/mounriver/mrs_community/toolchain/risc-v embedded gcc/bin/../lib/gcc/riscv-none-embed/8.2.0/../../../../riscv-none-embed/lib/rv32imac/ilp32\libnosys.a(fstat.o)
                0x000000000000b338                _fstat
 .text._isatty  0x000000000000b348       0x10 c:/mounriver/mrs_community/toolchain/risc-v embedded gcc/bin/../lib/gcc/riscv-none-embed/8.2.0/../../../../riscv-none-embed/lib/rv32imac/ilp32\libnosys.a(isatty.o)
                0x000000000000b348                _isatty
 .text._lseek   0x000000000000b358       0x10 c:/mounriver/mrs_community/toolchain/risc-v embedded gcc/bin/../lib/gcc/riscv-none-embed/8.2.0/../../../../riscv-none-embed/lib/rv32imac/ilp32\libnosys.a(lseek.o)
                0x000000000000b358                _lseek
 .text._read    0x000000000000b368       0x10 c:/mounriver/mrs_community/toolchain/risc-v embedded gcc/bin/../lib/gcc/riscv-none-embed/8.2.0/../../../../riscv-none-embed/lib/rv32imac/ilp32\libnosys.a(read.o)
                0x000000000000b368                _read
 *(.rodata)
 *fill*         0x000000000000b378        0x0 
 .rodata        0x000000000000b378        0x3 ./HTTP/HTTPS.o
 *(.rodata*)
 *fill*         0x000000000000b37b        0x1 
 .rodata.EXTI3_IRQHandler.str1.4
                0x000000000000b37c        0xd ./User/ch32v30x_it.o
 *fill*         0x000000000000b389        0x3 
 .rodata.HardFault_Handler.str1.4
                0x000000000000b38c       0x42 ./User/ch32v30x_it.o
 *fill*         0x000000000000b3ce        0x2 
 .rodata.WCHNET_CreateHTTPSocket.str1.4
                0x000000000000b3d0       0x14 ./User/main.o
 .rodata.WCHNET_CreateMODBUSSocket.str1.4
                0x000000000000b3e4       0x16 ./User/main.o
 *fill*         0x000000000000b3fa        0x2 
 .rodata.WCHNET_HandleGlobalInt.str1.4
                0x000000000000b3fc       0x3e ./User/main.o
 *fill*         0x000000000000b43a        0x2 
 .rodata.WCHNET_HandleSockInt.str1.4
                0x000000000000b43c       0x6a ./User/main.o
 *fill*         0x000000000000b4a6        0x2 
 .rodata.mStopIfError.str1.4
                0x000000000000b4a8        0xe ./User/main.o
 *fill*         0x000000000000b4b6        0x2 
 .rodata.main.str1.4
                0x000000000000b4b8       0x83 ./User/main.o
 *fill*         0x000000000000b53b        0x1 
 .rodata.str1.4
                0x000000000000b53c       0xbf ./User/main.o
 *fill*         0x000000000000b5fb        0x1 
 .rodata.MemNum
                0x000000000000b5fc       0x10 ./NetLib/eth_driver_10M.o
                0x000000000000b5fc                MemNum
 .rodata.MemSize
                0x000000000000b60c       0x10 ./NetLib/eth_driver_10M.o
                0x000000000000b60c                MemSize
 .rodata.MB_TCP_RSP
                0x000000000000b61c       0x40 ./Modbus/Modbus_TCP_slave.o
 .rodata.MB_Parse_Data.str1.4
                0x000000000000b65c       0xa8 ./Modbus/Modbus_TCP_slave.o
 .rodata.TCP_RSP_03_04.str1.4
                0x000000000000b704       0x31 ./Modbus/Modbus_TCP_slave.o
 *fill*         0x000000000000b735        0x3 
 .rodata.TCP_RSP_05.str1.4
                0x000000000000b738       0x21 ./Modbus/Modbus_TCP_slave.o
 *fill*         0x000000000000b759        0x3 
 .rodata.MakeHttpResponse.str1.4
                0x000000000000b75c       0x41 ./HTTP/HTTPS.o
                                         0x45 (size before relaxing)
 *fill*         0x000000000000b79d        0x3 
 .rodata.ParseHttpRequest.str1.4
                0x000000000000b7a0        0x8 ./HTTP/HTTPS.o
                                          0xa (size before relaxing)
 .rodata.ParseURLType.str1.4
                0x000000000000b7a8        0xd ./HTTP/HTTPS.o
 *fill*         0x000000000000b7b5        0x3 
 .rodata.Web_Server.str1.4
                0x000000000000b7b8       0x19 ./HTTP/HTTPS.o
 *fill*         0x000000000000b7d1        0x3 
 .rodata.ErrTable
                0x000000000000b7d4       0x10 C:\Users\Bogdan\mrs_community_workspace\WebServer\NetLib\libwchnet.a(socket.o)
                0x000000000000b7d4                ErrTable
 .rodata.tcp_close
                0x000000000000b7e4       0x20 C:\Users\Bogdan\mrs_community_workspace\WebServer\NetLib\libwchnet.a(tcp.o)
 .rodata.tcp_backoff
                0x000000000000b804        0xd C:\Users\Bogdan\mrs_community_workspace\WebServer\NetLib\libwchnet.a(tcp.o)
                0x000000000000b804                tcp_backoff
 *fill*         0x000000000000b811        0x3 
 .rodata.tcp_input
                0x000000000000b814       0x20 C:\Users\Bogdan\mrs_community_workspace\WebServer\NetLib\libwchnet.a(tcp_in.o)
 .rodata.__sf_fake_stderr
                0x000000000000b834       0x20 c:/mounriver/mrs_community/toolchain/risc-v embedded gcc/bin/../lib/gcc/riscv-none-embed/8.2.0/../../../../riscv-none-embed/lib/rv32imac/ilp32\libg_nano.a(lib_a-findfp.o)
                0x000000000000b834                __sf_fake_stderr
 .rodata.__sf_fake_stdin
                0x000000000000b854       0x20 c:/mounriver/mrs_community/toolchain/risc-v embedded gcc/bin/../lib/gcc/riscv-none-embed/8.2.0/../../../../riscv-none-embed/lib/rv32imac/ilp32\libg_nano.a(lib_a-findfp.o)
                0x000000000000b854                __sf_fake_stdin
 .rodata.__sf_fake_stdout
                0x000000000000b874       0x20 c:/mounriver/mrs_community/toolchain/risc-v embedded gcc/bin/../lib/gcc/riscv-none-embed/8.2.0/../../../../riscv-none-embed/lib/rv32imac/ilp32\libg_nano.a(lib_a-findfp.o)
                0x000000000000b874                __sf_fake_stdout
 .rodata._svfprintf_r.str1.4
                0x000000000000b894       0x13 c:/mounriver/mrs_community/toolchain/risc-v embedded gcc/bin/../lib/gcc/riscv-none-embed/8.2.0/../../../../riscv-none-embed/lib/rv32imac/ilp32\libg_nano.a(lib_a-nano-svfprintf.o)
 .rodata._vfprintf_r.str1.4
                0x000000000000b8a7       0x13 c:/mounriver/mrs_community/toolchain/risc-v embedded gcc/bin/../lib/gcc/riscv-none-embed/8.2.0/../../../../riscv-none-embed/lib/rv32imac/ilp32\libg_nano.a(lib_a-nano-vfprintf.o)
 *fill*         0x000000000000b8a7        0x1 
 .rodata._printf_i.str1.4
                0x000000000000b8a8       0x28 c:/mounriver/mrs_community/toolchain/risc-v embedded gcc/bin/../lib/gcc/riscv-none-embed/8.2.0/../../../../riscv-none-embed/lib/rv32imac/ilp32\libg_nano.a(lib_a-nano-vfprintf_i.o)
                                         0x25 (size before relaxing)
 *(.gnu.linkonce.t.*)
                0x000000000000b8d0                . = ALIGN (0x4)

.rela.dyn       0x000000000000b8d0        0x0
 .rela.init     0x000000000000b8d0        0x0 ./User/ch32v30x_it.o
 .rela.vector   0x000000000000b8d0        0x0 ./User/ch32v30x_it.o
 .rela.text.handle_reset
                0x000000000000b8d0        0x0 ./User/ch32v30x_it.o
 .rela.text._sbrk
                0x000000000000b8d0        0x0 ./User/ch32v30x_it.o
 .rela.sdata.curbrk.5593
                0x000000000000b8d0        0x0 ./User/ch32v30x_it.o
 .rela.text._svfprintf_r
                0x000000000000b8d0        0x0 ./User/ch32v30x_it.o
 .rela.text._vfprintf_r
                0x000000000000b8d0        0x0 ./User/ch32v30x_it.o
 .rela.text._sbrk_r
                0x000000000000b8d0        0x0 ./User/ch32v30x_it.o
 .rela.text._write_r
                0x000000000000b8d0        0x0 ./User/ch32v30x_it.o
 .rela.text._close_r
                0x000000000000b8d0        0x0 ./User/ch32v30x_it.o
 .rela.text._fstat_r
                0x000000000000b8d0        0x0 ./User/ch32v30x_it.o
 .rela.text._isatty_r
                0x000000000000b8d0        0x0 ./User/ch32v30x_it.o
 .rela.text._lseek_r
                0x000000000000b8d0        0x0 ./User/ch32v30x_it.o
 .rela.text._read_r
                0x000000000000b8d0        0x0 ./User/ch32v30x_it.o
 .rela.text._close
                0x000000000000b8d0        0x0 ./User/ch32v30x_it.o
 .rela.text._fstat
                0x000000000000b8d0        0x0 ./User/ch32v30x_it.o
 .rela.text._isatty
                0x000000000000b8d0        0x0 ./User/ch32v30x_it.o
 .rela.text._lseek
                0x000000000000b8d0        0x0 ./User/ch32v30x_it.o
 .rela.text._read
                0x000000000000b8d0        0x0 ./User/ch32v30x_it.o

.fini           0x000000000000b8d0        0x0
 *(SORT_NONE(.fini))
                0x000000000000b8d0                . = ALIGN (0x4)
                [!provide]                        PROVIDE (_etext = .)
                [!provide]                        PROVIDE (_eitcm = .)

.preinit_array  0x000000000000b8d0        0x0
                [!provide]                        PROVIDE (__preinit_array_start = .)
 *(.preinit_array)
                [!provide]                        PROVIDE (__preinit_array_end = .)

.init_array     0x000000000000b8d0        0x0
                [!provide]                        PROVIDE (__init_array_start = .)
 *(SORT_BY_INIT_PRIORITY(.init_array.*) SORT_BY_INIT_PRIORITY(.ctors.*))
 *(.init_array EXCLUDE_FILE(*crtend?.o *crtend.o *crtbegin?.o *crtbegin.o) .ctors)
                [!provide]                        PROVIDE (__init_array_end = .)

.fini_array     0x000000000000b8d0        0x0
                [!provide]                        PROVIDE (__fini_array_start = .)
 *(SORT_BY_INIT_PRIORITY(.fini_array.*) SORT_BY_INIT_PRIORITY(.dtors.*))
 *(.fini_array EXCLUDE_FILE(*crtend?.o *crtend.o *crtbegin?.o *crtbegin.o) .dtors)
                [!provide]                        PROVIDE (__fini_array_end = .)

.ctors
 *crtbegin.o(.ctors)
 *crtbegin?.o(.ctors)
 *(EXCLUDE_FILE(*crtend?.o *crtend.o) .ctors)
 *(SORT_BY_NAME(.ctors.*))
 *(.ctors)

.dtors
 *crtbegin.o(.dtors)
 *crtbegin?.o(.dtors)
 *(EXCLUDE_FILE(*crtend?.o *crtend.o) .dtors)
 *(SORT_BY_NAME(.dtors.*))
 *(.dtors)

.dalign         0x0000000020000000        0x0 load address 0x000000000000b8d0
                0x0000000020000000                . = ALIGN (0x4)
                0x0000000020000000                PROVIDE (_data_vma = .)

.dlalign        0x000000000000b8d0        0x0
                0x000000000000b8d0                . = ALIGN (0x4)
                0x000000000000b8d0                PROVIDE (_data_lma = .)

.data           0x0000000020000000      0x110 load address 0x000000000000b8d0
 *(.gnu.linkonce.r.*)
 *(.data .data.*)
 .data.PARAMETERSNameBuffer
                0x0000000020000000       0x30 ./User/main.o
                0x0000000020000000                PARAMETERSNameBuffer
 .data.AHBPrescTable
                0x0000000020000030       0x10 ./User/system_ch32v30x.o
                0x0000000020000030                AHBPrescTable
 .data.APBAHBPrescTable
                0x0000000020000040       0x10 ./Peripheral/src/ch32v30x_rcc.o
 .data.impure_data
                0x0000000020000050       0x60 c:/mounriver/mrs_community/toolchain/risc-v embedded gcc/bin/../lib/gcc/riscv-none-embed/8.2.0/../../../../riscv-none-embed/lib/rv32imac/ilp32\libg_nano.a(lib_a-impure.o)
 *(.gnu.linkonce.d.*)
                0x00000000200000b0                . = ALIGN (0x8)
                0x00000000200008b0                PROVIDE (__global_pointer$ = (. + 0x800))
 *(.sdata .sdata.*)
 .sdata.GWIPAddr
                0x00000000200000b0        0x4 ./User/main.o
                0x00000000200000b0                GWIPAddr
 .sdata.IPAddr  0x00000000200000b4        0x4 ./User/main.o
                0x00000000200000b4                IPAddr
 .sdata.IPMask  0x00000000200000b8        0x4 ./User/main.o
                0x00000000200000b8                IPMask
 .sdata.SystemCoreClock
                0x00000000200000bc        0x4 ./User/system_ch32v30x.o
                0x00000000200000bc                SystemCoreClock
 .sdata.ADCPrescTable
                0x00000000200000c0        0x4 ./Peripheral/src/ch32v30x_rcc.o
 .sdata.LinkTaskPeriod
                0x00000000200000c4        0x1 ./NetLib/eth_driver_10M.o
                0x00000000200000c4                LinkTaskPeriod
 .sdata.phyPN   0x00000000200000c5        0x1 ./NetLib/eth_driver_10M.o
                0x00000000200000c5                phyPN
 *fill*         0x00000000200000c6        0x2 
 .sdata.curbrk.5593
                0x00000000200000c8        0x4 ./Debug/debug.o
 .sdata.arp_table
                0x00000000200000cc        0x4 C:\Users\Bogdan\mrs_community_workspace\WebServer\NetLib\libwchnet.a(etharp.o)
                0x00000000200000cc                arp_table
 .sdata.xid.3256
                0x00000000200000d0        0x4 C:\Users\Bogdan\mrs_community_workspace\WebServer\NetLib\libwchnet.a(dhcp.o)
 .sdata.memp_num
                0x00000000200000d4        0x4 C:\Users\Bogdan\mrs_community_workspace\WebServer\NetLib\libwchnet.a(memp.o)
                0x00000000200000d4                memp_num
 .sdata.memp_sizes
                0x00000000200000d8        0x4 C:\Users\Bogdan\mrs_community_workspace\WebServer\NetLib\libwchnet.a(memp.o)
                0x00000000200000d8                memp_sizes
 .sdata.iss.3186
                0x00000000200000dc        0x4 C:\Users\Bogdan\mrs_community_workspace\WebServer\NetLib\libwchnet.a(tcp.o)
 .sdata.port.3018
                0x00000000200000e0        0x2 C:\Users\Bogdan\mrs_community_workspace\WebServer\NetLib\libwchnet.a(tcp.o)
 *fill*         0x00000000200000e2        0x2 
 .sdata._impure_ptr
                0x00000000200000e4        0x4 c:/mounriver/mrs_community/toolchain/risc-v embedded gcc/bin/../lib/gcc/riscv-none-embed/8.2.0/../../../../riscv-none-embed/lib/rv32imac/ilp32\libg_nano.a(lib_a-impure.o)
                0x00000000200000e4                _impure_ptr
 *(.sdata2.*)
 .sdata2.ethbroadcast
                0x00000000200000e8        0x6 C:\Users\Bogdan\mrs_community_workspace\WebServer\NetLib\libwchnet.a(etharp.o)
                0x00000000200000e8                ethbroadcast
 *fill*         0x00000000200000ee        0x2 
 .sdata2.ethzero
                0x00000000200000f0        0x6 C:\Users\Bogdan\mrs_community_workspace\WebServer\NetLib\libwchnet.a(etharp.o)
                0x00000000200000f0                ethzero
 *fill*         0x00000000200000f6        0x2 
 .sdata2.ip_addr_any
                0x00000000200000f8        0x4 C:\Users\Bogdan\mrs_community_workspace\WebServer\NetLib\libwchnet.a(ip_addr.o)
                0x00000000200000f8                ip_addr_any
 .sdata2.ip_addr_broadcast
                0x00000000200000fc        0x4 C:\Users\Bogdan\mrs_community_workspace\WebServer\NetLib\libwchnet.a(ip_addr.o)
                0x00000000200000fc                ip_addr_broadcast
 .sdata2.tcp_persist_backoff
                0x0000000020000100        0x7 C:\Users\Bogdan\mrs_community_workspace\WebServer\NetLib\libwchnet.a(tcp.o)
                0x0000000020000100                tcp_persist_backoff
 *fill*         0x0000000020000107        0x1 
 .sdata2._global_impure_ptr